Archive member included to satisfy reference by file (symbol)

c:/intelfpga_lite/20.1/nios2eds/bin/gnu/h-x86_64-mingw32/bin/../lib/gcc/nios2-elf/10.1.1/mno-hw-mul\libgcc.a(lib2-divmod.o)
                              obj/default/hello_world_small.o (__udivsi3)
c:/Users/leahy/Documents/TEC/II-SEM-2021/SistemasEmbebidos/Proyecto-2-Embebidos/cpu/software/alarm_bsp/\libhal_bsp.a(alt_iic.o)
                              obj/default/hello_world_small.o (alt_ic_isr_register)
c:/Users/leahy/Documents/TEC/II-SEM-2021/SistemasEmbebidos/Proyecto-2-Embebidos/cpu/software/alarm_bsp/\libhal_bsp.a(alt_iic_isr_register.o)
                              c:/Users/leahy/Documents/TEC/II-SEM-2021/SistemasEmbebidos/Proyecto-2-Embebidos/cpu/software/alarm_bsp/\libhal_bsp.a(alt_iic.o) (alt_iic_isr_register)
c:/Users/leahy/Documents/TEC/II-SEM-2021/SistemasEmbebidos/Proyecto-2-Embebidos/cpu/software/alarm_bsp/\libhal_bsp.a(alt_irq_entry.o)
                              c:/Users/leahy/Documents/TEC/II-SEM-2021/SistemasEmbebidos/Proyecto-2-Embebidos/cpu/software/alarm_bsp/\libhal_bsp.a(alt_iic_isr_register.o) (alt_irq_entry)
c:/Users/leahy/Documents/TEC/II-SEM-2021/SistemasEmbebidos/Proyecto-2-Embebidos/cpu/software/alarm_bsp/\libhal_bsp.a(alt_irq_handler.o)
                              c:/Users/leahy/Documents/TEC/II-SEM-2021/SistemasEmbebidos/Proyecto-2-Embebidos/cpu/software/alarm_bsp/\libhal_bsp.a(alt_iic_isr_register.o) (alt_irq_handler)
c:/Users/leahy/Documents/TEC/II-SEM-2021/SistemasEmbebidos/Proyecto-2-Embebidos/cpu/software/alarm_bsp/\libhal_bsp.a(alt_irq_register.o)
                              obj/default/hello_world_small.o (alt_irq_register)
c:/Users/leahy/Documents/TEC/II-SEM-2021/SistemasEmbebidos/Proyecto-2-Embebidos/cpu/software/alarm_bsp/\libhal_bsp.a(alt_irq_vars.o)
                              c:/Users/leahy/Documents/TEC/II-SEM-2021/SistemasEmbebidos/Proyecto-2-Embebidos/cpu/software/alarm_bsp/\libhal_bsp.a(alt_iic.o) (alt_irq_active)
c:/Users/leahy/Documents/TEC/II-SEM-2021/SistemasEmbebidos/Proyecto-2-Embebidos/cpu/software/alarm_bsp/\libhal_bsp.a(alt_load.o)
                              c:/Users/leahy/Documents/TEC/II-SEM-2021/SistemasEmbebidos/Proyecto-2-Embebidos/cpu/software/alarm_bsp//obj/HAL/src/crt0.o (alt_load)
c:/Users/leahy/Documents/TEC/II-SEM-2021/SistemasEmbebidos/Proyecto-2-Embebidos/cpu/software/alarm_bsp/\libhal_bsp.a(alt_main.o)
                              c:/Users/leahy/Documents/TEC/II-SEM-2021/SistemasEmbebidos/Proyecto-2-Embebidos/cpu/software/alarm_bsp//obj/HAL/src/crt0.o (alt_main)
c:/Users/leahy/Documents/TEC/II-SEM-2021/SistemasEmbebidos/Proyecto-2-Embebidos/cpu/software/alarm_bsp/\libhal_bsp.a(alt_sys_init.o)
                              c:/Users/leahy/Documents/TEC/II-SEM-2021/SistemasEmbebidos/Proyecto-2-Embebidos/cpu/software/alarm_bsp/\libhal_bsp.a(alt_main.o) (alt_irq_init)
c:/Users/leahy/Documents/TEC/II-SEM-2021/SistemasEmbebidos/Proyecto-2-Embebidos/cpu/software/alarm_bsp/\libhal_bsp.a(alt_dcache_flush_all.o)
                              c:/Users/leahy/Documents/TEC/II-SEM-2021/SistemasEmbebidos/Proyecto-2-Embebidos/cpu/software/alarm_bsp/\libhal_bsp.a(alt_load.o) (alt_dcache_flush_all)
c:/Users/leahy/Documents/TEC/II-SEM-2021/SistemasEmbebidos/Proyecto-2-Embebidos/cpu/software/alarm_bsp/\libhal_bsp.a(alt_exception_entry.o)
                              c:/Users/leahy/Documents/TEC/II-SEM-2021/SistemasEmbebidos/Proyecto-2-Embebidos/cpu/software/alarm_bsp/\libhal_bsp.a(alt_irq_entry.o) (alt_exception)
c:/Users/leahy/Documents/TEC/II-SEM-2021/SistemasEmbebidos/Proyecto-2-Embebidos/cpu/software/alarm_bsp/\libhal_bsp.a(alt_icache_flush_all.o)
                              c:/Users/leahy/Documents/TEC/II-SEM-2021/SistemasEmbebidos/Proyecto-2-Embebidos/cpu/software/alarm_bsp/\libhal_bsp.a(alt_load.o) (alt_icache_flush_all)
c:/Users/leahy/Documents/TEC/II-SEM-2021/SistemasEmbebidos/Proyecto-2-Embebidos/cpu/software/alarm_bsp/\libhal_bsp.a(alt_instruction_exception_entry.o)
                              c:/Users/leahy/Documents/TEC/II-SEM-2021/SistemasEmbebidos/Proyecto-2-Embebidos/cpu/software/alarm_bsp/\libhal_bsp.a(alt_exception_entry.o) (alt_instruction_exception_entry)
c:/Users/leahy/Documents/TEC/II-SEM-2021/SistemasEmbebidos/Proyecto-2-Embebidos/cpu/software/alarm_bsp/\libhal_bsp.a(altera_nios2_gen2_irq.o)
                              c:/Users/leahy/Documents/TEC/II-SEM-2021/SistemasEmbebidos/Proyecto-2-Embebidos/cpu/software/alarm_bsp/\libhal_bsp.a(alt_sys_init.o) (altera_nios2_gen2_irq_init)
c:/intelfpga_lite/20.1/nios2eds/bin/gnu/h-x86_64-mingw32/bin/../lib/gcc/nios2-elf/10.1.1/../../../../../H-x86_64-mingw32/nios2-elf/lib/mno-hw-mul\libsmallc.a(lib_a-memcpy.o)
                              c:/Users/leahy/Documents/TEC/II-SEM-2021/SistemasEmbebidos/Proyecto-2-Embebidos/cpu/software/alarm_bsp/\libhal_bsp.a(alt_load.o) (memcpy)

Memory Configuration

Name             Origin             Length             Attributes
reset            0x0000000000002000 0x0000000000000020
RAM              0x0000000000002020 0x00000000000013e0
*default*        0x0000000000000000 0xffffffffffffffff

Linker script and memory map

LOAD c:/Users/leahy/Documents/TEC/II-SEM-2021/SistemasEmbebidos/Proyecto-2-Embebidos/cpu/software/alarm_bsp//obj/HAL/src/crt0.o
LOAD obj/default/hello_world_small.o
LOAD c:/intelfpga_lite/20.1/nios2eds/bin/gnu/h-x86_64-mingw32/bin/../lib/gcc/nios2-elf/10.1.1/../../../../../H-x86_64-mingw32/nios2-elf/lib/mno-hw-mul\libstdc++.a
LOAD c:/intelfpga_lite/20.1/nios2eds/bin/gnu/h-x86_64-mingw32/bin/../lib/gcc/nios2-elf/10.1.1/../../../../../H-x86_64-mingw32/nios2-elf/lib/mno-hw-mul\libm.a
LOAD c:/intelfpga_lite/20.1/nios2eds/bin/gnu/h-x86_64-mingw32/bin/../lib/gcc/nios2-elf/10.1.1/mno-hw-mul\libgcc.a
START GROUP
LOAD c:/intelfpga_lite/20.1/nios2eds/bin/gnu/h-x86_64-mingw32/bin/../lib/gcc/nios2-elf/10.1.1/../../../../../H-x86_64-mingw32/nios2-elf/lib/mno-hw-mul\libsmallc.a
LOAD c:/intelfpga_lite/20.1/nios2eds/bin/gnu/h-x86_64-mingw32/bin/../lib/gcc/nios2-elf/10.1.1/mno-hw-mul\libgcc.a
LOAD c:/Users/leahy/Documents/TEC/II-SEM-2021/SistemasEmbebidos/Proyecto-2-Embebidos/cpu/software/alarm_bsp/\libhal_bsp.a
LOAD c:/intelfpga_lite/20.1/nios2eds/bin/gnu/h-x86_64-mingw32/bin/../lib/gcc/nios2-elf/10.1.1/../../../../../H-x86_64-mingw32/nios2-elf/lib/mno-hw-mul\libm.a
END GROUP
LOAD c:/intelfpga_lite/20.1/nios2eds/bin/gnu/h-x86_64-mingw32/bin/../lib/gcc/nios2-elf/10.1.1/mno-hw-mul\libgcc.a
                0x0000000000002000                __alt_mem_RAM = 0x2000

.entry          0x0000000000002000       0x20
 *(.entry)
 .entry         0x0000000000002000       0x20 c:/Users/leahy/Documents/TEC/II-SEM-2021/SistemasEmbebidos/Proyecto-2-Embebidos/cpu/software/alarm_bsp//obj/HAL/src/crt0.o
                0x0000000000002000                __reset
                0x000000000000200c                _exit

.exceptions     0x0000000000002020      0x160
                0x0000000000002020                PROVIDE (__ram_exceptions_start = ABSOLUTE (.))
                0x0000000000002020                . = ALIGN (0x20)
 *(.irq)
 *(.exceptions.entry.label)
 .exceptions.entry.label
                0x0000000000002020        0x0 c:/Users/leahy/Documents/TEC/II-SEM-2021/SistemasEmbebidos/Proyecto-2-Embebidos/cpu/software/alarm_bsp/\libhal_bsp.a(alt_irq_entry.o)
                0x0000000000002020                alt_irq_entry
 .exceptions.entry.label
                0x0000000000002020        0x0 c:/Users/leahy/Documents/TEC/II-SEM-2021/SistemasEmbebidos/Proyecto-2-Embebidos/cpu/software/alarm_bsp/\libhal_bsp.a(alt_exception_entry.o)
                0x0000000000002020                alt_exception
 *(.exceptions.entry.user)
 *(.exceptions.entry.ecc_fatal)
 *(.exceptions.entry)
 .exceptions.entry
                0x0000000000002020       0x54 c:/Users/leahy/Documents/TEC/II-SEM-2021/SistemasEmbebidos/Proyecto-2-Embebidos/cpu/software/alarm_bsp/\libhal_bsp.a(alt_exception_entry.o)
 *(.exceptions.irqtest.user)
 *(.exceptions.irqtest)
 .exceptions.irqtest
                0x0000000000002074       0x10 c:/Users/leahy/Documents/TEC/II-SEM-2021/SistemasEmbebidos/Proyecto-2-Embebidos/cpu/software/alarm_bsp/\libhal_bsp.a(alt_irq_entry.o)
 *(.exceptions.irqhandler.user)
 *(.exceptions.irqhandler)
 .exceptions.irqhandler
                0x0000000000002084        0x4 c:/Users/leahy/Documents/TEC/II-SEM-2021/SistemasEmbebidos/Proyecto-2-Embebidos/cpu/software/alarm_bsp/\libhal_bsp.a(alt_irq_entry.o)
 *(.exceptions.irqreturn.user)
 *(.exceptions.irqreturn)
 .exceptions.irqreturn
                0x0000000000002088        0x4 c:/Users/leahy/Documents/TEC/II-SEM-2021/SistemasEmbebidos/Proyecto-2-Embebidos/cpu/software/alarm_bsp/\libhal_bsp.a(alt_irq_entry.o)
 *(.exceptions.notirq.label)
 .exceptions.notirq.label
                0x000000000000208c        0x0 c:/Users/leahy/Documents/TEC/II-SEM-2021/SistemasEmbebidos/Proyecto-2-Embebidos/cpu/software/alarm_bsp/\libhal_bsp.a(alt_irq_entry.o)
 *(.exceptions.notirq.user)
 *(.exceptions.notirq)
 .exceptions.notirq
                0x000000000000208c        0x8 c:/Users/leahy/Documents/TEC/II-SEM-2021/SistemasEmbebidos/Proyecto-2-Embebidos/cpu/software/alarm_bsp/\libhal_bsp.a(alt_exception_entry.o)
 *(.exceptions.soft.user)
 *(.exceptions.soft)
 *(.exceptions.unknown.user)
 *(.exceptions.unknown)
 .exceptions.unknown
                0x0000000000002094       0x14 c:/Users/leahy/Documents/TEC/II-SEM-2021/SistemasEmbebidos/Proyecto-2-Embebidos/cpu/software/alarm_bsp/\libhal_bsp.a(alt_exception_entry.o)
 *(.exceptions.exit.label)
 .exceptions.exit.label
                0x00000000000020a8        0x0 c:/Users/leahy/Documents/TEC/II-SEM-2021/SistemasEmbebidos/Proyecto-2-Embebidos/cpu/software/alarm_bsp/\libhal_bsp.a(alt_irq_entry.o)
 .exceptions.exit.label
                0x00000000000020a8        0x0 c:/Users/leahy/Documents/TEC/II-SEM-2021/SistemasEmbebidos/Proyecto-2-Embebidos/cpu/software/alarm_bsp/\libhal_bsp.a(alt_exception_entry.o)
 *(.exceptions.exit.user)
 *(.exceptions.exit)
 .exceptions.exit
                0x00000000000020a8       0x54 c:/Users/leahy/Documents/TEC/II-SEM-2021/SistemasEmbebidos/Proyecto-2-Embebidos/cpu/software/alarm_bsp/\libhal_bsp.a(alt_exception_entry.o)
 *(.exceptions)
 .exceptions    0x00000000000020fc       0x60 c:/Users/leahy/Documents/TEC/II-SEM-2021/SistemasEmbebidos/Proyecto-2-Embebidos/cpu/software/alarm_bsp/\libhal_bsp.a(alt_irq_handler.o)
                0x00000000000020fc                alt_irq_handler
 .exceptions    0x000000000000215c       0x24 c:/Users/leahy/Documents/TEC/II-SEM-2021/SistemasEmbebidos/Proyecto-2-Embebidos/cpu/software/alarm_bsp/\libhal_bsp.a(alt_instruction_exception_entry.o)
                0x000000000000215c                alt_instruction_exception_entry
                0x0000000000002180                PROVIDE (__ram_exceptions_end = ABSOLUTE (.))
                0x0000000000002020                PROVIDE (__flash_exceptions_start = LOADADDR (.exceptions))

.text           0x0000000000002180      0xcc0
                [!provide]                        PROVIDE (stext = ABSOLUTE (.))
 *(.interp)
 *(.hash)
 *(.dynsym)
 *(.dynstr)
 *(.gnu.version)
 *(.gnu.version_d)
 *(.gnu.version_r)
 *(.rel.init)
 *(.rela.init)
 *(.rel.text .rel.text.* .rel.gnu.linkonce.t.*)
 *(.rela.text .rela.text.* .rela.gnu.linkonce.t.*)
 *(.rel.fini)
 *(.rela.fini)
 *(.rel.rodata .rel.rodata.* .rel.gnu.linkonce.r.*)
 *(.rela.rodata .rela.rodata.* .rela.gnu.linkonce.r.*)
 *(.rel.data .rel.data.* .rel.gnu.linkonce.d.*)
 *(.rela.data .rela.data.* .rela.gnu.linkonce.d.*)
 *(.rel.tdata .rel.tdata.* .rel.gnu.linkonce.td.*)
 *(.rela.tdata .rela.tdata.* .rela.gnu.linkonce.td.*)
 *(.rel.tbss .rel.tbss.* .rel.gnu.linkonce.tb.*)
 *(.rela.tbss .rela.tbss.* .rela.gnu.linkonce.tb.*)
 *(.rel.ctors)
 *(.rela.ctors)
 *(.rel.dtors)
 *(.rela.dtors)
 *(.rel.got)
 *(.rela.got)
 *(.rel.sdata .rel.sdata.* .rel.gnu.linkonce.s.*)
 *(.rela.sdata .rela.sdata.* .rela.gnu.linkonce.s.*)
 *(.rel.sbss .rel.sbss.* .rel.gnu.linkonce.sb.*)
 *(.rela.sbss .rela.sbss.* .rela.gnu.linkonce.sb.*)
 *(.rel.sdata2 .rel.sdata2.* .rel.gnu.linkonce.s2.*)
 *(.rela.sdata2 .rela.sdata2.* .rela.gnu.linkonce.s2.*)
 *(.rel.sbss2 .rel.sbss2.* .rel.gnu.linkonce.sb2.*)
 *(.rela.sbss2 .rela.sbss2.* .rela.gnu.linkonce.sb2.*)
 *(.rel.bss .rel.bss.* .rel.gnu.linkonce.b.*)
 *(.rela.bss .rela.bss.* .rela.gnu.linkonce.b.*)
 *(.rel.plt)
 *(.rela.plt)
 *(.rel.dyn)
 *(.init)
 *(.plt)
 *(.text .stub .text.* .gnu.linkonce.t.*)
 .text          0x0000000000002180       0x3c c:/Users/leahy/Documents/TEC/II-SEM-2021/SistemasEmbebidos/Proyecto-2-Embebidos/cpu/software/alarm_bsp//obj/HAL/src/crt0.o
                0x0000000000002180                _start
 .text          0x00000000000021bc      0x6ec obj/default/hello_world_small.o
                0x00000000000021bc                configureTimeMode
                0x0000000000002294                initializeInterrupts
                0x0000000000002334                handleAlarm
                0x00000000000023ec                countTime
                0x0000000000002480                numberToSeg7
                0x0000000000002518                showTimeNumbers
                0x00000000000025e8                handleTimer
                0x000000000000263c                showAlarmNumbers
                0x000000000000270c                changeMode
                0x0000000000002788                changeTime
 .text.startup  0x00000000000028a8       0xe4 obj/default/hello_world_small.o
                0x00000000000028a8                main
 .text          0x000000000000298c      0x1b4 c:/intelfpga_lite/20.1/nios2eds/bin/gnu/h-x86_64-mingw32/bin/../lib/gcc/nios2-elf/10.1.1/mno-hw-mul\libgcc.a(lib2-divmod.o)
                0x000000000000298c                __divsi3
                0x0000000000002a0c                __modsi3
                0x0000000000002a80                __udivsi3
                0x0000000000002ae4                __umodsi3
 .text          0x0000000000002b40       0x8c c:/Users/leahy/Documents/TEC/II-SEM-2021/SistemasEmbebidos/Proyecto-2-Embebidos/cpu/software/alarm_bsp/\libhal_bsp.a(alt_iic.o)
                0x0000000000002b40                alt_ic_isr_register
                0x0000000000002b44                alt_ic_irq_enable
                0x0000000000002b7c                alt_ic_irq_disable
                0x0000000000002bb4                alt_ic_irq_enabled
 .text          0x0000000000002bcc       0x68 c:/Users/leahy/Documents/TEC/II-SEM-2021/SistemasEmbebidos/Proyecto-2-Embebidos/cpu/software/alarm_bsp/\libhal_bsp.a(alt_iic_isr_register.o)
                0x0000000000002bcc                alt_iic_isr_register
 .text          0x0000000000002c34        0x0 c:/Users/leahy/Documents/TEC/II-SEM-2021/SistemasEmbebidos/Proyecto-2-Embebidos/cpu/software/alarm_bsp/\libhal_bsp.a(alt_irq_entry.o)
 .text          0x0000000000002c34        0x0 c:/Users/leahy/Documents/TEC/II-SEM-2021/SistemasEmbebidos/Proyecto-2-Embebidos/cpu/software/alarm_bsp/\libhal_bsp.a(alt_irq_handler.o)
 .text          0x0000000000002c34       0x90 c:/Users/leahy/Documents/TEC/II-SEM-2021/SistemasEmbebidos/Proyecto-2-Embebidos/cpu/software/alarm_bsp/\libhal_bsp.a(alt_irq_register.o)
                0x0000000000002c34                alt_irq_register
 .text          0x0000000000002cc4        0x0 c:/Users/leahy/Documents/TEC/II-SEM-2021/SistemasEmbebidos/Proyecto-2-Embebidos/cpu/software/alarm_bsp/\libhal_bsp.a(alt_irq_vars.o)
 .text          0x0000000000002cc4       0x84 c:/Users/leahy/Documents/TEC/II-SEM-2021/SistemasEmbebidos/Proyecto-2-Embebidos/cpu/software/alarm_bsp/\libhal_bsp.a(alt_load.o)
                0x0000000000002cc4                alt_load
 .text          0x0000000000002d48       0x2c c:/Users/leahy/Documents/TEC/II-SEM-2021/SistemasEmbebidos/Proyecto-2-Embebidos/cpu/software/alarm_bsp/\libhal_bsp.a(alt_main.o)
                0x0000000000002d48                alt_main
 .text          0x0000000000002d74       0x24 c:/Users/leahy/Documents/TEC/II-SEM-2021/SistemasEmbebidos/Proyecto-2-Embebidos/cpu/software/alarm_bsp/\libhal_bsp.a(alt_sys_init.o)
                0x0000000000002d74                alt_irq_init
                0x0000000000002d94                alt_sys_init
 .text          0x0000000000002d98        0x4 c:/Users/leahy/Documents/TEC/II-SEM-2021/SistemasEmbebidos/Proyecto-2-Embebidos/cpu/software/alarm_bsp/\libhal_bsp.a(alt_dcache_flush_all.o)
                0x0000000000002d98                alt_dcache_flush_all
 .text          0x0000000000002d9c        0x0 c:/Users/leahy/Documents/TEC/II-SEM-2021/SistemasEmbebidos/Proyecto-2-Embebidos/cpu/software/alarm_bsp/\libhal_bsp.a(alt_exception_entry.o)
 .text          0x0000000000002d9c        0x4 c:/Users/leahy/Documents/TEC/II-SEM-2021/SistemasEmbebidos/Proyecto-2-Embebidos/cpu/software/alarm_bsp/\libhal_bsp.a(alt_icache_flush_all.o)
                0x0000000000002d9c                alt_icache_flush_all
 .text          0x0000000000002da0       0x70 c:/Users/leahy/Documents/TEC/II-SEM-2021/SistemasEmbebidos/Proyecto-2-Embebidos/cpu/software/alarm_bsp/\libhal_bsp.a(alt_instruction_exception_entry.o)
                0x0000000000002da0                alt_exception_cause_generated_bad_addr
 .text          0x0000000000002e10        0x8 c:/Users/leahy/Documents/TEC/II-SEM-2021/SistemasEmbebidos/Proyecto-2-Embebidos/cpu/software/alarm_bsp/\libhal_bsp.a(altera_nios2_gen2_irq.o)
                0x0000000000002e10                altera_nios2_gen2_irq_init
 .text          0x0000000000002e18        0x0 c:/intelfpga_lite/20.1/nios2eds/bin/gnu/h-x86_64-mingw32/bin/../lib/gcc/nios2-elf/10.1.1/../../../../../H-x86_64-mingw32/nios2-elf/lib/mno-hw-mul\libsmallc.a(lib_a-memcpy.o)
 .text.memcpy   0x0000000000002e18       0x28 c:/intelfpga_lite/20.1/nios2eds/bin/gnu/h-x86_64-mingw32/bin/../lib/gcc/nios2-elf/10.1.1/../../../../../H-x86_64-mingw32/nios2-elf/lib/mno-hw-mul\libsmallc.a(lib_a-memcpy.o)
                0x0000000000002e18                memcpy
 *(.gnu.warning.*)
 *(.fini)
                [!provide]                        PROVIDE (__etext = ABSOLUTE (.))
                [!provide]                        PROVIDE (_etext = ABSOLUTE (.))
                [!provide]                        PROVIDE (etext = ABSOLUTE (.))
 *(.eh_frame_hdr)
                0x0000000000002e40                . = ALIGN (0x4)
                [!provide]                        PROVIDE (__preinit_array_start = ABSOLUTE (.))
 *(.preinit_array)
                [!provide]                        PROVIDE (__preinit_array_end = ABSOLUTE (.))
                [!provide]                        PROVIDE (__init_array_start = ABSOLUTE (.))
 *(.init_array)
                [!provide]                        PROVIDE (__init_array_end = ABSOLUTE (.))
                [!provide]                        PROVIDE (__fini_array_start = ABSOLUTE (.))
 *(.fini_array)
                [!provide]                        PROVIDE (__fini_array_end = ABSOLUTE (.))
 *(.eh_frame)
 *(.gcc_except_table .gcc_except_table.*)
 *(.dynamic)
                [!provide]                        PROVIDE (__CTOR_LIST__ = ABSOLUTE (.))
 *(.ctors)
 *(SORT_BY_NAME(.ctors.*))
                [!provide]                        PROVIDE (__CTOR_END__ = ABSOLUTE (.))
                [!provide]                        PROVIDE (__DTOR_LIST__ = ABSOLUTE (.))
 *(.dtors)
 *(SORT_BY_NAME(.dtors.*))
                [!provide]                        PROVIDE (__DTOR_END__ = ABSOLUTE (.))
 *(.jcr)
                0x0000000000002e40                . = ALIGN (0x4)

.rodata         0x0000000000002e40        0x0
                0x0000000000002e40                PROVIDE (__ram_rodata_start = ABSOLUTE (.))
                0x0000000000002e40                . = ALIGN (0x4)
 *(.rodata .rodata.* .gnu.linkonce.r.*)
 *(.rodata1)
                0x0000000000002e40                . = ALIGN (0x4)
                0x0000000000002e40                PROVIDE (__ram_rodata_end = ABSOLUTE (.))
                0x0000000000002e40                PROVIDE (__flash_rodata_start = LOADADDR (.rodata))

.rwdata         0x0000000000002e40       0x28 load address 0x0000000000002e68
                0x0000000000002e40                PROVIDE (__ram_rwdata_start = ABSOLUTE (.))
                0x0000000000002e40                . = ALIGN (0x4)
 *(.got.plt)
 *(.got)
 *(.data1)
 *(.data .data.* .gnu.linkonce.d.*)
 .data          0x0000000000002e40        0x0 c:/Users/leahy/Documents/TEC/II-SEM-2021/SistemasEmbebidos/Proyecto-2-Embebidos/cpu/software/alarm_bsp//obj/HAL/src/crt0.o
 .data          0x0000000000002e40        0x0 obj/default/hello_world_small.o
 .data          0x0000000000002e40        0x0 c:/intelfpga_lite/20.1/nios2eds/bin/gnu/h-x86_64-mingw32/bin/../lib/gcc/nios2-elf/10.1.1/mno-hw-mul\libgcc.a(lib2-divmod.o)
 .data          0x0000000000002e40        0x0 c:/Users/leahy/Documents/TEC/II-SEM-2021/SistemasEmbebidos/Proyecto-2-Embebidos/cpu/software/alarm_bsp/\libhal_bsp.a(alt_iic.o)
 .data          0x0000000000002e40        0x0 c:/Users/leahy/Documents/TEC/II-SEM-2021/SistemasEmbebidos/Proyecto-2-Embebidos/cpu/software/alarm_bsp/\libhal_bsp.a(alt_iic_isr_register.o)
 .data          0x0000000000002e40        0x0 c:/Users/leahy/Documents/TEC/II-SEM-2021/SistemasEmbebidos/Proyecto-2-Embebidos/cpu/software/alarm_bsp/\libhal_bsp.a(alt_irq_entry.o)
 .data          0x0000000000002e40        0x0 c:/Users/leahy/Documents/TEC/II-SEM-2021/SistemasEmbebidos/Proyecto-2-Embebidos/cpu/software/alarm_bsp/\libhal_bsp.a(alt_irq_handler.o)
 .data          0x0000000000002e40        0x0 c:/Users/leahy/Documents/TEC/II-SEM-2021/SistemasEmbebidos/Proyecto-2-Embebidos/cpu/software/alarm_bsp/\libhal_bsp.a(alt_irq_register.o)
 .data          0x0000000000002e40        0x0 c:/Users/leahy/Documents/TEC/II-SEM-2021/SistemasEmbebidos/Proyecto-2-Embebidos/cpu/software/alarm_bsp/\libhal_bsp.a(alt_irq_vars.o)
 .data          0x0000000000002e40        0x0 c:/Users/leahy/Documents/TEC/II-SEM-2021/SistemasEmbebidos/Proyecto-2-Embebidos/cpu/software/alarm_bsp/\libhal_bsp.a(alt_load.o)
 .data          0x0000000000002e40        0x0 c:/Users/leahy/Documents/TEC/II-SEM-2021/SistemasEmbebidos/Proyecto-2-Embebidos/cpu/software/alarm_bsp/\libhal_bsp.a(alt_main.o)
 .data          0x0000000000002e40        0x0 c:/Users/leahy/Documents/TEC/II-SEM-2021/SistemasEmbebidos/Proyecto-2-Embebidos/cpu/software/alarm_bsp/\libhal_bsp.a(alt_sys_init.o)
 .data          0x0000000000002e40        0x0 c:/Users/leahy/Documents/TEC/II-SEM-2021/SistemasEmbebidos/Proyecto-2-Embebidos/cpu/software/alarm_bsp/\libhal_bsp.a(alt_dcache_flush_all.o)
 .data          0x0000000000002e40        0x0 c:/Users/leahy/Documents/TEC/II-SEM-2021/SistemasEmbebidos/Proyecto-2-Embebidos/cpu/software/alarm_bsp/\libhal_bsp.a(alt_exception_entry.o)
 .data          0x0000000000002e40        0x0 c:/Users/leahy/Documents/TEC/II-SEM-2021/SistemasEmbebidos/Proyecto-2-Embebidos/cpu/software/alarm_bsp/\libhal_bsp.a(alt_icache_flush_all.o)
 .data          0x0000000000002e40        0x0 c:/Users/leahy/Documents/TEC/II-SEM-2021/SistemasEmbebidos/Proyecto-2-Embebidos/cpu/software/alarm_bsp/\libhal_bsp.a(alt_instruction_exception_entry.o)
 .data          0x0000000000002e40        0x0 c:/Users/leahy/Documents/TEC/II-SEM-2021/SistemasEmbebidos/Proyecto-2-Embebidos/cpu/software/alarm_bsp/\libhal_bsp.a(altera_nios2_gen2_irq.o)
 .data          0x0000000000002e40        0x0 c:/intelfpga_lite/20.1/nios2eds/bin/gnu/h-x86_64-mingw32/bin/../lib/gcc/nios2-elf/10.1.1/../../../../../H-x86_64-mingw32/nios2-elf/lib/mno-hw-mul\libsmallc.a(lib_a-memcpy.o)
                0x000000000000ae40                _gp = ABSOLUTE ((. + 0x8000))
                [!provide]                        PROVIDE (gp = _gp)
 *(.rwdata .rwdata.*)
 *(.sdata .sdata.* .gnu.linkonce.s.*)
 .sdata         0x0000000000002e40       0x20 obj/default/hello_world_small.o
                0x0000000000002e40                ledsPtr
                0x0000000000002e44                segH1Ptr
                0x0000000000002e48                segH0Ptr
                0x0000000000002e4c                segM1Ptr
                0x0000000000002e50                segM0Ptr
                0x0000000000002e54                segS1Ptr
                0x0000000000002e58                segS0Ptr
                0x0000000000002e5c                ramPtr
 .sdata         0x0000000000002e60        0x4 c:/Users/leahy/Documents/TEC/II-SEM-2021/SistemasEmbebidos/Proyecto-2-Embebidos/cpu/software/alarm_bsp/\libhal_bsp.a(alt_irq_vars.o)
                0x0000000000002e60                alt_priority_mask
 .sdata         0x0000000000002e64        0x4 c:/Users/leahy/Documents/TEC/II-SEM-2021/SistemasEmbebidos/Proyecto-2-Embebidos/cpu/software/alarm_bsp/\libhal_bsp.a(alt_sys_init.o)
                0x0000000000002e64                UART
 *(.sdata2 .sdata2.* .gnu.linkonce.s2.*)
                0x0000000000002e68                . = ALIGN (0x4)
                0x0000000000002e68                _edata = ABSOLUTE (.)
                [!provide]                        PROVIDE (edata = ABSOLUTE (.))
                0x0000000000002e68                PROVIDE (__ram_rwdata_end = ABSOLUTE (.))
                0x0000000000002e68                PROVIDE (__flash_rwdata_start = LOADADDR (.rwdata))

.bss            0x0000000000002e90      0x144
                0x0000000000002e90                __bss_start = ABSOLUTE (.)
                [!provide]                        PROVIDE (__sbss_start = ABSOLUTE (.))
                [!provide]                        PROVIDE (___sbss_start = ABSOLUTE (.))
 *(.dynsbss)
 *(.sbss .sbss.* .gnu.linkonce.sb.*)
 .sbss          0x0000000000002e90       0x30 obj/default/hello_world_small.o
                0x0000000000002e90                blinkPtr
                0x0000000000002e94                alarmHourPtr
                0x0000000000002e98                alarmMinPtr
                0x0000000000002e9c                alarmSegPtr
                0x0000000000002ea0                configPtr
                0x0000000000002ea4                hourPtr
                0x0000000000002ea8                minPtr
                0x0000000000002eac                segPtr
                0x0000000000002eb0                modePtr
                0x0000000000002eb4                btSelEdgeCapture
                0x0000000000002eb8                btIncEdgeCapture
                0x0000000000002ebc                btModeEdgeCapture
 .sbss          0x0000000000002ec0        0x4 c:/Users/leahy/Documents/TEC/II-SEM-2021/SistemasEmbebidos/Proyecto-2-Embebidos/cpu/software/alarm_bsp/\libhal_bsp.a(alt_irq_vars.o)
                0x0000000000002ec0                alt_irq_active
 .sbss          0x0000000000002ec4        0xc c:/Users/leahy/Documents/TEC/II-SEM-2021/SistemasEmbebidos/Proyecto-2-Embebidos/cpu/software/alarm_bsp/\libhal_bsp.a(alt_main.o)
                0x0000000000002ec4                alt_envp
                0x0000000000002ec8                alt_argv
                0x0000000000002ecc                alt_argc
 .sbss          0x0000000000002ed0        0x4 c:/Users/leahy/Documents/TEC/II-SEM-2021/SistemasEmbebidos/Proyecto-2-Embebidos/cpu/software/alarm_bsp/\libhal_bsp.a(alt_instruction_exception_entry.o)
                0x0000000000002ed0                alt_instruction_exception_handler
 *(.sbss2 .sbss2.* .gnu.linkonce.sb2.*)
 *(.scommon)
                [!provide]                        PROVIDE (__sbss_end = ABSOLUTE (.))
                [!provide]                        PROVIDE (___sbss_end = ABSOLUTE (.))
 *(.dynbss)
 *(.bss .bss.* .gnu.linkonce.b.*)
 .bss           0x0000000000002ed4        0x0 c:/Users/leahy/Documents/TEC/II-SEM-2021/SistemasEmbebidos/Proyecto-2-Embebidos/cpu/software/alarm_bsp//obj/HAL/src/crt0.o
 .bss           0x0000000000002ed4        0x0 obj/default/hello_world_small.o
 .bss           0x0000000000002ed4        0x0 c:/intelfpga_lite/20.1/nios2eds/bin/gnu/h-x86_64-mingw32/bin/../lib/gcc/nios2-elf/10.1.1/mno-hw-mul\libgcc.a(lib2-divmod.o)
 .bss           0x0000000000002ed4        0x0 c:/Users/leahy/Documents/TEC/II-SEM-2021/SistemasEmbebidos/Proyecto-2-Embebidos/cpu/software/alarm_bsp/\libhal_bsp.a(alt_iic.o)
 .bss           0x0000000000002ed4        0x0 c:/Users/leahy/Documents/TEC/II-SEM-2021/SistemasEmbebidos/Proyecto-2-Embebidos/cpu/software/alarm_bsp/\libhal_bsp.a(alt_iic_isr_register.o)
 .bss           0x0000000000002ed4        0x0 c:/Users/leahy/Documents/TEC/II-SEM-2021/SistemasEmbebidos/Proyecto-2-Embebidos/cpu/software/alarm_bsp/\libhal_bsp.a(alt_irq_entry.o)
 .bss           0x0000000000002ed4      0x100 c:/Users/leahy/Documents/TEC/II-SEM-2021/SistemasEmbebidos/Proyecto-2-Embebidos/cpu/software/alarm_bsp/\libhal_bsp.a(alt_irq_handler.o)
                0x0000000000002ed4                alt_irq
 .bss           0x0000000000002fd4        0x0 c:/Users/leahy/Documents/TEC/II-SEM-2021/SistemasEmbebidos/Proyecto-2-Embebidos/cpu/software/alarm_bsp/\libhal_bsp.a(alt_irq_register.o)
 .bss           0x0000000000002fd4        0x0 c:/Users/leahy/Documents/TEC/II-SEM-2021/SistemasEmbebidos/Proyecto-2-Embebidos/cpu/software/alarm_bsp/\libhal_bsp.a(alt_irq_vars.o)
 .bss           0x0000000000002fd4        0x0 c:/Users/leahy/Documents/TEC/II-SEM-2021/SistemasEmbebidos/Proyecto-2-Embebidos/cpu/software/alarm_bsp/\libhal_bsp.a(alt_load.o)
 .bss           0x0000000000002fd4        0x0 c:/Users/leahy/Documents/TEC/II-SEM-2021/SistemasEmbebidos/Proyecto-2-Embebidos/cpu/software/alarm_bsp/\libhal_bsp.a(alt_main.o)
 .bss           0x0000000000002fd4        0x0 c:/Users/leahy/Documents/TEC/II-SEM-2021/SistemasEmbebidos/Proyecto-2-Embebidos/cpu/software/alarm_bsp/\libhal_bsp.a(alt_sys_init.o)
 .bss           0x0000000000002fd4        0x0 c:/Users/leahy/Documents/TEC/II-SEM-2021/SistemasEmbebidos/Proyecto-2-Embebidos/cpu/software/alarm_bsp/\libhal_bsp.a(alt_dcache_flush_all.o)
 .bss           0x0000000000002fd4        0x0 c:/Users/leahy/Documents/TEC/II-SEM-2021/SistemasEmbebidos/Proyecto-2-Embebidos/cpu/software/alarm_bsp/\libhal_bsp.a(alt_exception_entry.o)
 .bss           0x0000000000002fd4        0x0 c:/Users/leahy/Documents/TEC/II-SEM-2021/SistemasEmbebidos/Proyecto-2-Embebidos/cpu/software/alarm_bsp/\libhal_bsp.a(alt_icache_flush_all.o)
 .bss           0x0000000000002fd4        0x0 c:/Users/leahy/Documents/TEC/II-SEM-2021/SistemasEmbebidos/Proyecto-2-Embebidos/cpu/software/alarm_bsp/\libhal_bsp.a(alt_instruction_exception_entry.o)
 .bss           0x0000000000002fd4        0x0 c:/Users/leahy/Documents/TEC/II-SEM-2021/SistemasEmbebidos/Proyecto-2-Embebidos/cpu/software/alarm_bsp/\libhal_bsp.a(altera_nios2_gen2_irq.o)
 .bss           0x0000000000002fd4        0x0 c:/intelfpga_lite/20.1/nios2eds/bin/gnu/h-x86_64-mingw32/bin/../lib/gcc/nios2-elf/10.1.1/../../../../../H-x86_64-mingw32/nios2-elf/lib/mno-hw-mul\libsmallc.a(lib_a-memcpy.o)
 *(COMMON)
                0x0000000000002fd4                . = ALIGN (0x4)
                0x0000000000002fd4                __bss_end = ABSOLUTE (.)

.RAM            0x0000000000002fd4        0x0
                [!provide]                        PROVIDE (_alt_partition_RAM_start = ABSOLUTE (.))
 *(.RAM .RAM. RAM.*)
                0x0000000000002fd4                . = ALIGN (0x4)
                [!provide]                        PROVIDE (_alt_partition_RAM_end = ABSOLUTE (.))
                0x0000000000002fd4                _end = ABSOLUTE (.)
                0x0000000000002fd4                end = ABSOLUTE (.)
                0x0000000000002fd4                __alt_stack_base = ABSOLUTE (.)
                [!provide]                        PROVIDE (_alt_partition_RAM_load_addr = LOADADDR (.RAM))

.stab
 *(.stab)

.stabstr
 *(.stabstr)

.stab.excl
 *(.stab.excl)

.stab.exclstr
 *(.stab.exclstr)

.stab.index
 *(.stab.index)

.stab.indexstr
 *(.stab.indexstr)

.comment        0x0000000000000000       0x2d
 *(.comment)
 .comment       0x0000000000000000       0x2d obj/default/hello_world_small.o
                                         0x2e (size before relaxing)
 .comment       0x000000000000002d       0x2e c:/intelfpga_lite/20.1/nios2eds/bin/gnu/h-x86_64-mingw32/bin/../lib/gcc/nios2-elf/10.1.1/mno-hw-mul\libgcc.a(lib2-divmod.o)
 .comment       0x000000000000002d       0x2e c:/Users/leahy/Documents/TEC/II-SEM-2021/SistemasEmbebidos/Proyecto-2-Embebidos/cpu/software/alarm_bsp/\libhal_bsp.a(alt_iic.o)
 .comment       0x000000000000002d       0x2e c:/Users/leahy/Documents/TEC/II-SEM-2021/SistemasEmbebidos/Proyecto-2-Embebidos/cpu/software/alarm_bsp/\libhal_bsp.a(alt_iic_isr_register.o)
 .comment       0x000000000000002d       0x2e c:/Users/leahy/Documents/TEC/II-SEM-2021/SistemasEmbebidos/Proyecto-2-Embebidos/cpu/software/alarm_bsp/\libhal_bsp.a(alt_irq_handler.o)
 .comment       0x000000000000002d       0x2e c:/Users/leahy/Documents/TEC/II-SEM-2021/SistemasEmbebidos/Proyecto-2-Embebidos/cpu/software/alarm_bsp/\libhal_bsp.a(alt_irq_register.o)
 .comment       0x000000000000002d       0x2e c:/Users/leahy/Documents/TEC/II-SEM-2021/SistemasEmbebidos/Proyecto-2-Embebidos/cpu/software/alarm_bsp/\libhal_bsp.a(alt_irq_vars.o)
 .comment       0x000000000000002d       0x2e c:/Users/leahy/Documents/TEC/II-SEM-2021/SistemasEmbebidos/Proyecto-2-Embebidos/cpu/software/alarm_bsp/\libhal_bsp.a(alt_load.o)
 .comment       0x000000000000002d       0x2e c:/Users/leahy/Documents/TEC/II-SEM-2021/SistemasEmbebidos/Proyecto-2-Embebidos/cpu/software/alarm_bsp/\libhal_bsp.a(alt_main.o)
 .comment       0x000000000000002d       0x2e c:/Users/leahy/Documents/TEC/II-SEM-2021/SistemasEmbebidos/Proyecto-2-Embebidos/cpu/software/alarm_bsp/\libhal_bsp.a(alt_sys_init.o)
 .comment       0x000000000000002d       0x2e c:/Users/leahy/Documents/TEC/II-SEM-2021/SistemasEmbebidos/Proyecto-2-Embebidos/cpu/software/alarm_bsp/\libhal_bsp.a(alt_dcache_flush_all.o)
 .comment       0x000000000000002d       0x2e c:/Users/leahy/Documents/TEC/II-SEM-2021/SistemasEmbebidos/Proyecto-2-Embebidos/cpu/software/alarm_bsp/\libhal_bsp.a(alt_icache_flush_all.o)
 .comment       0x000000000000002d       0x2e c:/Users/leahy/Documents/TEC/II-SEM-2021/SistemasEmbebidos/Proyecto-2-Embebidos/cpu/software/alarm_bsp/\libhal_bsp.a(alt_instruction_exception_entry.o)
 .comment       0x000000000000002d       0x2e c:/Users/leahy/Documents/TEC/II-SEM-2021/SistemasEmbebidos/Proyecto-2-Embebidos/cpu/software/alarm_bsp/\libhal_bsp.a(altera_nios2_gen2_irq.o)
 .comment       0x000000000000002d       0x2e c:/intelfpga_lite/20.1/nios2eds/bin/gnu/h-x86_64-mingw32/bin/../lib/gcc/nios2-elf/10.1.1/../../../../../H-x86_64-mingw32/nios2-elf/lib/mno-hw-mul\libsmallc.a(lib_a-memcpy.o)

.debug
 *(.debug)

.line
 *(.line)

.debug_srcinfo
 *(.debug_srcinfo)

.debug_sfnames
 *(.debug_sfnames)

.debug_aranges  0x0000000000000000      0x278
 *(.debug_aranges)
 .debug_aranges
                0x0000000000000000       0x28 c:/Users/leahy/Documents/TEC/II-SEM-2021/SistemasEmbebidos/Proyecto-2-Embebidos/cpu/software/alarm_bsp//obj/HAL/src/crt0.o
 .debug_aranges
                0x0000000000000028       0x28 obj/default/hello_world_small.o
 .debug_aranges
                0x0000000000000050       0x20 c:/intelfpga_lite/20.1/nios2eds/bin/gnu/h-x86_64-mingw32/bin/../lib/gcc/nios2-elf/10.1.1/mno-hw-mul\libgcc.a(lib2-divmod.o)
 .debug_aranges
                0x0000000000000070       0x20 c:/Users/leahy/Documents/TEC/II-SEM-2021/SistemasEmbebidos/Proyecto-2-Embebidos/cpu/software/alarm_bsp/\libhal_bsp.a(alt_iic.o)
 .debug_aranges
                0x0000000000000090       0x20 c:/Users/leahy/Documents/TEC/II-SEM-2021/SistemasEmbebidos/Proyecto-2-Embebidos/cpu/software/alarm_bsp/\libhal_bsp.a(alt_iic_isr_register.o)
 .debug_aranges
                0x00000000000000b0       0x30 c:/Users/leahy/Documents/TEC/II-SEM-2021/SistemasEmbebidos/Proyecto-2-Embebidos/cpu/software/alarm_bsp/\libhal_bsp.a(alt_irq_entry.o)
 .debug_aranges
                0x00000000000000e0       0x20 c:/Users/leahy/Documents/TEC/II-SEM-2021/SistemasEmbebidos/Proyecto-2-Embebidos/cpu/software/alarm_bsp/\libhal_bsp.a(alt_irq_handler.o)
 .debug_aranges
                0x0000000000000100       0x20 c:/Users/leahy/Documents/TEC/II-SEM-2021/SistemasEmbebidos/Proyecto-2-Embebidos/cpu/software/alarm_bsp/\libhal_bsp.a(alt_irq_register.o)
 .debug_aranges
                0x0000000000000120       0x18 c:/Users/leahy/Documents/TEC/II-SEM-2021/SistemasEmbebidos/Proyecto-2-Embebidos/cpu/software/alarm_bsp/\libhal_bsp.a(alt_irq_vars.o)
 .debug_aranges
                0x0000000000000138       0x20 c:/Users/leahy/Documents/TEC/II-SEM-2021/SistemasEmbebidos/Proyecto-2-Embebidos/cpu/software/alarm_bsp/\libhal_bsp.a(alt_load.o)
 .debug_aranges
                0x0000000000000158       0x20 c:/Users/leahy/Documents/TEC/II-SEM-2021/SistemasEmbebidos/Proyecto-2-Embebidos/cpu/software/alarm_bsp/\libhal_bsp.a(alt_main.o)
 .debug_aranges
                0x0000000000000178       0x20 c:/Users/leahy/Documents/TEC/II-SEM-2021/SistemasEmbebidos/Proyecto-2-Embebidos/cpu/software/alarm_bsp/\libhal_bsp.a(alt_sys_init.o)
 .debug_aranges
                0x0000000000000198       0x20 c:/Users/leahy/Documents/TEC/II-SEM-2021/SistemasEmbebidos/Proyecto-2-Embebidos/cpu/software/alarm_bsp/\libhal_bsp.a(alt_dcache_flush_all.o)
 .debug_aranges
                0x00000000000001b8       0x38 c:/Users/leahy/Documents/TEC/II-SEM-2021/SistemasEmbebidos/Proyecto-2-Embebidos/cpu/software/alarm_bsp/\libhal_bsp.a(alt_exception_entry.o)
 .debug_aranges
                0x00000000000001f0       0x20 c:/Users/leahy/Documents/TEC/II-SEM-2021/SistemasEmbebidos/Proyecto-2-Embebidos/cpu/software/alarm_bsp/\libhal_bsp.a(alt_icache_flush_all.o)
 .debug_aranges
                0x0000000000000210       0x28 c:/Users/leahy/Documents/TEC/II-SEM-2021/SistemasEmbebidos/Proyecto-2-Embebidos/cpu/software/alarm_bsp/\libhal_bsp.a(alt_instruction_exception_entry.o)
 .debug_aranges
                0x0000000000000238       0x20 c:/Users/leahy/Documents/TEC/II-SEM-2021/SistemasEmbebidos/Proyecto-2-Embebidos/cpu/software/alarm_bsp/\libhal_bsp.a(altera_nios2_gen2_irq.o)
 .debug_aranges
                0x0000000000000258       0x20 c:/intelfpga_lite/20.1/nios2eds/bin/gnu/h-x86_64-mingw32/bin/../lib/gcc/nios2-elf/10.1.1/../../../../../H-x86_64-mingw32/nios2-elf/lib/mno-hw-mul\libsmallc.a(lib_a-memcpy.o)

.debug_pubnames
 *(.debug_pubnames)

.debug_info     0x0000000000000000     0x1eac
 *(.debug_info .gnu.linkonce.wi.*)
 .debug_info    0x0000000000000000       0x22 c:/Users/leahy/Documents/TEC/II-SEM-2021/SistemasEmbebidos/Proyecto-2-Embebidos/cpu/software/alarm_bsp//obj/HAL/src/crt0.o
 .debug_info    0x0000000000000022      0x5a4 obj/default/hello_world_small.o
 .debug_info    0x00000000000005c6      0x368 c:/intelfpga_lite/20.1/nios2eds/bin/gnu/h-x86_64-mingw32/bin/../lib/gcc/nios2-elf/10.1.1/mno-hw-mul\libgcc.a(lib2-divmod.o)
 .debug_info    0x000000000000092e      0x3db c:/Users/leahy/Documents/TEC/II-SEM-2021/SistemasEmbebidos/Proyecto-2-Embebidos/cpu/software/alarm_bsp/\libhal_bsp.a(alt_iic.o)
 .debug_info    0x0000000000000d09      0x273 c:/Users/leahy/Documents/TEC/II-SEM-2021/SistemasEmbebidos/Proyecto-2-Embebidos/cpu/software/alarm_bsp/\libhal_bsp.a(alt_iic_isr_register.o)
 .debug_info    0x0000000000000f7c       0x22 c:/Users/leahy/Documents/TEC/II-SEM-2021/SistemasEmbebidos/Proyecto-2-Embebidos/cpu/software/alarm_bsp/\libhal_bsp.a(alt_irq_entry.o)
 .debug_info    0x0000000000000f9e      0x19a c:/Users/leahy/Documents/TEC/II-SEM-2021/SistemasEmbebidos/Proyecto-2-Embebidos/cpu/software/alarm_bsp/\libhal_bsp.a(alt_irq_handler.o)
 .debug_info    0x0000000000001138      0x332 c:/Users/leahy/Documents/TEC/II-SEM-2021/SistemasEmbebidos/Proyecto-2-Embebidos/cpu/software/alarm_bsp/\libhal_bsp.a(alt_irq_register.o)
 .debug_info    0x000000000000146a       0x8b c:/Users/leahy/Documents/TEC/II-SEM-2021/SistemasEmbebidos/Proyecto-2-Embebidos/cpu/software/alarm_bsp/\libhal_bsp.a(alt_irq_vars.o)
 .debug_info    0x00000000000014f5      0x267 c:/Users/leahy/Documents/TEC/II-SEM-2021/SistemasEmbebidos/Proyecto-2-Embebidos/cpu/software/alarm_bsp/\libhal_bsp.a(alt_load.o)
 .debug_info    0x000000000000175c      0x129 c:/Users/leahy/Documents/TEC/II-SEM-2021/SistemasEmbebidos/Proyecto-2-Embebidos/cpu/software/alarm_bsp/\libhal_bsp.a(alt_main.o)
 .debug_info    0x0000000000001885      0x12a c:/Users/leahy/Documents/TEC/II-SEM-2021/SistemasEmbebidos/Proyecto-2-Embebidos/cpu/software/alarm_bsp/\libhal_bsp.a(alt_sys_init.o)
 .debug_info    0x00000000000019af       0x8c c:/Users/leahy/Documents/TEC/II-SEM-2021/SistemasEmbebidos/Proyecto-2-Embebidos/cpu/software/alarm_bsp/\libhal_bsp.a(alt_dcache_flush_all.o)
 .debug_info    0x0000000000001a3b       0x22 c:/Users/leahy/Documents/TEC/II-SEM-2021/SistemasEmbebidos/Proyecto-2-Embebidos/cpu/software/alarm_bsp/\libhal_bsp.a(alt_exception_entry.o)
 .debug_info    0x0000000000001a5d       0x8c c:/Users/leahy/Documents/TEC/II-SEM-2021/SistemasEmbebidos/Proyecto-2-Embebidos/cpu/software/alarm_bsp/\libhal_bsp.a(alt_icache_flush_all.o)
 .debug_info    0x0000000000001ae9      0x20f c:/Users/leahy/Documents/TEC/II-SEM-2021/SistemasEmbebidos/Proyecto-2-Embebidos/cpu/software/alarm_bsp/\libhal_bsp.a(alt_instruction_exception_entry.o)
 .debug_info    0x0000000000001cf8       0x8c c:/Users/leahy/Documents/TEC/II-SEM-2021/SistemasEmbebidos/Proyecto-2-Embebidos/cpu/software/alarm_bsp/\libhal_bsp.a(altera_nios2_gen2_irq.o)
 .debug_info    0x0000000000001d84      0x128 c:/intelfpga_lite/20.1/nios2eds/bin/gnu/h-x86_64-mingw32/bin/../lib/gcc/nios2-elf/10.1.1/../../../../../H-x86_64-mingw32/nios2-elf/lib/mno-hw-mul\libsmallc.a(lib_a-memcpy.o)

.debug_abbrev   0x0000000000000000      0xfea
 *(.debug_abbrev)
 .debug_abbrev  0x0000000000000000       0x12 c:/Users/leahy/Documents/TEC/II-SEM-2021/SistemasEmbebidos/Proyecto-2-Embebidos/cpu/software/alarm_bsp//obj/HAL/src/crt0.o
 .debug_abbrev  0x0000000000000012      0x20c obj/default/hello_world_small.o
 .debug_abbrev  0x000000000000021e      0x103 c:/intelfpga_lite/20.1/nios2eds/bin/gnu/h-x86_64-mingw32/bin/../lib/gcc/nios2-elf/10.1.1/mno-hw-mul\libgcc.a(lib2-divmod.o)
 .debug_abbrev  0x0000000000000321      0x1c0 c:/Users/leahy/Documents/TEC/II-SEM-2021/SistemasEmbebidos/Proyecto-2-Embebidos/cpu/software/alarm_bsp/\libhal_bsp.a(alt_iic.o)
 .debug_abbrev  0x00000000000004e1      0x1d8 c:/Users/leahy/Documents/TEC/II-SEM-2021/SistemasEmbebidos/Proyecto-2-Embebidos/cpu/software/alarm_bsp/\libhal_bsp.a(alt_iic_isr_register.o)
 .debug_abbrev  0x00000000000006b9       0x12 c:/Users/leahy/Documents/TEC/II-SEM-2021/SistemasEmbebidos/Proyecto-2-Embebidos/cpu/software/alarm_bsp/\libhal_bsp.a(alt_irq_entry.o)
 .debug_abbrev  0x00000000000006cb      0x145 c:/Users/leahy/Documents/TEC/II-SEM-2021/SistemasEmbebidos/Proyecto-2-Embebidos/cpu/software/alarm_bsp/\libhal_bsp.a(alt_irq_handler.o)
 .debug_abbrev  0x0000000000000810      0x1fa c:/Users/leahy/Documents/TEC/II-SEM-2021/SistemasEmbebidos/Proyecto-2-Embebidos/cpu/software/alarm_bsp/\libhal_bsp.a(alt_irq_register.o)
 .debug_abbrev  0x0000000000000a0a       0x44 c:/Users/leahy/Documents/TEC/II-SEM-2021/SistemasEmbebidos/Proyecto-2-Embebidos/cpu/software/alarm_bsp/\libhal_bsp.a(alt_irq_vars.o)
 .debug_abbrev  0x0000000000000a4e      0x125 c:/Users/leahy/Documents/TEC/II-SEM-2021/SistemasEmbebidos/Proyecto-2-Embebidos/cpu/software/alarm_bsp/\libhal_bsp.a(alt_load.o)
 .debug_abbrev  0x0000000000000b73       0xba c:/Users/leahy/Documents/TEC/II-SEM-2021/SistemasEmbebidos/Proyecto-2-Embebidos/cpu/software/alarm_bsp/\libhal_bsp.a(alt_main.o)
 .debug_abbrev  0x0000000000000c2d      0x10b c:/Users/leahy/Documents/TEC/II-SEM-2021/SistemasEmbebidos/Proyecto-2-Embebidos/cpu/software/alarm_bsp/\libhal_bsp.a(alt_sys_init.o)
 .debug_abbrev  0x0000000000000d38       0x44 c:/Users/leahy/Documents/TEC/II-SEM-2021/SistemasEmbebidos/Proyecto-2-Embebidos/cpu/software/alarm_bsp/\libhal_bsp.a(alt_dcache_flush_all.o)
 .debug_abbrev  0x0000000000000d7c       0x12 c:/Users/leahy/Documents/TEC/II-SEM-2021/SistemasEmbebidos/Proyecto-2-Embebidos/cpu/software/alarm_bsp/\libhal_bsp.a(alt_exception_entry.o)
 .debug_abbrev  0x0000000000000d8e       0x44 c:/Users/leahy/Documents/TEC/II-SEM-2021/SistemasEmbebidos/Proyecto-2-Embebidos/cpu/software/alarm_bsp/\libhal_bsp.a(alt_icache_flush_all.o)
 .debug_abbrev  0x0000000000000dd2      0x116 c:/Users/leahy/Documents/TEC/II-SEM-2021/SistemasEmbebidos/Proyecto-2-Embebidos/cpu/software/alarm_bsp/\libhal_bsp.a(alt_instruction_exception_entry.o)
 .debug_abbrev  0x0000000000000ee8       0x44 c:/Users/leahy/Documents/TEC/II-SEM-2021/SistemasEmbebidos/Proyecto-2-Embebidos/cpu/software/alarm_bsp/\libhal_bsp.a(altera_nios2_gen2_irq.o)
 .debug_abbrev  0x0000000000000f2c       0xbe c:/intelfpga_lite/20.1/nios2eds/bin/gnu/h-x86_64-mingw32/bin/../lib/gcc/nios2-elf/10.1.1/../../../../../H-x86_64-mingw32/nios2-elf/lib/mno-hw-mul\libsmallc.a(lib_a-memcpy.o)

.debug_line     0x0000000000000000     0x17ca
 *(.debug_line)
 .debug_line    0x0000000000000000       0x66 c:/Users/leahy/Documents/TEC/II-SEM-2021/SistemasEmbebidos/Proyecto-2-Embebidos/cpu/software/alarm_bsp//obj/HAL/src/crt0.o
 .debug_line    0x0000000000000066      0x6f4 obj/default/hello_world_small.o
 .debug_line    0x000000000000075a      0x306 c:/intelfpga_lite/20.1/nios2eds/bin/gnu/h-x86_64-mingw32/bin/../lib/gcc/nios2-elf/10.1.1/mno-hw-mul\libgcc.a(lib2-divmod.o)
 .debug_line    0x0000000000000a60      0x19b c:/Users/leahy/Documents/TEC/II-SEM-2021/SistemasEmbebidos/Proyecto-2-Embebidos/cpu/software/alarm_bsp/\libhal_bsp.a(alt_iic.o)
 .debug_line    0x0000000000000bfb      0x155 c:/Users/leahy/Documents/TEC/II-SEM-2021/SistemasEmbebidos/Proyecto-2-Embebidos/cpu/software/alarm_bsp/\libhal_bsp.a(alt_iic_isr_register.o)
 .debug_line    0x0000000000000d50       0x6b c:/Users/leahy/Documents/TEC/II-SEM-2021/SistemasEmbebidos/Proyecto-2-Embebidos/cpu/software/alarm_bsp/\libhal_bsp.a(alt_irq_entry.o)
 .debug_line    0x0000000000000dbb      0x123 c:/Users/leahy/Documents/TEC/II-SEM-2021/SistemasEmbebidos/Proyecto-2-Embebidos/cpu/software/alarm_bsp/\libhal_bsp.a(alt_irq_handler.o)
 .debug_line    0x0000000000000ede      0x1b1 c:/Users/leahy/Documents/TEC/II-SEM-2021/SistemasEmbebidos/Proyecto-2-Embebidos/cpu/software/alarm_bsp/\libhal_bsp.a(alt_irq_register.o)
 .debug_line    0x000000000000108f       0x50 c:/Users/leahy/Documents/TEC/II-SEM-2021/SistemasEmbebidos/Proyecto-2-Embebidos/cpu/software/alarm_bsp/\libhal_bsp.a(alt_irq_vars.o)
 .debug_line    0x00000000000010df      0x101 c:/Users/leahy/Documents/TEC/II-SEM-2021/SistemasEmbebidos/Proyecto-2-Embebidos/cpu/software/alarm_bsp/\libhal_bsp.a(alt_load.o)
 .debug_line    0x00000000000011e0       0xe0 c:/Users/leahy/Documents/TEC/II-SEM-2021/SistemasEmbebidos/Proyecto-2-Embebidos/cpu/software/alarm_bsp/\libhal_bsp.a(alt_main.o)
 .debug_line    0x00000000000012c0       0xde c:/Users/leahy/Documents/TEC/II-SEM-2021/SistemasEmbebidos/Proyecto-2-Embebidos/cpu/software/alarm_bsp/\libhal_bsp.a(alt_sys_init.o)
 .debug_line    0x000000000000139e       0x53 c:/Users/leahy/Documents/TEC/II-SEM-2021/SistemasEmbebidos/Proyecto-2-Embebidos/cpu/software/alarm_bsp/\libhal_bsp.a(alt_dcache_flush_all.o)
 .debug_line    0x00000000000013f1       0xb3 c:/Users/leahy/Documents/TEC/II-SEM-2021/SistemasEmbebidos/Proyecto-2-Embebidos/cpu/software/alarm_bsp/\libhal_bsp.a(alt_exception_entry.o)
 .debug_line    0x00000000000014a4       0x51 c:/Users/leahy/Documents/TEC/II-SEM-2021/SistemasEmbebidos/Proyecto-2-Embebidos/cpu/software/alarm_bsp/\libhal_bsp.a(alt_icache_flush_all.o)
 .debug_line    0x00000000000014f5       0xee c:/Users/leahy/Documents/TEC/II-SEM-2021/SistemasEmbebidos/Proyecto-2-Embebidos/cpu/software/alarm_bsp/\libhal_bsp.a(alt_instruction_exception_entry.o)
 .debug_line    0x00000000000015e3       0x5a c:/Users/leahy/Documents/TEC/II-SEM-2021/SistemasEmbebidos/Proyecto-2-Embebidos/cpu/software/alarm_bsp/\libhal_bsp.a(altera_nios2_gen2_irq.o)
 .debug_line    0x000000000000163d      0x18d c:/intelfpga_lite/20.1/nios2eds/bin/gnu/h-x86_64-mingw32/bin/../lib/gcc/nios2-elf/10.1.1/../../../../../H-x86_64-mingw32/nios2-elf/lib/mno-hw-mul\libsmallc.a(lib_a-memcpy.o)

.debug_frame    0x0000000000000000      0x388
 *(.debug_frame)
 .debug_frame   0x0000000000000000      0x118 obj/default/hello_world_small.o
 .debug_frame   0x0000000000000118       0x50 c:/intelfpga_lite/20.1/nios2eds/bin/gnu/h-x86_64-mingw32/bin/../lib/gcc/nios2-elf/10.1.1/mno-hw-mul\libgcc.a(lib2-divmod.o)
 .debug_frame   0x0000000000000168       0x50 c:/Users/leahy/Documents/TEC/II-SEM-2021/SistemasEmbebidos/Proyecto-2-Embebidos/cpu/software/alarm_bsp/\libhal_bsp.a(alt_iic.o)
 .debug_frame   0x00000000000001b8       0x38 c:/Users/leahy/Documents/TEC/II-SEM-2021/SistemasEmbebidos/Proyecto-2-Embebidos/cpu/software/alarm_bsp/\libhal_bsp.a(alt_iic_isr_register.o)
 .debug_frame   0x00000000000001f0       0x34 c:/Users/leahy/Documents/TEC/II-SEM-2021/SistemasEmbebidos/Proyecto-2-Embebidos/cpu/software/alarm_bsp/\libhal_bsp.a(alt_irq_handler.o)
 .debug_frame   0x0000000000000224       0x20 c:/Users/leahy/Documents/TEC/II-SEM-2021/SistemasEmbebidos/Proyecto-2-Embebidos/cpu/software/alarm_bsp/\libhal_bsp.a(alt_irq_register.o)
 .debug_frame   0x0000000000000244       0x2c c:/Users/leahy/Documents/TEC/II-SEM-2021/SistemasEmbebidos/Proyecto-2-Embebidos/cpu/software/alarm_bsp/\libhal_bsp.a(alt_load.o)
 .debug_frame   0x0000000000000270       0x2c c:/Users/leahy/Documents/TEC/II-SEM-2021/SistemasEmbebidos/Proyecto-2-Embebidos/cpu/software/alarm_bsp/\libhal_bsp.a(alt_main.o)
 .debug_frame   0x000000000000029c       0x3c c:/Users/leahy/Documents/TEC/II-SEM-2021/SistemasEmbebidos/Proyecto-2-Embebidos/cpu/software/alarm_bsp/\libhal_bsp.a(alt_sys_init.o)
 .debug_frame   0x00000000000002d8       0x20 c:/Users/leahy/Documents/TEC/II-SEM-2021/SistemasEmbebidos/Proyecto-2-Embebidos/cpu/software/alarm_bsp/\libhal_bsp.a(alt_dcache_flush_all.o)
 .debug_frame   0x00000000000002f8       0x20 c:/Users/leahy/Documents/TEC/II-SEM-2021/SistemasEmbebidos/Proyecto-2-Embebidos/cpu/software/alarm_bsp/\libhal_bsp.a(alt_icache_flush_all.o)
 .debug_frame   0x0000000000000318       0x30 c:/Users/leahy/Documents/TEC/II-SEM-2021/SistemasEmbebidos/Proyecto-2-Embebidos/cpu/software/alarm_bsp/\libhal_bsp.a(alt_instruction_exception_entry.o)
 .debug_frame   0x0000000000000348       0x20 c:/Users/leahy/Documents/TEC/II-SEM-2021/SistemasEmbebidos/Proyecto-2-Embebidos/cpu/software/alarm_bsp/\libhal_bsp.a(altera_nios2_gen2_irq.o)
 .debug_frame   0x0000000000000368       0x20 c:/intelfpga_lite/20.1/nios2eds/bin/gnu/h-x86_64-mingw32/bin/../lib/gcc/nios2-elf/10.1.1/../../../../../H-x86_64-mingw32/nios2-elf/lib/mno-hw-mul\libsmallc.a(lib_a-memcpy.o)

.debug_str      0x0000000000000000      0xf36
 *(.debug_str)
 .debug_str     0x0000000000000000       0x85 c:/Users/leahy/Documents/TEC/II-SEM-2021/SistemasEmbebidos/Proyecto-2-Embebidos/cpu/software/alarm_bsp//obj/HAL/src/crt0.o
 .debug_str     0x0000000000000085      0x304 obj/default/hello_world_small.o
                                        0x342 (size before relaxing)
 .debug_str     0x0000000000000389      0x181 c:/intelfpga_lite/20.1/nios2eds/bin/gnu/h-x86_64-mingw32/bin/../lib/gcc/nios2-elf/10.1.1/mno-hw-mul\libgcc.a(lib2-divmod.o)
                                        0x1e0 (size before relaxing)
 .debug_str     0x000000000000050a       0xf8 c:/Users/leahy/Documents/TEC/II-SEM-2021/SistemasEmbebidos/Proyecto-2-Embebidos/cpu/software/alarm_bsp/\libhal_bsp.a(alt_iic.o)
                                        0x26f (size before relaxing)
 .debug_str     0x0000000000000602       0x37 c:/Users/leahy/Documents/TEC/II-SEM-2021/SistemasEmbebidos/Proyecto-2-Embebidos/cpu/software/alarm_bsp/\libhal_bsp.a(alt_iic_isr_register.o)
                                        0x23b (size before relaxing)
 .debug_str     0x0000000000000639       0x18 c:/Users/leahy/Documents/TEC/II-SEM-2021/SistemasEmbebidos/Proyecto-2-Embebidos/cpu/software/alarm_bsp/\libhal_bsp.a(alt_irq_entry.o)
                                         0x8e (size before relaxing)
 .debug_str     0x0000000000000651       0x3a c:/Users/leahy/Documents/TEC/II-SEM-2021/SistemasEmbebidos/Proyecto-2-Embebidos/cpu/software/alarm_bsp/\libhal_bsp.a(alt_irq_handler.o)
                                        0x1c5 (size before relaxing)
 .debug_str     0x000000000000068b       0x1b c:/Users/leahy/Documents/TEC/II-SEM-2021/SistemasEmbebidos/Proyecto-2-Embebidos/cpu/software/alarm_bsp/\libhal_bsp.a(alt_irq_register.o)
                                        0x224 (size before relaxing)
 .debug_str     0x00000000000006a6       0x29 c:/Users/leahy/Documents/TEC/II-SEM-2021/SistemasEmbebidos/Proyecto-2-Embebidos/cpu/software/alarm_bsp/\libhal_bsp.a(alt_irq_vars.o)
                                        0x171 (size before relaxing)
 .debug_str     0x00000000000006cf      0x124 c:/Users/leahy/Documents/TEC/II-SEM-2021/SistemasEmbebidos/Proyecto-2-Embebidos/cpu/software/alarm_bsp/\libhal_bsp.a(alt_load.o)
                                        0x282 (size before relaxing)
 .debug_str     0x00000000000007f3       0x5e c:/Users/leahy/Documents/TEC/II-SEM-2021/SistemasEmbebidos/Proyecto-2-Embebidos/cpu/software/alarm_bsp/\libhal_bsp.a(alt_main.o)
                                        0x1b2 (size before relaxing)
 .debug_str     0x0000000000000851       0x90 c:/Users/leahy/Documents/TEC/II-SEM-2021/SistemasEmbebidos/Proyecto-2-Embebidos/cpu/software/alarm_bsp/\libhal_bsp.a(alt_sys_init.o)
                                        0x1f9 (size before relaxing)
 .debug_str     0x00000000000008e1       0x1f c:/Users/leahy/Documents/TEC/II-SEM-2021/SistemasEmbebidos/Proyecto-2-Embebidos/cpu/software/alarm_bsp/\libhal_bsp.a(alt_dcache_flush_all.o)
                                        0x183 (size before relaxing)
 .debug_str     0x0000000000000900       0x1e c:/Users/leahy/Documents/TEC/II-SEM-2021/SistemasEmbebidos/Proyecto-2-Embebidos/cpu/software/alarm_bsp/\libhal_bsp.a(alt_exception_entry.o)
                                         0x94 (size before relaxing)
 .debug_str     0x000000000000091e       0x1f c:/Users/leahy/Documents/TEC/II-SEM-2021/SistemasEmbebidos/Proyecto-2-Embebidos/cpu/software/alarm_bsp/\libhal_bsp.a(alt_icache_flush_all.o)
                                        0x183 (size before relaxing)
 .debug_str     0x000000000000093d      0x48b c:/Users/leahy/Documents/TEC/II-SEM-2021/SistemasEmbebidos/Proyecto-2-Embebidos/cpu/software/alarm_bsp/\libhal_bsp.a(alt_instruction_exception_entry.o)
                                        0x5d7 (size before relaxing)
 .debug_str     0x0000000000000dc8       0x20 c:/Users/leahy/Documents/TEC/II-SEM-2021/SistemasEmbebidos/Proyecto-2-Embebidos/cpu/software/alarm_bsp/\libhal_bsp.a(altera_nios2_gen2_irq.o)
                                        0x18a (size before relaxing)
 .debug_str     0x0000000000000de8      0x14e c:/intelfpga_lite/20.1/nios2eds/bin/gnu/h-x86_64-mingw32/bin/../lib/gcc/nios2-elf/10.1.1/../../../../../H-x86_64-mingw32/nios2-elf/lib/mno-hw-mul\libsmallc.a(lib_a-memcpy.o)
                                        0x1ea (size before relaxing)

.debug_loc      0x0000000000000000      0xde2
 *(.debug_loc)
 .debug_loc     0x0000000000000000       0x25 obj/default/hello_world_small.o
 .debug_loc     0x0000000000000025      0x5d0 c:/intelfpga_lite/20.1/nios2eds/bin/gnu/h-x86_64-mingw32/bin/../lib/gcc/nios2-elf/10.1.1/mno-hw-mul\libgcc.a(lib2-divmod.o)
 .debug_loc     0x00000000000005f5      0x205 c:/Users/leahy/Documents/TEC/II-SEM-2021/SistemasEmbebidos/Proyecto-2-Embebidos/cpu/software/alarm_bsp/\libhal_bsp.a(alt_iic.o)
 .debug_loc     0x00000000000007fa      0x23c c:/Users/leahy/Documents/TEC/II-SEM-2021/SistemasEmbebidos/Proyecto-2-Embebidos/cpu/software/alarm_bsp/\libhal_bsp.a(alt_iic_isr_register.o)
 .debug_loc     0x0000000000000a36       0xac c:/Users/leahy/Documents/TEC/II-SEM-2021/SistemasEmbebidos/Proyecto-2-Embebidos/cpu/software/alarm_bsp/\libhal_bsp.a(alt_irq_handler.o)
 .debug_loc     0x0000000000000ae2      0x13e c:/Users/leahy/Documents/TEC/II-SEM-2021/SistemasEmbebidos/Proyecto-2-Embebidos/cpu/software/alarm_bsp/\libhal_bsp.a(alt_irq_register.o)
 .debug_loc     0x0000000000000c20       0x25 c:/Users/leahy/Documents/TEC/II-SEM-2021/SistemasEmbebidos/Proyecto-2-Embebidos/cpu/software/alarm_bsp/\libhal_bsp.a(alt_sys_init.o)
 .debug_loc     0x0000000000000c45       0x73 c:/Users/leahy/Documents/TEC/II-SEM-2021/SistemasEmbebidos/Proyecto-2-Embebidos/cpu/software/alarm_bsp/\libhal_bsp.a(alt_instruction_exception_entry.o)
 .debug_loc     0x0000000000000cb8      0x12a c:/intelfpga_lite/20.1/nios2eds/bin/gnu/h-x86_64-mingw32/bin/../lib/gcc/nios2-elf/10.1.1/../../../../../H-x86_64-mingw32/nios2-elf/lib/mno-hw-mul\libsmallc.a(lib_a-memcpy.o)

.debug_macinfo
 *(.debug_macinfo)

.debug_weaknames
 *(.debug_weaknames)

.debug_funcnames
 *(.debug_funcnames)

.debug_typenames
 *(.debug_typenames)

.debug_varnames
 *(.debug_varnames)

.debug_alt_sim_info
                0x0000000000000000       0x10
 *(.debug_alt_sim_info)
 .debug_alt_sim_info
                0x0000000000000000       0x10 c:/Users/leahy/Documents/TEC/II-SEM-2021/SistemasEmbebidos/Proyecto-2-Embebidos/cpu/software/alarm_bsp//obj/HAL/src/crt0.o
                0x0000000000003400                __alt_data_end = 0x3400
                0x0000000000003400                PROVIDE (__alt_stack_pointer = __alt_data_end)
                [!provide]                        PROVIDE (__alt_stack_limit = __alt_stack_base)
                [!provide]                        PROVIDE (__alt_heap_start = end)
                [!provide]                        PROVIDE (__alt_heap_limit = 0x3400)
OUTPUT(alarm.elf elf32-littlenios2)
LOAD linker stubs

.debug_ranges   0x0000000000000000      0x1f8
 .debug_ranges  0x0000000000000000       0x20 c:/Users/leahy/Documents/TEC/II-SEM-2021/SistemasEmbebidos/Proyecto-2-Embebidos/cpu/software/alarm_bsp//obj/HAL/src/crt0.o
 .debug_ranges  0x0000000000000020       0x30 obj/default/hello_world_small.o
 .debug_ranges  0x0000000000000050       0x70 c:/intelfpga_lite/20.1/nios2eds/bin/gnu/h-x86_64-mingw32/bin/../lib/gcc/nios2-elf/10.1.1/mno-hw-mul\libgcc.a(lib2-divmod.o)
 .debug_ranges  0x00000000000000c0       0x18 c:/Users/leahy/Documents/TEC/II-SEM-2021/SistemasEmbebidos/Proyecto-2-Embebidos/cpu/software/alarm_bsp/\libhal_bsp.a(alt_iic_isr_register.o)
 .debug_ranges  0x00000000000000d8       0x28 c:/Users/leahy/Documents/TEC/II-SEM-2021/SistemasEmbebidos/Proyecto-2-Embebidos/cpu/software/alarm_bsp/\libhal_bsp.a(alt_irq_entry.o)
 .debug_ranges  0x0000000000000100       0x28 c:/Users/leahy/Documents/TEC/II-SEM-2021/SistemasEmbebidos/Proyecto-2-Embebidos/cpu/software/alarm_bsp/\libhal_bsp.a(alt_irq_handler.o)
 .debug_ranges  0x0000000000000128       0x48 c:/Users/leahy/Documents/TEC/II-SEM-2021/SistemasEmbebidos/Proyecto-2-Embebidos/cpu/software/alarm_bsp/\libhal_bsp.a(alt_irq_register.o)
 .debug_ranges  0x0000000000000170       0x30 c:/Users/leahy/Documents/TEC/II-SEM-2021/SistemasEmbebidos/Proyecto-2-Embebidos/cpu/software/alarm_bsp/\libhal_bsp.a(alt_load.o)
 .debug_ranges  0x00000000000001a0       0x30 c:/Users/leahy/Documents/TEC/II-SEM-2021/SistemasEmbebidos/Proyecto-2-Embebidos/cpu/software/alarm_bsp/\libhal_bsp.a(alt_exception_entry.o)
 .debug_ranges  0x00000000000001d0       0x18 c:/Users/leahy/Documents/TEC/II-SEM-2021/SistemasEmbebidos/Proyecto-2-Embebidos/cpu/software/alarm_bsp/\libhal_bsp.a(alt_instruction_exception_entry.o)
 .debug_ranges  0x00000000000001e8       0x10 c:/intelfpga_lite/20.1/nios2eds/bin/gnu/h-x86_64-mingw32/bin/../lib/gcc/nios2-elf/10.1.1/../../../../../H-x86_64-mingw32/nios2-elf/lib/mno-hw-mul\libsmallc.a(lib_a-memcpy.o)
