Archive member included to satisfy reference by file (symbol)

c:/intelfpga_lite/20.1/nios2eds/bin/gnu/h-x86_64-mingw32/bin/../lib/gcc/nios2-elf/10.1.1/mno-hw-mul\libgcc.a(lib2-divmod.o)
                              obj/default/hello_world_small.o (__udivsi3)
c:/Users/leahy/Documents/TEC/II-SEM-2021/SistemasEmbebidos/Proyecto-2-Embebidos/cpu/software/alarm_bsp/\libhal_bsp.a(alt_iic.o)
                              obj/default/hello_world_small.o (alt_ic_isr_register)
c:/Users/leahy/Documents/TEC/II-SEM-2021/SistemasEmbebidos/Proyecto-2-Embebidos/cpu/software/alarm_bsp/\libhal_bsp.a(alt_iic_isr_register.o)
                              c:/Users/leahy/Documents/TEC/II-SEM-2021/SistemasEmbebidos/Proyecto-2-Embebidos/cpu/software/alarm_bsp/\libhal_bsp.a(alt_iic.o) (alt_iic_isr_register)
c:/Users/leahy/Documents/TEC/II-SEM-2021/SistemasEmbebidos/Proyecto-2-Embebidos/cpu/software/alarm_bsp/\libhal_bsp.a(alt_irq_entry.o)
                              c:/Users/leahy/Documents/TEC/II-SEM-2021/SistemasEmbebidos/Proyecto-2-Embebidos/cpu/software/alarm_bsp/\libhal_bsp.a(alt_iic_isr_register.o) (alt_irq_entry)
c:/Users/leahy/Documents/TEC/II-SEM-2021/SistemasEmbebidos/Proyecto-2-Embebidos/cpu/software/alarm_bsp/\libhal_bsp.a(alt_irq_handler.o)
                              c:/Users/leahy/Documents/TEC/II-SEM-2021/SistemasEmbebidos/Proyecto-2-Embebidos/cpu/software/alarm_bsp/\libhal_bsp.a(alt_iic_isr_register.o) (alt_irq_handler)
c:/Users/leahy/Documents/TEC/II-SEM-2021/SistemasEmbebidos/Proyecto-2-Embebidos/cpu/software/alarm_bsp/\libhal_bsp.a(alt_irq_register.o)
                              obj/default/hello_world_small.o (alt_irq_register)
c:/Users/leahy/Documents/TEC/II-SEM-2021/SistemasEmbebidos/Proyecto-2-Embebidos/cpu/software/alarm_bsp/\libhal_bsp.a(alt_irq_vars.o)
                              c:/Users/leahy/Documents/TEC/II-SEM-2021/SistemasEmbebidos/Proyecto-2-Embebidos/cpu/software/alarm_bsp/\libhal_bsp.a(alt_iic.o) (alt_irq_active)
c:/Users/leahy/Documents/TEC/II-SEM-2021/SistemasEmbebidos/Proyecto-2-Embebidos/cpu/software/alarm_bsp/\libhal_bsp.a(alt_load.o)
                              c:/Users/leahy/Documents/TEC/II-SEM-2021/SistemasEmbebidos/Proyecto-2-Embebidos/cpu/software/alarm_bsp//obj/HAL/src/crt0.o (alt_load)
c:/Users/leahy/Documents/TEC/II-SEM-2021/SistemasEmbebidos/Proyecto-2-Embebidos/cpu/software/alarm_bsp/\libhal_bsp.a(alt_main.o)
                              c:/Users/leahy/Documents/TEC/II-SEM-2021/SistemasEmbebidos/Proyecto-2-Embebidos/cpu/software/alarm_bsp//obj/HAL/src/crt0.o (alt_main)
c:/Users/leahy/Documents/TEC/II-SEM-2021/SistemasEmbebidos/Proyecto-2-Embebidos/cpu/software/alarm_bsp/\libhal_bsp.a(alt_sys_init.o)
                              c:/Users/leahy/Documents/TEC/II-SEM-2021/SistemasEmbebidos/Proyecto-2-Embebidos/cpu/software/alarm_bsp/\libhal_bsp.a(alt_main.o) (alt_irq_init)
c:/Users/leahy/Documents/TEC/II-SEM-2021/SistemasEmbebidos/Proyecto-2-Embebidos/cpu/software/alarm_bsp/\libhal_bsp.a(alt_dcache_flush_all.o)
                              c:/Users/leahy/Documents/TEC/II-SEM-2021/SistemasEmbebidos/Proyecto-2-Embebidos/cpu/software/alarm_bsp/\libhal_bsp.a(alt_load.o) (alt_dcache_flush_all)
c:/Users/leahy/Documents/TEC/II-SEM-2021/SistemasEmbebidos/Proyecto-2-Embebidos/cpu/software/alarm_bsp/\libhal_bsp.a(alt_exception_entry.o)
                              c:/Users/leahy/Documents/TEC/II-SEM-2021/SistemasEmbebidos/Proyecto-2-Embebidos/cpu/software/alarm_bsp/\libhal_bsp.a(alt_irq_entry.o) (alt_exception)
c:/Users/leahy/Documents/TEC/II-SEM-2021/SistemasEmbebidos/Proyecto-2-Embebidos/cpu/software/alarm_bsp/\libhal_bsp.a(alt_icache_flush_all.o)
                              c:/Users/leahy/Documents/TEC/II-SEM-2021/SistemasEmbebidos/Proyecto-2-Embebidos/cpu/software/alarm_bsp/\libhal_bsp.a(alt_load.o) (alt_icache_flush_all)
c:/Users/leahy/Documents/TEC/II-SEM-2021/SistemasEmbebidos/Proyecto-2-Embebidos/cpu/software/alarm_bsp/\libhal_bsp.a(alt_instruction_exception_entry.o)
                              c:/Users/leahy/Documents/TEC/II-SEM-2021/SistemasEmbebidos/Proyecto-2-Embebidos/cpu/software/alarm_bsp/\libhal_bsp.a(alt_exception_entry.o) (alt_instruction_exception_entry)
c:/Users/leahy/Documents/TEC/II-SEM-2021/SistemasEmbebidos/Proyecto-2-Embebidos/cpu/software/alarm_bsp/\libhal_bsp.a(altera_nios2_gen2_irq.o)
                              c:/Users/leahy/Documents/TEC/II-SEM-2021/SistemasEmbebidos/Proyecto-2-Embebidos/cpu/software/alarm_bsp/\libhal_bsp.a(alt_sys_init.o) (altera_nios2_gen2_irq_init)
c:/intelfpga_lite/20.1/nios2eds/bin/gnu/h-x86_64-mingw32/bin/../lib/gcc/nios2-elf/10.1.1/../../../../../H-x86_64-mingw32/nios2-elf/lib/mno-hw-mul\libsmallc.a(lib_a-memcpy.o)
                              c:/Users/leahy/Documents/TEC/II-SEM-2021/SistemasEmbebidos/Proyecto-2-Embebidos/cpu/software/alarm_bsp/\libhal_bsp.a(alt_load.o) (memcpy)

Memory Configuration

Name             Origin             Length             Attributes
reset            0x0000000000001000 0x0000000000000020
RAM              0x0000000000001020 0x0000000000000fe0
*default*        0x0000000000000000 0xffffffffffffffff

Linker script and memory map

LOAD c:/Users/leahy/Documents/TEC/II-SEM-2021/SistemasEmbebidos/Proyecto-2-Embebidos/cpu/software/alarm_bsp//obj/HAL/src/crt0.o
LOAD obj/default/hello_world_small.o
LOAD c:/intelfpga_lite/20.1/nios2eds/bin/gnu/h-x86_64-mingw32/bin/../lib/gcc/nios2-elf/10.1.1/../../../../../H-x86_64-mingw32/nios2-elf/lib/mno-hw-mul\libstdc++.a
LOAD c:/intelfpga_lite/20.1/nios2eds/bin/gnu/h-x86_64-mingw32/bin/../lib/gcc/nios2-elf/10.1.1/../../../../../H-x86_64-mingw32/nios2-elf/lib/mno-hw-mul\libm.a
LOAD c:/intelfpga_lite/20.1/nios2eds/bin/gnu/h-x86_64-mingw32/bin/../lib/gcc/nios2-elf/10.1.1/mno-hw-mul\libgcc.a
START GROUP
LOAD c:/intelfpga_lite/20.1/nios2eds/bin/gnu/h-x86_64-mingw32/bin/../lib/gcc/nios2-elf/10.1.1/../../../../../H-x86_64-mingw32/nios2-elf/lib/mno-hw-mul\libsmallc.a
LOAD c:/intelfpga_lite/20.1/nios2eds/bin/gnu/h-x86_64-mingw32/bin/../lib/gcc/nios2-elf/10.1.1/mno-hw-mul\libgcc.a
LOAD c:/Users/leahy/Documents/TEC/II-SEM-2021/SistemasEmbebidos/Proyecto-2-Embebidos/cpu/software/alarm_bsp/\libhal_bsp.a
LOAD c:/intelfpga_lite/20.1/nios2eds/bin/gnu/h-x86_64-mingw32/bin/../lib/gcc/nios2-elf/10.1.1/../../../../../H-x86_64-mingw32/nios2-elf/lib/mno-hw-mul\libm.a
END GROUP
LOAD c:/intelfpga_lite/20.1/nios2eds/bin/gnu/h-x86_64-mingw32/bin/../lib/gcc/nios2-elf/10.1.1/mno-hw-mul\libgcc.a
                0x0000000000001000                __alt_mem_RAM = 0x1000

.entry          0x0000000000001000       0x20
 *(.entry)
 .entry         0x0000000000001000       0x20 c:/Users/leahy/Documents/TEC/II-SEM-2021/SistemasEmbebidos/Proyecto-2-Embebidos/cpu/software/alarm_bsp//obj/HAL/src/crt0.o
                0x0000000000001000                __reset
                0x000000000000100c                _exit

.exceptions     0x0000000000001020      0x160
                0x0000000000001020                PROVIDE (__ram_exceptions_start = ABSOLUTE (.))
                0x0000000000001020                . = ALIGN (0x20)
 *(.irq)
 *(.exceptions.entry.label)
 .exceptions.entry.label
                0x0000000000001020        0x0 c:/Users/leahy/Documents/TEC/II-SEM-2021/SistemasEmbebidos/Proyecto-2-Embebidos/cpu/software/alarm_bsp/\libhal_bsp.a(alt_irq_entry.o)
                0x0000000000001020                alt_irq_entry
 .exceptions.entry.label
                0x0000000000001020        0x0 c:/Users/leahy/Documents/TEC/II-SEM-2021/SistemasEmbebidos/Proyecto-2-Embebidos/cpu/software/alarm_bsp/\libhal_bsp.a(alt_exception_entry.o)
                0x0000000000001020                alt_exception
 *(.exceptions.entry.user)
 *(.exceptions.entry.ecc_fatal)
 *(.exceptions.entry)
 .exceptions.entry
                0x0000000000001020       0x54 c:/Users/leahy/Documents/TEC/II-SEM-2021/SistemasEmbebidos/Proyecto-2-Embebidos/cpu/software/alarm_bsp/\libhal_bsp.a(alt_exception_entry.o)
 *(.exceptions.irqtest.user)
 *(.exceptions.irqtest)
 .exceptions.irqtest
                0x0000000000001074       0x10 c:/Users/leahy/Documents/TEC/II-SEM-2021/SistemasEmbebidos/Proyecto-2-Embebidos/cpu/software/alarm_bsp/\libhal_bsp.a(alt_irq_entry.o)
 *(.exceptions.irqhandler.user)
 *(.exceptions.irqhandler)
 .exceptions.irqhandler
                0x0000000000001084        0x4 c:/Users/leahy/Documents/TEC/II-SEM-2021/SistemasEmbebidos/Proyecto-2-Embebidos/cpu/software/alarm_bsp/\libhal_bsp.a(alt_irq_entry.o)
 *(.exceptions.irqreturn.user)
 *(.exceptions.irqreturn)
 .exceptions.irqreturn
                0x0000000000001088        0x4 c:/Users/leahy/Documents/TEC/II-SEM-2021/SistemasEmbebidos/Proyecto-2-Embebidos/cpu/software/alarm_bsp/\libhal_bsp.a(alt_irq_entry.o)
 *(.exceptions.notirq.label)
 .exceptions.notirq.label
                0x000000000000108c        0x0 c:/Users/leahy/Documents/TEC/II-SEM-2021/SistemasEmbebidos/Proyecto-2-Embebidos/cpu/software/alarm_bsp/\libhal_bsp.a(alt_irq_entry.o)
 *(.exceptions.notirq.user)
 *(.exceptions.notirq)
 .exceptions.notirq
                0x000000000000108c        0x8 c:/Users/leahy/Documents/TEC/II-SEM-2021/SistemasEmbebidos/Proyecto-2-Embebidos/cpu/software/alarm_bsp/\libhal_bsp.a(alt_exception_entry.o)
 *(.exceptions.soft.user)
 *(.exceptions.soft)
 *(.exceptions.unknown.user)
 *(.exceptions.unknown)
 .exceptions.unknown
                0x0000000000001094       0x14 c:/Users/leahy/Documents/TEC/II-SEM-2021/SistemasEmbebidos/Proyecto-2-Embebidos/cpu/software/alarm_bsp/\libhal_bsp.a(alt_exception_entry.o)
 *(.exceptions.exit.label)
 .exceptions.exit.label
                0x00000000000010a8        0x0 c:/Users/leahy/Documents/TEC/II-SEM-2021/SistemasEmbebidos/Proyecto-2-Embebidos/cpu/software/alarm_bsp/\libhal_bsp.a(alt_irq_entry.o)
 .exceptions.exit.label
                0x00000000000010a8        0x0 c:/Users/leahy/Documents/TEC/II-SEM-2021/SistemasEmbebidos/Proyecto-2-Embebidos/cpu/software/alarm_bsp/\libhal_bsp.a(alt_exception_entry.o)
 *(.exceptions.exit.user)
 *(.exceptions.exit)
 .exceptions.exit
                0x00000000000010a8       0x54 c:/Users/leahy/Documents/TEC/II-SEM-2021/SistemasEmbebidos/Proyecto-2-Embebidos/cpu/software/alarm_bsp/\libhal_bsp.a(alt_exception_entry.o)
 *(.exceptions)
 .exceptions    0x00000000000010fc       0x60 c:/Users/leahy/Documents/TEC/II-SEM-2021/SistemasEmbebidos/Proyecto-2-Embebidos/cpu/software/alarm_bsp/\libhal_bsp.a(alt_irq_handler.o)
                0x00000000000010fc                alt_irq_handler
 .exceptions    0x000000000000115c       0x24 c:/Users/leahy/Documents/TEC/II-SEM-2021/SistemasEmbebidos/Proyecto-2-Embebidos/cpu/software/alarm_bsp/\libhal_bsp.a(alt_instruction_exception_entry.o)
                0x000000000000115c                alt_instruction_exception_entry
                0x0000000000001180                PROVIDE (__ram_exceptions_end = ABSOLUTE (.))
                0x0000000000001020                PROVIDE (__flash_exceptions_start = LOADADDR (.exceptions))

.text           0x0000000000001180      0x9a8
                [!provide]                        PROVIDE (stext = ABSOLUTE (.))
 *(.interp)
 *(.hash)
 *(.dynsym)
 *(.dynstr)
 *(.gnu.version)
 *(.gnu.version_d)
 *(.gnu.version_r)
 *(.rel.init)
 *(.rela.init)
 *(.rel.text .rel.text.* .rel.gnu.linkonce.t.*)
 *(.rela.text .rela.text.* .rela.gnu.linkonce.t.*)
 *(.rel.fini)
 *(.rela.fini)
 *(.rel.rodata .rel.rodata.* .rel.gnu.linkonce.r.*)
 *(.rela.rodata .rela.rodata.* .rela.gnu.linkonce.r.*)
 *(.rel.data .rel.data.* .rel.gnu.linkonce.d.*)
 *(.rela.data .rela.data.* .rela.gnu.linkonce.d.*)
 *(.rel.tdata .rel.tdata.* .rel.gnu.linkonce.td.*)
 *(.rela.tdata .rela.tdata.* .rela.gnu.linkonce.td.*)
 *(.rel.tbss .rel.tbss.* .rel.gnu.linkonce.tb.*)
 *(.rela.tbss .rela.tbss.* .rela.gnu.linkonce.tb.*)
 *(.rel.ctors)
 *(.rela.ctors)
 *(.rel.dtors)
 *(.rela.dtors)
 *(.rel.got)
 *(.rela.got)
 *(.rel.sdata .rel.sdata.* .rel.gnu.linkonce.s.*)
 *(.rela.sdata .rela.sdata.* .rela.gnu.linkonce.s.*)
 *(.rel.sbss .rel.sbss.* .rel.gnu.linkonce.sb.*)
 *(.rela.sbss .rela.sbss.* .rela.gnu.linkonce.sb.*)
 *(.rel.sdata2 .rel.sdata2.* .rel.gnu.linkonce.s2.*)
 *(.rela.sdata2 .rela.sdata2.* .rela.gnu.linkonce.s2.*)
 *(.rel.sbss2 .rel.sbss2.* .rel.gnu.linkonce.sb2.*)
 *(.rela.sbss2 .rela.sbss2.* .rela.gnu.linkonce.sb2.*)
 *(.rel.bss .rel.bss.* .rel.gnu.linkonce.b.*)
 *(.rela.bss .rela.bss.* .rela.gnu.linkonce.b.*)
 *(.rel.plt)
 *(.rela.plt)
 *(.rel.dyn)
 *(.init)
 *(.plt)
 *(.text .stub .text.* .gnu.linkonce.t.*)
 .text          0x0000000000001180       0x3c c:/Users/leahy/Documents/TEC/II-SEM-2021/SistemasEmbebidos/Proyecto-2-Embebidos/cpu/software/alarm_bsp//obj/HAL/src/crt0.o
                0x0000000000001180                _start
 .text          0x00000000000011bc      0x418 obj/default/hello_world_small.o
                0x00000000000011bc                changeMode
                0x0000000000001230                changeTimeMode
                0x000000000000127c                initializeInterrupts
                0x000000000000131c                countTime
                0x00000000000013b0                numberToSeg7
                0x0000000000001448                showNumbers
                0x0000000000001518                handleTimer
                0x0000000000001548                changeTime
 .text.startup  0x00000000000015d4       0xa0 obj/default/hello_world_small.o
                0x00000000000015d4                main
 .text          0x0000000000001674      0x1b4 c:/intelfpga_lite/20.1/nios2eds/bin/gnu/h-x86_64-mingw32/bin/../lib/gcc/nios2-elf/10.1.1/mno-hw-mul\libgcc.a(lib2-divmod.o)
                0x0000000000001674                __divsi3
                0x00000000000016f4                __modsi3
                0x0000000000001768                __udivsi3
                0x00000000000017cc                __umodsi3
 .text          0x0000000000001828       0x8c c:/Users/leahy/Documents/TEC/II-SEM-2021/SistemasEmbebidos/Proyecto-2-Embebidos/cpu/software/alarm_bsp/\libhal_bsp.a(alt_iic.o)
                0x0000000000001828                alt_ic_isr_register
                0x000000000000182c                alt_ic_irq_enable
                0x0000000000001864                alt_ic_irq_disable
                0x000000000000189c                alt_ic_irq_enabled
 .text          0x00000000000018b4       0x68 c:/Users/leahy/Documents/TEC/II-SEM-2021/SistemasEmbebidos/Proyecto-2-Embebidos/cpu/software/alarm_bsp/\libhal_bsp.a(alt_iic_isr_register.o)
                0x00000000000018b4                alt_iic_isr_register
 .text          0x000000000000191c        0x0 c:/Users/leahy/Documents/TEC/II-SEM-2021/SistemasEmbebidos/Proyecto-2-Embebidos/cpu/software/alarm_bsp/\libhal_bsp.a(alt_irq_entry.o)
 .text          0x000000000000191c        0x0 c:/Users/leahy/Documents/TEC/II-SEM-2021/SistemasEmbebidos/Proyecto-2-Embebidos/cpu/software/alarm_bsp/\libhal_bsp.a(alt_irq_handler.o)
 .text          0x000000000000191c       0x90 c:/Users/leahy/Documents/TEC/II-SEM-2021/SistemasEmbebidos/Proyecto-2-Embebidos/cpu/software/alarm_bsp/\libhal_bsp.a(alt_irq_register.o)
                0x000000000000191c                alt_irq_register
 .text          0x00000000000019ac        0x0 c:/Users/leahy/Documents/TEC/II-SEM-2021/SistemasEmbebidos/Proyecto-2-Embebidos/cpu/software/alarm_bsp/\libhal_bsp.a(alt_irq_vars.o)
 .text          0x00000000000019ac       0x84 c:/Users/leahy/Documents/TEC/II-SEM-2021/SistemasEmbebidos/Proyecto-2-Embebidos/cpu/software/alarm_bsp/\libhal_bsp.a(alt_load.o)
                0x00000000000019ac                alt_load
 .text          0x0000000000001a30       0x2c c:/Users/leahy/Documents/TEC/II-SEM-2021/SistemasEmbebidos/Proyecto-2-Embebidos/cpu/software/alarm_bsp/\libhal_bsp.a(alt_main.o)
                0x0000000000001a30                alt_main
 .text          0x0000000000001a5c       0x24 c:/Users/leahy/Documents/TEC/II-SEM-2021/SistemasEmbebidos/Proyecto-2-Embebidos/cpu/software/alarm_bsp/\libhal_bsp.a(alt_sys_init.o)
                0x0000000000001a5c                alt_irq_init
                0x0000000000001a7c                alt_sys_init
 .text          0x0000000000001a80        0x4 c:/Users/leahy/Documents/TEC/II-SEM-2021/SistemasEmbebidos/Proyecto-2-Embebidos/cpu/software/alarm_bsp/\libhal_bsp.a(alt_dcache_flush_all.o)
                0x0000000000001a80                alt_dcache_flush_all
 .text          0x0000000000001a84        0x0 c:/Users/leahy/Documents/TEC/II-SEM-2021/SistemasEmbebidos/Proyecto-2-Embebidos/cpu/software/alarm_bsp/\libhal_bsp.a(alt_exception_entry.o)
 .text          0x0000000000001a84        0x4 c:/Users/leahy/Documents/TEC/II-SEM-2021/SistemasEmbebidos/Proyecto-2-Embebidos/cpu/software/alarm_bsp/\libhal_bsp.a(alt_icache_flush_all.o)
                0x0000000000001a84                alt_icache_flush_all
 .text          0x0000000000001a88       0x70 c:/Users/leahy/Documents/TEC/II-SEM-2021/SistemasEmbebidos/Proyecto-2-Embebidos/cpu/software/alarm_bsp/\libhal_bsp.a(alt_instruction_exception_entry.o)
                0x0000000000001a88                alt_exception_cause_generated_bad_addr
 .text          0x0000000000001af8        0x8 c:/Users/leahy/Documents/TEC/II-SEM-2021/SistemasEmbebidos/Proyecto-2-Embebidos/cpu/software/alarm_bsp/\libhal_bsp.a(altera_nios2_gen2_irq.o)
                0x0000000000001af8                altera_nios2_gen2_irq_init
 .text          0x0000000000001b00        0x0 c:/intelfpga_lite/20.1/nios2eds/bin/gnu/h-x86_64-mingw32/bin/../lib/gcc/nios2-elf/10.1.1/../../../../../H-x86_64-mingw32/nios2-elf/lib/mno-hw-mul\libsmallc.a(lib_a-memcpy.o)
 .text.memcpy   0x0000000000001b00       0x28 c:/intelfpga_lite/20.1/nios2eds/bin/gnu/h-x86_64-mingw32/bin/../lib/gcc/nios2-elf/10.1.1/../../../../../H-x86_64-mingw32/nios2-elf/lib/mno-hw-mul\libsmallc.a(lib_a-memcpy.o)
                0x0000000000001b00                memcpy
 *(.gnu.warning.*)
 *(.fini)
                [!provide]                        PROVIDE (__etext = ABSOLUTE (.))
                [!provide]                        PROVIDE (_etext = ABSOLUTE (.))
                [!provide]                        PROVIDE (etext = ABSOLUTE (.))
 *(.eh_frame_hdr)
                0x0000000000001b28                . = ALIGN (0x4)
                [!provide]                        PROVIDE (__preinit_array_start = ABSOLUTE (.))
 *(.preinit_array)
                [!provide]                        PROVIDE (__preinit_array_end = ABSOLUTE (.))
                [!provide]                        PROVIDE (__init_array_start = ABSOLUTE (.))
 *(.init_array)
                [!provide]                        PROVIDE (__init_array_end = ABSOLUTE (.))
                [!provide]                        PROVIDE (__fini_array_start = ABSOLUTE (.))
 *(.fini_array)
                [!provide]                        PROVIDE (__fini_array_end = ABSOLUTE (.))
 *(.eh_frame)
 *(.gcc_except_table .gcc_except_table.*)
 *(.dynamic)
                [!provide]                        PROVIDE (__CTOR_LIST__ = ABSOLUTE (.))
 *(.ctors)
 *(SORT_BY_NAME(.ctors.*))
                [!provide]                        PROVIDE (__CTOR_END__ = ABSOLUTE (.))
                [!provide]                        PROVIDE (__DTOR_LIST__ = ABSOLUTE (.))
 *(.dtors)
 *(SORT_BY_NAME(.dtors.*))
                [!provide]                        PROVIDE (__DTOR_END__ = ABSOLUTE (.))
 *(.jcr)
                0x0000000000001b28                . = ALIGN (0x4)

.rodata         0x0000000000001b28        0x0
                0x0000000000001b28                PROVIDE (__ram_rodata_start = ABSOLUTE (.))
                0x0000000000001b28                . = ALIGN (0x4)
 *(.rodata .rodata.* .gnu.linkonce.r.*)
 *(.rodata1)
                0x0000000000001b28                . = ALIGN (0x4)
                0x0000000000001b28                PROVIDE (__ram_rodata_end = ABSOLUTE (.))
                0x0000000000001b28                PROVIDE (__flash_rodata_start = LOADADDR (.rodata))

.rwdata         0x0000000000001b28       0x28 load address 0x0000000000001b50
                0x0000000000001b28                PROVIDE (__ram_rwdata_start = ABSOLUTE (.))
                0x0000000000001b28                . = ALIGN (0x4)
 *(.got.plt)
 *(.got)
 *(.data1)
 *(.data .data.* .gnu.linkonce.d.*)
 .data          0x0000000000001b28        0x0 c:/Users/leahy/Documents/TEC/II-SEM-2021/SistemasEmbebidos/Proyecto-2-Embebidos/cpu/software/alarm_bsp//obj/HAL/src/crt0.o
 .data          0x0000000000001b28        0x0 obj/default/hello_world_small.o
 .data          0x0000000000001b28        0x0 c:/intelfpga_lite/20.1/nios2eds/bin/gnu/h-x86_64-mingw32/bin/../lib/gcc/nios2-elf/10.1.1/mno-hw-mul\libgcc.a(lib2-divmod.o)
 .data          0x0000000000001b28        0x0 c:/Users/leahy/Documents/TEC/II-SEM-2021/SistemasEmbebidos/Proyecto-2-Embebidos/cpu/software/alarm_bsp/\libhal_bsp.a(alt_iic.o)
 .data          0x0000000000001b28        0x0 c:/Users/leahy/Documents/TEC/II-SEM-2021/SistemasEmbebidos/Proyecto-2-Embebidos/cpu/software/alarm_bsp/\libhal_bsp.a(alt_iic_isr_register.o)
 .data          0x0000000000001b28        0x0 c:/Users/leahy/Documents/TEC/II-SEM-2021/SistemasEmbebidos/Proyecto-2-Embebidos/cpu/software/alarm_bsp/\libhal_bsp.a(alt_irq_entry.o)
 .data          0x0000000000001b28        0x0 c:/Users/leahy/Documents/TEC/II-SEM-2021/SistemasEmbebidos/Proyecto-2-Embebidos/cpu/software/alarm_bsp/\libhal_bsp.a(alt_irq_handler.o)
 .data          0x0000000000001b28        0x0 c:/Users/leahy/Documents/TEC/II-SEM-2021/SistemasEmbebidos/Proyecto-2-Embebidos/cpu/software/alarm_bsp/\libhal_bsp.a(alt_irq_register.o)
 .data          0x0000000000001b28        0x0 c:/Users/leahy/Documents/TEC/II-SEM-2021/SistemasEmbebidos/Proyecto-2-Embebidos/cpu/software/alarm_bsp/\libhal_bsp.a(alt_irq_vars.o)
 .data          0x0000000000001b28        0x0 c:/Users/leahy/Documents/TEC/II-SEM-2021/SistemasEmbebidos/Proyecto-2-Embebidos/cpu/software/alarm_bsp/\libhal_bsp.a(alt_load.o)
 .data          0x0000000000001b28        0x0 c:/Users/leahy/Documents/TEC/II-SEM-2021/SistemasEmbebidos/Proyecto-2-Embebidos/cpu/software/alarm_bsp/\libhal_bsp.a(alt_main.o)
 .data          0x0000000000001b28        0x0 c:/Users/leahy/Documents/TEC/II-SEM-2021/SistemasEmbebidos/Proyecto-2-Embebidos/cpu/software/alarm_bsp/\libhal_bsp.a(alt_sys_init.o)
 .data          0x0000000000001b28        0x0 c:/Users/leahy/Documents/TEC/II-SEM-2021/SistemasEmbebidos/Proyecto-2-Embebidos/cpu/software/alarm_bsp/\libhal_bsp.a(alt_dcache_flush_all.o)
 .data          0x0000000000001b28        0x0 c:/Users/leahy/Documents/TEC/II-SEM-2021/SistemasEmbebidos/Proyecto-2-Embebidos/cpu/software/alarm_bsp/\libhal_bsp.a(alt_exception_entry.o)
 .data          0x0000000000001b28        0x0 c:/Users/leahy/Documents/TEC/II-SEM-2021/SistemasEmbebidos/Proyecto-2-Embebidos/cpu/software/alarm_bsp/\libhal_bsp.a(alt_icache_flush_all.o)
 .data          0x0000000000001b28        0x0 c:/Users/leahy/Documents/TEC/II-SEM-2021/SistemasEmbebidos/Proyecto-2-Embebidos/cpu/software/alarm_bsp/\libhal_bsp.a(alt_instruction_exception_entry.o)
 .data          0x0000000000001b28        0x0 c:/Users/leahy/Documents/TEC/II-SEM-2021/SistemasEmbebidos/Proyecto-2-Embebidos/cpu/software/alarm_bsp/\libhal_bsp.a(altera_nios2_gen2_irq.o)
 .data          0x0000000000001b28        0x0 c:/intelfpga_lite/20.1/nios2eds/bin/gnu/h-x86_64-mingw32/bin/../lib/gcc/nios2-elf/10.1.1/../../../../../H-x86_64-mingw32/nios2-elf/lib/mno-hw-mul\libsmallc.a(lib_a-memcpy.o)
                0x0000000000009b28                _gp = ABSOLUTE ((. + 0x8000))
                [!provide]                        PROVIDE (gp = _gp)
 *(.rwdata .rwdata.*)
 *(.sdata .sdata.* .gnu.linkonce.s.*)
 .sdata         0x0000000000001b28       0x20 obj/default/hello_world_small.o
                0x0000000000001b28                ledsPtr
                0x0000000000001b2c                segH1Ptr
                0x0000000000001b30                segH0Ptr
                0x0000000000001b34                segM1Ptr
                0x0000000000001b38                segM0Ptr
                0x0000000000001b3c                segS1Ptr
                0x0000000000001b40                segS0Ptr
                0x0000000000001b44                ramPtr
 .sdata         0x0000000000001b48        0x4 c:/Users/leahy/Documents/TEC/II-SEM-2021/SistemasEmbebidos/Proyecto-2-Embebidos/cpu/software/alarm_bsp/\libhal_bsp.a(alt_irq_vars.o)
                0x0000000000001b48                alt_priority_mask
 .sdata         0x0000000000001b4c        0x4 c:/Users/leahy/Documents/TEC/II-SEM-2021/SistemasEmbebidos/Proyecto-2-Embebidos/cpu/software/alarm_bsp/\libhal_bsp.a(alt_sys_init.o)
                0x0000000000001b4c                UART
 *(.sdata2 .sdata2.* .gnu.linkonce.s2.*)
                0x0000000000001b50                . = ALIGN (0x4)
                0x0000000000001b50                _edata = ABSOLUTE (.)
                [!provide]                        PROVIDE (edata = ABSOLUTE (.))
                0x0000000000001b50                PROVIDE (__ram_rwdata_end = ABSOLUTE (.))
                0x0000000000001b50                PROVIDE (__flash_rwdata_start = LOADADDR (.rwdata))

.bss            0x0000000000001b78      0x134
                0x0000000000001b78                __bss_start = ABSOLUTE (.)
                [!provide]                        PROVIDE (__sbss_start = ABSOLUTE (.))
                [!provide]                        PROVIDE (___sbss_start = ABSOLUTE (.))
 *(.dynsbss)
 *(.sbss .sbss.* .gnu.linkonce.sb.*)
 .sbss          0x0000000000001b78       0x20 obj/default/hello_world_small.o
                0x0000000000001b78                configPtr
                0x0000000000001b7c                hourPtr
                0x0000000000001b80                minPtr
                0x0000000000001b84                segPtr
                0x0000000000001b88                modePtr
                0x0000000000001b8c                btSelEdgeCapture
                0x0000000000001b90                btIncEdgeCapture
                0x0000000000001b94                btModeEdgeCapture
 .sbss          0x0000000000001b98        0x4 c:/Users/leahy/Documents/TEC/II-SEM-2021/SistemasEmbebidos/Proyecto-2-Embebidos/cpu/software/alarm_bsp/\libhal_bsp.a(alt_irq_vars.o)
                0x0000000000001b98                alt_irq_active
 .sbss          0x0000000000001b9c        0xc c:/Users/leahy/Documents/TEC/II-SEM-2021/SistemasEmbebidos/Proyecto-2-Embebidos/cpu/software/alarm_bsp/\libhal_bsp.a(alt_main.o)
                0x0000000000001b9c                alt_envp
                0x0000000000001ba0                alt_argv
                0x0000000000001ba4                alt_argc
 .sbss          0x0000000000001ba8        0x4 c:/Users/leahy/Documents/TEC/II-SEM-2021/SistemasEmbebidos/Proyecto-2-Embebidos/cpu/software/alarm_bsp/\libhal_bsp.a(alt_instruction_exception_entry.o)
                0x0000000000001ba8                alt_instruction_exception_handler
 *(.sbss2 .sbss2.* .gnu.linkonce.sb2.*)
 *(.scommon)
                [!provide]                        PROVIDE (__sbss_end = ABSOLUTE (.))
                [!provide]                        PROVIDE (___sbss_end = ABSOLUTE (.))
 *(.dynbss)
 *(.bss .bss.* .gnu.linkonce.b.*)
 .bss           0x0000000000001bac        0x0 c:/Users/leahy/Documents/TEC/II-SEM-2021/SistemasEmbebidos/Proyecto-2-Embebidos/cpu/software/alarm_bsp//obj/HAL/src/crt0.o
 .bss           0x0000000000001bac        0x0 obj/default/hello_world_small.o
 .bss           0x0000000000001bac        0x0 c:/intelfpga_lite/20.1/nios2eds/bin/gnu/h-x86_64-mingw32/bin/../lib/gcc/nios2-elf/10.1.1/mno-hw-mul\libgcc.a(lib2-divmod.o)
 .bss           0x0000000000001bac        0x0 c:/Users/leahy/Documents/TEC/II-SEM-2021/SistemasEmbebidos/Proyecto-2-Embebidos/cpu/software/alarm_bsp/\libhal_bsp.a(alt_iic.o)
 .bss           0x0000000000001bac        0x0 c:/Users/leahy/Documents/TEC/II-SEM-2021/SistemasEmbebidos/Proyecto-2-Embebidos/cpu/software/alarm_bsp/\libhal_bsp.a(alt_iic_isr_register.o)
 .bss           0x0000000000001bac        0x0 c:/Users/leahy/Documents/TEC/II-SEM-2021/SistemasEmbebidos/Proyecto-2-Embebidos/cpu/software/alarm_bsp/\libhal_bsp.a(alt_irq_entry.o)
 .bss           0x0000000000001bac      0x100 c:/Users/leahy/Documents/TEC/II-SEM-2021/SistemasEmbebidos/Proyecto-2-Embebidos/cpu/software/alarm_bsp/\libhal_bsp.a(alt_irq_handler.o)
                0x0000000000001bac                alt_irq
 .bss           0x0000000000001cac        0x0 c:/Users/leahy/Documents/TEC/II-SEM-2021/SistemasEmbebidos/Proyecto-2-Embebidos/cpu/software/alarm_bsp/\libhal_bsp.a(alt_irq_register.o)
 .bss           0x0000000000001cac        0x0 c:/Users/leahy/Documents/TEC/II-SEM-2021/SistemasEmbebidos/Proyecto-2-Embebidos/cpu/software/alarm_bsp/\libhal_bsp.a(alt_irq_vars.o)
 .bss           0x0000000000001cac        0x0 c:/Users/leahy/Documents/TEC/II-SEM-2021/SistemasEmbebidos/Proyecto-2-Embebidos/cpu/software/alarm_bsp/\libhal_bsp.a(alt_load.o)
 .bss           0x0000000000001cac        0x0 c:/Users/leahy/Documents/TEC/II-SEM-2021/SistemasEmbebidos/Proyecto-2-Embebidos/cpu/software/alarm_bsp/\libhal_bsp.a(alt_main.o)
 .bss           0x0000000000001cac        0x0 c:/Users/leahy/Documents/TEC/II-SEM-2021/SistemasEmbebidos/Proyecto-2-Embebidos/cpu/software/alarm_bsp/\libhal_bsp.a(alt_sys_init.o)
 .bss           0x0000000000001cac        0x0 c:/Users/leahy/Documents/TEC/II-SEM-2021/SistemasEmbebidos/Proyecto-2-Embebidos/cpu/software/alarm_bsp/\libhal_bsp.a(alt_dcache_flush_all.o)
 .bss           0x0000000000001cac        0x0 c:/Users/leahy/Documents/TEC/II-SEM-2021/SistemasEmbebidos/Proyecto-2-Embebidos/cpu/software/alarm_bsp/\libhal_bsp.a(alt_exception_entry.o)
 .bss           0x0000000000001cac        0x0 c:/Users/leahy/Documents/TEC/II-SEM-2021/SistemasEmbebidos/Proyecto-2-Embebidos/cpu/software/alarm_bsp/\libhal_bsp.a(alt_icache_flush_all.o)
 .bss           0x0000000000001cac        0x0 c:/Users/leahy/Documents/TEC/II-SEM-2021/SistemasEmbebidos/Proyecto-2-Embebidos/cpu/software/alarm_bsp/\libhal_bsp.a(alt_instruction_exception_entry.o)
 .bss           0x0000000000001cac        0x0 c:/Users/leahy/Documents/TEC/II-SEM-2021/SistemasEmbebidos/Proyecto-2-Embebidos/cpu/software/alarm_bsp/\libhal_bsp.a(altera_nios2_gen2_irq.o)
 .bss           0x0000000000001cac        0x0 c:/intelfpga_lite/20.1/nios2eds/bin/gnu/h-x86_64-mingw32/bin/../lib/gcc/nios2-elf/10.1.1/../../../../../H-x86_64-mingw32/nios2-elf/lib/mno-hw-mul\libsmallc.a(lib_a-memcpy.o)
 *(COMMON)
                0x0000000000001cac                . = ALIGN (0x4)
                0x0000000000001cac                __bss_end = ABSOLUTE (.)

.RAM            0x0000000000001cac        0x0
                [!provide]                        PROVIDE (_alt_partition_RAM_start = ABSOLUTE (.))
 *(.RAM .RAM. RAM.*)
                0x0000000000001cac                . = ALIGN (0x4)
                [!provide]                        PROVIDE (_alt_partition_RAM_end = ABSOLUTE (.))
                0x0000000000001cac                _end = ABSOLUTE (.)
                0x0000000000001cac                end = ABSOLUTE (.)
                0x0000000000001cac                __alt_stack_base = ABSOLUTE (.)
                [!provide]                        PROVIDE (_alt_partition_RAM_load_addr = LOADADDR (.RAM))

.stab
 *(.stab)

.stabstr
 *(.stabstr)

.stab.excl
 *(.stab.excl)

.stab.exclstr
 *(.stab.exclstr)

.stab.index
 *(.stab.index)

.stab.indexstr
 *(.stab.indexstr)

.comment        0x0000000000000000       0x2d
 *(.comment)
 .comment       0x0000000000000000       0x2d obj/default/hello_world_small.o
                                         0x2e (size before relaxing)
 .comment       0x000000000000002d       0x2e c:/intelfpga_lite/20.1/nios2eds/bin/gnu/h-x86_64-mingw32/bin/../lib/gcc/nios2-elf/10.1.1/mno-hw-mul\libgcc.a(lib2-divmod.o)
 .comment       0x000000000000002d       0x2e c:/Users/leahy/Documents/TEC/II-SEM-2021/SistemasEmbebidos/Proyecto-2-Embebidos/cpu/software/alarm_bsp/\libhal_bsp.a(alt_iic.o)
 .comment       0x000000000000002d       0x2e c:/Users/leahy/Documents/TEC/II-SEM-2021/SistemasEmbebidos/Proyecto-2-Embebidos/cpu/software/alarm_bsp/\libhal_bsp.a(alt_iic_isr_register.o)
 .comment       0x000000000000002d       0x2e c:/Users/leahy/Documents/TEC/II-SEM-2021/SistemasEmbebidos/Proyecto-2-Embebidos/cpu/software/alarm_bsp/\libhal_bsp.a(alt_irq_handler.o)
 .comment       0x000000000000002d       0x2e c:/Users/leahy/Documents/TEC/II-SEM-2021/SistemasEmbebidos/Proyecto-2-Embebidos/cpu/software/alarm_bsp/\libhal_bsp.a(alt_irq_register.o)
 .comment       0x000000000000002d       0x2e c:/Users/leahy/Documents/TEC/II-SEM-2021/SistemasEmbebidos/Proyecto-2-Embebidos/cpu/software/alarm_bsp/\libhal_bsp.a(alt_irq_vars.o)
 .comment       0x000000000000002d       0x2e c:/Users/leahy/Documents/TEC/II-SEM-2021/SistemasEmbebidos/Proyecto-2-Embebidos/cpu/software/alarm_bsp/\libhal_bsp.a(alt_load.o)
 .comment       0x000000000000002d       0x2e c:/Users/leahy/Documents/TEC/II-SEM-2021/SistemasEmbebidos/Proyecto-2-Embebidos/cpu/software/alarm_bsp/\libhal_bsp.a(alt_main.o)
 .comment       0x000000000000002d       0x2e c:/Users/leahy/Documents/TEC/II-SEM-2021/SistemasEmbebidos/Proyecto-2-Embebidos/cpu/software/alarm_bsp/\libhal_bsp.a(alt_sys_init.o)
 .comment       0x000000000000002d       0x2e c:/Users/leahy/Documents/TEC/II-SEM-2021/SistemasEmbebidos/Proyecto-2-Embebidos/cpu/software/alarm_bsp/\libhal_bsp.a(alt_dcache_flush_all.o)
 .comment       0x000000000000002d       0x2e c:/Users/leahy/Documents/TEC/II-SEM-2021/SistemasEmbebidos/Proyecto-2-Embebidos/cpu/software/alarm_bsp/\libhal_bsp.a(alt_icache_flush_all.o)
 .comment       0x000000000000002d       0x2e c:/Users/leahy/Documents/TEC/II-SEM-2021/SistemasEmbebidos/Proyecto-2-Embebidos/cpu/software/alarm_bsp/\libhal_bsp.a(alt_instruction_exception_entry.o)
 .comment       0x000000000000002d       0x2e c:/Users/leahy/Documents/TEC/II-SEM-2021/SistemasEmbebidos/Proyecto-2-Embebidos/cpu/software/alarm_bsp/\libhal_bsp.a(altera_nios2_gen2_irq.o)
 .comment       0x000000000000002d       0x2e c:/intelfpga_lite/20.1/nios2eds/bin/gnu/h-x86_64-mingw32/bin/../lib/gcc/nios2-elf/10.1.1/../../../../../H-x86_64-mingw32/nios2-elf/lib/mno-hw-mul\libsmallc.a(lib_a-memcpy.o)

.debug
 *(.debug)

.line
 *(.line)

.debug_srcinfo
 *(.debug_srcinfo)

.debug_sfnames
 *(.debug_sfnames)

.debug_aranges  0x0000000000000000      0x278
 *(.debug_aranges)
 .debug_aranges
                0x0000000000000000       0x28 c:/Users/leahy/Documents/TEC/II-SEM-2021/SistemasEmbebidos/Proyecto-2-Embebidos/cpu/software/alarm_bsp//obj/HAL/src/crt0.o
 .debug_aranges
                0x0000000000000028       0x28 obj/default/hello_world_small.o
 .debug_aranges
                0x0000000000000050       0x20 c:/intelfpga_lite/20.1/nios2eds/bin/gnu/h-x86_64-mingw32/bin/../lib/gcc/nios2-elf/10.1.1/mno-hw-mul\libgcc.a(lib2-divmod.o)
 .debug_aranges
                0x0000000000000070       0x20 c:/Users/leahy/Documents/TEC/II-SEM-2021/SistemasEmbebidos/Proyecto-2-Embebidos/cpu/software/alarm_bsp/\libhal_bsp.a(alt_iic.o)
 .debug_aranges
                0x0000000000000090       0x20 c:/Users/leahy/Documents/TEC/II-SEM-2021/SistemasEmbebidos/Proyecto-2-Embebidos/cpu/software/alarm_bsp/\libhal_bsp.a(alt_iic_isr_register.o)
 .debug_aranges
                0x00000000000000b0       0x30 c:/Users/leahy/Documents/TEC/II-SEM-2021/SistemasEmbebidos/Proyecto-2-Embebidos/cpu/software/alarm_bsp/\libhal_bsp.a(alt_irq_entry.o)
 .debug_aranges
                0x00000000000000e0       0x20 c:/Users/leahy/Documents/TEC/II-SEM-2021/SistemasEmbebidos/Proyecto-2-Embebidos/cpu/software/alarm_bsp/\libhal_bsp.a(alt_irq_handler.o)
 .debug_aranges
                0x0000000000000100       0x20 c:/Users/leahy/Documents/TEC/II-SEM-2021/SistemasEmbebidos/Proyecto-2-Embebidos/cpu/software/alarm_bsp/\libhal_bsp.a(alt_irq_register.o)
 .debug_aranges
                0x0000000000000120       0x18 c:/Users/leahy/Documents/TEC/II-SEM-2021/SistemasEmbebidos/Proyecto-2-Embebidos/cpu/software/alarm_bsp/\libhal_bsp.a(alt_irq_vars.o)
 .debug_aranges
                0x0000000000000138       0x20 c:/Users/leahy/Documents/TEC/II-SEM-2021/SistemasEmbebidos/Proyecto-2-Embebidos/cpu/software/alarm_bsp/\libhal_bsp.a(alt_load.o)
 .debug_aranges
                0x0000000000000158       0x20 c:/Users/leahy/Documents/TEC/II-SEM-2021/SistemasEmbebidos/Proyecto-2-Embebidos/cpu/software/alarm_bsp/\libhal_bsp.a(alt_main.o)
 .debug_aranges
                0x0000000000000178       0x20 c:/Users/leahy/Documents/TEC/II-SEM-2021/SistemasEmbebidos/Proyecto-2-Embebidos/cpu/software/alarm_bsp/\libhal_bsp.a(alt_sys_init.o)
 .debug_aranges
                0x0000000000000198       0x20 c:/Users/leahy/Documents/TEC/II-SEM-2021/SistemasEmbebidos/Proyecto-2-Embebidos/cpu/software/alarm_bsp/\libhal_bsp.a(alt_dcache_flush_all.o)
 .debug_aranges
                0x00000000000001b8       0x38 c:/Users/leahy/Documents/TEC/II-SEM-2021/SistemasEmbebidos/Proyecto-2-Embebidos/cpu/software/alarm_bsp/\libhal_bsp.a(alt_exception_entry.o)
 .debug_aranges
                0x00000000000001f0       0x20 c:/Users/leahy/Documents/TEC/II-SEM-2021/SistemasEmbebidos/Proyecto-2-Embebidos/cpu/software/alarm_bsp/\libhal_bsp.a(alt_icache_flush_all.o)
 .debug_aranges
                0x0000000000000210       0x28 c:/Users/leahy/Documents/TEC/II-SEM-2021/SistemasEmbebidos/Proyecto-2-Embebidos/cpu/software/alarm_bsp/\libhal_bsp.a(alt_instruction_exception_entry.o)
 .debug_aranges
                0x0000000000000238       0x20 c:/Users/leahy/Documents/TEC/II-SEM-2021/SistemasEmbebidos/Proyecto-2-Embebidos/cpu/software/alarm_bsp/\libhal_bsp.a(altera_nios2_gen2_irq.o)
 .debug_aranges
                0x0000000000000258       0x20 c:/intelfpga_lite/20.1/nios2eds/bin/gnu/h-x86_64-mingw32/bin/../lib/gcc/nios2-elf/10.1.1/../../../../../H-x86_64-mingw32/nios2-elf/lib/mno-hw-mul\libsmallc.a(lib_a-memcpy.o)

.debug_pubnames
 *(.debug_pubnames)

.debug_info     0x0000000000000000     0x1db7
 *(.debug_info .gnu.linkonce.wi.*)
 .debug_info    0x0000000000000000       0x22 c:/Users/leahy/Documents/TEC/II-SEM-2021/SistemasEmbebidos/Proyecto-2-Embebidos/cpu/software/alarm_bsp//obj/HAL/src/crt0.o
 .debug_info    0x0000000000000022      0x4af obj/default/hello_world_small.o
 .debug_info    0x00000000000004d1      0x368 c:/intelfpga_lite/20.1/nios2eds/bin/gnu/h-x86_64-mingw32/bin/../lib/gcc/nios2-elf/10.1.1/mno-hw-mul\libgcc.a(lib2-divmod.o)
 .debug_info    0x0000000000000839      0x3db c:/Users/leahy/Documents/TEC/II-SEM-2021/SistemasEmbebidos/Proyecto-2-Embebidos/cpu/software/alarm_bsp/\libhal_bsp.a(alt_iic.o)
 .debug_info    0x0000000000000c14      0x273 c:/Users/leahy/Documents/TEC/II-SEM-2021/SistemasEmbebidos/Proyecto-2-Embebidos/cpu/software/alarm_bsp/\libhal_bsp.a(alt_iic_isr_register.o)
 .debug_info    0x0000000000000e87       0x22 c:/Users/leahy/Documents/TEC/II-SEM-2021/SistemasEmbebidos/Proyecto-2-Embebidos/cpu/software/alarm_bsp/\libhal_bsp.a(alt_irq_entry.o)
 .debug_info    0x0000000000000ea9      0x19a c:/Users/leahy/Documents/TEC/II-SEM-2021/SistemasEmbebidos/Proyecto-2-Embebidos/cpu/software/alarm_bsp/\libhal_bsp.a(alt_irq_handler.o)
 .debug_info    0x0000000000001043      0x332 c:/Users/leahy/Documents/TEC/II-SEM-2021/SistemasEmbebidos/Proyecto-2-Embebidos/cpu/software/alarm_bsp/\libhal_bsp.a(alt_irq_register.o)
 .debug_info    0x0000000000001375       0x8b c:/Users/leahy/Documents/TEC/II-SEM-2021/SistemasEmbebidos/Proyecto-2-Embebidos/cpu/software/alarm_bsp/\libhal_bsp.a(alt_irq_vars.o)
 .debug_info    0x0000000000001400      0x267 c:/Users/leahy/Documents/TEC/II-SEM-2021/SistemasEmbebidos/Proyecto-2-Embebidos/cpu/software/alarm_bsp/\libhal_bsp.a(alt_load.o)
 .debug_info    0x0000000000001667      0x129 c:/Users/leahy/Documents/TEC/II-SEM-2021/SistemasEmbebidos/Proyecto-2-Embebidos/cpu/software/alarm_bsp/\libhal_bsp.a(alt_main.o)
 .debug_info    0x0000000000001790      0x12a c:/Users/leahy/Documents/TEC/II-SEM-2021/SistemasEmbebidos/Proyecto-2-Embebidos/cpu/software/alarm_bsp/\libhal_bsp.a(alt_sys_init.o)
 .debug_info    0x00000000000018ba       0x8c c:/Users/leahy/Documents/TEC/II-SEM-2021/SistemasEmbebidos/Proyecto-2-Embebidos/cpu/software/alarm_bsp/\libhal_bsp.a(alt_dcache_flush_all.o)
 .debug_info    0x0000000000001946       0x22 c:/Users/leahy/Documents/TEC/II-SEM-2021/SistemasEmbebidos/Proyecto-2-Embebidos/cpu/software/alarm_bsp/\libhal_bsp.a(alt_exception_entry.o)
 .debug_info    0x0000000000001968       0x8c c:/Users/leahy/Documents/TEC/II-SEM-2021/SistemasEmbebidos/Proyecto-2-Embebidos/cpu/software/alarm_bsp/\libhal_bsp.a(alt_icache_flush_all.o)
 .debug_info    0x00000000000019f4      0x20f c:/Users/leahy/Documents/TEC/II-SEM-2021/SistemasEmbebidos/Proyecto-2-Embebidos/cpu/software/alarm_bsp/\libhal_bsp.a(alt_instruction_exception_entry.o)
 .debug_info    0x0000000000001c03       0x8c c:/Users/leahy/Documents/TEC/II-SEM-2021/SistemasEmbebidos/Proyecto-2-Embebidos/cpu/software/alarm_bsp/\libhal_bsp.a(altera_nios2_gen2_irq.o)
 .debug_info    0x0000000000001c8f      0x128 c:/intelfpga_lite/20.1/nios2eds/bin/gnu/h-x86_64-mingw32/bin/../lib/gcc/nios2-elf/10.1.1/../../../../../H-x86_64-mingw32/nios2-elf/lib/mno-hw-mul\libsmallc.a(lib_a-memcpy.o)

.debug_abbrev   0x0000000000000000      0xfd0
 *(.debug_abbrev)
 .debug_abbrev  0x0000000000000000       0x12 c:/Users/leahy/Documents/TEC/II-SEM-2021/SistemasEmbebidos/Proyecto-2-Embebidos/cpu/software/alarm_bsp//obj/HAL/src/crt0.o
 .debug_abbrev  0x0000000000000012      0x1f2 obj/default/hello_world_small.o
 .debug_abbrev  0x0000000000000204      0x103 c:/intelfpga_lite/20.1/nios2eds/bin/gnu/h-x86_64-mingw32/bin/../lib/gcc/nios2-elf/10.1.1/mno-hw-mul\libgcc.a(lib2-divmod.o)
 .debug_abbrev  0x0000000000000307      0x1c0 c:/Users/leahy/Documents/TEC/II-SEM-2021/SistemasEmbebidos/Proyecto-2-Embebidos/cpu/software/alarm_bsp/\libhal_bsp.a(alt_iic.o)
 .debug_abbrev  0x00000000000004c7      0x1d8 c:/Users/leahy/Documents/TEC/II-SEM-2021/SistemasEmbebidos/Proyecto-2-Embebidos/cpu/software/alarm_bsp/\libhal_bsp.a(alt_iic_isr_register.o)
 .debug_abbrev  0x000000000000069f       0x12 c:/Users/leahy/Documents/TEC/II-SEM-2021/SistemasEmbebidos/Proyecto-2-Embebidos/cpu/software/alarm_bsp/\libhal_bsp.a(alt_irq_entry.o)
 .debug_abbrev  0x00000000000006b1      0x145 c:/Users/leahy/Documents/TEC/II-SEM-2021/SistemasEmbebidos/Proyecto-2-Embebidos/cpu/software/alarm_bsp/\libhal_bsp.a(alt_irq_handler.o)
 .debug_abbrev  0x00000000000007f6      0x1fa c:/Users/leahy/Documents/TEC/II-SEM-2021/SistemasEmbebidos/Proyecto-2-Embebidos/cpu/software/alarm_bsp/\libhal_bsp.a(alt_irq_register.o)
 .debug_abbrev  0x00000000000009f0       0x44 c:/Users/leahy/Documents/TEC/II-SEM-2021/SistemasEmbebidos/Proyecto-2-Embebidos/cpu/software/alarm_bsp/\libhal_bsp.a(alt_irq_vars.o)
 .debug_abbrev  0x0000000000000a34      0x125 c:/Users/leahy/Documents/TEC/II-SEM-2021/SistemasEmbebidos/Proyecto-2-Embebidos/cpu/software/alarm_bsp/\libhal_bsp.a(alt_load.o)
 .debug_abbrev  0x0000000000000b59       0xba c:/Users/leahy/Documents/TEC/II-SEM-2021/SistemasEmbebidos/Proyecto-2-Embebidos/cpu/software/alarm_bsp/\libhal_bsp.a(alt_main.o)
 .debug_abbrev  0x0000000000000c13      0x10b c:/Users/leahy/Documents/TEC/II-SEM-2021/SistemasEmbebidos/Proyecto-2-Embebidos/cpu/software/alarm_bsp/\libhal_bsp.a(alt_sys_init.o)
 .debug_abbrev  0x0000000000000d1e       0x44 c:/Users/leahy/Documents/TEC/II-SEM-2021/SistemasEmbebidos/Proyecto-2-Embebidos/cpu/software/alarm_bsp/\libhal_bsp.a(alt_dcache_flush_all.o)
 .debug_abbrev  0x0000000000000d62       0x12 c:/Users/leahy/Documents/TEC/II-SEM-2021/SistemasEmbebidos/Proyecto-2-Embebidos/cpu/software/alarm_bsp/\libhal_bsp.a(alt_exception_entry.o)
 .debug_abbrev  0x0000000000000d74       0x44 c:/Users/leahy/Documents/TEC/II-SEM-2021/SistemasEmbebidos/Proyecto-2-Embebidos/cpu/software/alarm_bsp/\libhal_bsp.a(alt_icache_flush_all.o)
 .debug_abbrev  0x0000000000000db8      0x116 c:/Users/leahy/Documents/TEC/II-SEM-2021/SistemasEmbebidos/Proyecto-2-Embebidos/cpu/software/alarm_bsp/\libhal_bsp.a(alt_instruction_exception_entry.o)
 .debug_abbrev  0x0000000000000ece       0x44 c:/Users/leahy/Documents/TEC/II-SEM-2021/SistemasEmbebidos/Proyecto-2-Embebidos/cpu/software/alarm_bsp/\libhal_bsp.a(altera_nios2_gen2_irq.o)
 .debug_abbrev  0x0000000000000f12       0xbe c:/intelfpga_lite/20.1/nios2eds/bin/gnu/h-x86_64-mingw32/bin/../lib/gcc/nios2-elf/10.1.1/../../../../../H-x86_64-mingw32/nios2-elf/lib/mno-hw-mul\libsmallc.a(lib_a-memcpy.o)

.debug_line     0x0000000000000000     0x157b
 *(.debug_line)
 .debug_line    0x0000000000000000       0x66 c:/Users/leahy/Documents/TEC/II-SEM-2021/SistemasEmbebidos/Proyecto-2-Embebidos/cpu/software/alarm_bsp//obj/HAL/src/crt0.o
 .debug_line    0x0000000000000066      0x4a5 obj/default/hello_world_small.o
 .debug_line    0x000000000000050b      0x306 c:/intelfpga_lite/20.1/nios2eds/bin/gnu/h-x86_64-mingw32/bin/../lib/gcc/nios2-elf/10.1.1/mno-hw-mul\libgcc.a(lib2-divmod.o)
 .debug_line    0x0000000000000811      0x19b c:/Users/leahy/Documents/TEC/II-SEM-2021/SistemasEmbebidos/Proyecto-2-Embebidos/cpu/software/alarm_bsp/\libhal_bsp.a(alt_iic.o)
 .debug_line    0x00000000000009ac      0x155 c:/Users/leahy/Documents/TEC/II-SEM-2021/SistemasEmbebidos/Proyecto-2-Embebidos/cpu/software/alarm_bsp/\libhal_bsp.a(alt_iic_isr_register.o)
 .debug_line    0x0000000000000b01       0x6b c:/Users/leahy/Documents/TEC/II-SEM-2021/SistemasEmbebidos/Proyecto-2-Embebidos/cpu/software/alarm_bsp/\libhal_bsp.a(alt_irq_entry.o)
 .debug_line    0x0000000000000b6c      0x123 c:/Users/leahy/Documents/TEC/II-SEM-2021/SistemasEmbebidos/Proyecto-2-Embebidos/cpu/software/alarm_bsp/\libhal_bsp.a(alt_irq_handler.o)
 .debug_line    0x0000000000000c8f      0x1b1 c:/Users/leahy/Documents/TEC/II-SEM-2021/SistemasEmbebidos/Proyecto-2-Embebidos/cpu/software/alarm_bsp/\libhal_bsp.a(alt_irq_register.o)
 .debug_line    0x0000000000000e40       0x50 c:/Users/leahy/Documents/TEC/II-SEM-2021/SistemasEmbebidos/Proyecto-2-Embebidos/cpu/software/alarm_bsp/\libhal_bsp.a(alt_irq_vars.o)
 .debug_line    0x0000000000000e90      0x101 c:/Users/leahy/Documents/TEC/II-SEM-2021/SistemasEmbebidos/Proyecto-2-Embebidos/cpu/software/alarm_bsp/\libhal_bsp.a(alt_load.o)
 .debug_line    0x0000000000000f91       0xe0 c:/Users/leahy/Documents/TEC/II-SEM-2021/SistemasEmbebidos/Proyecto-2-Embebidos/cpu/software/alarm_bsp/\libhal_bsp.a(alt_main.o)
 .debug_line    0x0000000000001071       0xde c:/Users/leahy/Documents/TEC/II-SEM-2021/SistemasEmbebidos/Proyecto-2-Embebidos/cpu/software/alarm_bsp/\libhal_bsp.a(alt_sys_init.o)
 .debug_line    0x000000000000114f       0x53 c:/Users/leahy/Documents/TEC/II-SEM-2021/SistemasEmbebidos/Proyecto-2-Embebidos/cpu/software/alarm_bsp/\libhal_bsp.a(alt_dcache_flush_all.o)
 .debug_line    0x00000000000011a2       0xb3 c:/Users/leahy/Documents/TEC/II-SEM-2021/SistemasEmbebidos/Proyecto-2-Embebidos/cpu/software/alarm_bsp/\libhal_bsp.a(alt_exception_entry.o)
 .debug_line    0x0000000000001255       0x51 c:/Users/leahy/Documents/TEC/II-SEM-2021/SistemasEmbebidos/Proyecto-2-Embebidos/cpu/software/alarm_bsp/\libhal_bsp.a(alt_icache_flush_all.o)
 .debug_line    0x00000000000012a6       0xee c:/Users/leahy/Documents/TEC/II-SEM-2021/SistemasEmbebidos/Proyecto-2-Embebidos/cpu/software/alarm_bsp/\libhal_bsp.a(alt_instruction_exception_entry.o)
 .debug_line    0x0000000000001394       0x5a c:/Users/leahy/Documents/TEC/II-SEM-2021/SistemasEmbebidos/Proyecto-2-Embebidos/cpu/software/alarm_bsp/\libhal_bsp.a(altera_nios2_gen2_irq.o)
 .debug_line    0x00000000000013ee      0x18d c:/intelfpga_lite/20.1/nios2eds/bin/gnu/h-x86_64-mingw32/bin/../lib/gcc/nios2-elf/10.1.1/../../../../../H-x86_64-mingw32/nios2-elf/lib/mno-hw-mul\libsmallc.a(lib_a-memcpy.o)

.debug_frame    0x0000000000000000      0x33c
 *(.debug_frame)
 .debug_frame   0x0000000000000000       0xcc obj/default/hello_world_small.o
 .debug_frame   0x00000000000000cc       0x50 c:/intelfpga_lite/20.1/nios2eds/bin/gnu/h-x86_64-mingw32/bin/../lib/gcc/nios2-elf/10.1.1/mno-hw-mul\libgcc.a(lib2-divmod.o)
 .debug_frame   0x000000000000011c       0x50 c:/Users/leahy/Documents/TEC/II-SEM-2021/SistemasEmbebidos/Proyecto-2-Embebidos/cpu/software/alarm_bsp/\libhal_bsp.a(alt_iic.o)
 .debug_frame   0x000000000000016c       0x38 c:/Users/leahy/Documents/TEC/II-SEM-2021/SistemasEmbebidos/Proyecto-2-Embebidos/cpu/software/alarm_bsp/\libhal_bsp.a(alt_iic_isr_register.o)
 .debug_frame   0x00000000000001a4       0x34 c:/Users/leahy/Documents/TEC/II-SEM-2021/SistemasEmbebidos/Proyecto-2-Embebidos/cpu/software/alarm_bsp/\libhal_bsp.a(alt_irq_handler.o)
 .debug_frame   0x00000000000001d8       0x20 c:/Users/leahy/Documents/TEC/II-SEM-2021/SistemasEmbebidos/Proyecto-2-Embebidos/cpu/software/alarm_bsp/\libhal_bsp.a(alt_irq_register.o)
 .debug_frame   0x00000000000001f8       0x2c c:/Users/leahy/Documents/TEC/II-SEM-2021/SistemasEmbebidos/Proyecto-2-Embebidos/cpu/software/alarm_bsp/\libhal_bsp.a(alt_load.o)
 .debug_frame   0x0000000000000224       0x2c c:/Users/leahy/Documents/TEC/II-SEM-2021/SistemasEmbebidos/Proyecto-2-Embebidos/cpu/software/alarm_bsp/\libhal_bsp.a(alt_main.o)
 .debug_frame   0x0000000000000250       0x3c c:/Users/leahy/Documents/TEC/II-SEM-2021/SistemasEmbebidos/Proyecto-2-Embebidos/cpu/software/alarm_bsp/\libhal_bsp.a(alt_sys_init.o)
 .debug_frame   0x000000000000028c       0x20 c:/Users/leahy/Documents/TEC/II-SEM-2021/SistemasEmbebidos/Proyecto-2-Embebidos/cpu/software/alarm_bsp/\libhal_bsp.a(alt_dcache_flush_all.o)
 .debug_frame   0x00000000000002ac       0x20 c:/Users/leahy/Documents/TEC/II-SEM-2021/SistemasEmbebidos/Proyecto-2-Embebidos/cpu/software/alarm_bsp/\libhal_bsp.a(alt_icache_flush_all.o)
 .debug_frame   0x00000000000002cc       0x30 c:/Users/leahy/Documents/TEC/II-SEM-2021/SistemasEmbebidos/Proyecto-2-Embebidos/cpu/software/alarm_bsp/\libhal_bsp.a(alt_instruction_exception_entry.o)
 .debug_frame   0x00000000000002fc       0x20 c:/Users/leahy/Documents/TEC/II-SEM-2021/SistemasEmbebidos/Proyecto-2-Embebidos/cpu/software/alarm_bsp/\libhal_bsp.a(altera_nios2_gen2_irq.o)
 .debug_frame   0x000000000000031c       0x20 c:/intelfpga_lite/20.1/nios2eds/bin/gnu/h-x86_64-mingw32/bin/../lib/gcc/nios2-elf/10.1.1/../../../../../H-x86_64-mingw32/nios2-elf/lib/mno-hw-mul\libsmallc.a(lib_a-memcpy.o)

.debug_str      0x0000000000000000      0xee4
 *(.debug_str)
 .debug_str     0x0000000000000000       0x85 c:/Users/leahy/Documents/TEC/II-SEM-2021/SistemasEmbebidos/Proyecto-2-Embebidos/cpu/software/alarm_bsp//obj/HAL/src/crt0.o
 .debug_str     0x0000000000000085      0x2b2 obj/default/hello_world_small.o
                                        0x2f0 (size before relaxing)
 .debug_str     0x0000000000000337      0x181 c:/intelfpga_lite/20.1/nios2eds/bin/gnu/h-x86_64-mingw32/bin/../lib/gcc/nios2-elf/10.1.1/mno-hw-mul\libgcc.a(lib2-divmod.o)
                                        0x1e0 (size before relaxing)
 .debug_str     0x00000000000004b8       0xf8 c:/Users/leahy/Documents/TEC/II-SEM-2021/SistemasEmbebidos/Proyecto-2-Embebidos/cpu/software/alarm_bsp/\libhal_bsp.a(alt_iic.o)
                                        0x26f (size before relaxing)
 .debug_str     0x00000000000005b0       0x37 c:/Users/leahy/Documents/TEC/II-SEM-2021/SistemasEmbebidos/Proyecto-2-Embebidos/cpu/software/alarm_bsp/\libhal_bsp.a(alt_iic_isr_register.o)
                                        0x23b (size before relaxing)
 .debug_str     0x00000000000005e7       0x18 c:/Users/leahy/Documents/TEC/II-SEM-2021/SistemasEmbebidos/Proyecto-2-Embebidos/cpu/software/alarm_bsp/\libhal_bsp.a(alt_irq_entry.o)
                                         0x8e (size before relaxing)
 .debug_str     0x00000000000005ff       0x3a c:/Users/leahy/Documents/TEC/II-SEM-2021/SistemasEmbebidos/Proyecto-2-Embebidos/cpu/software/alarm_bsp/\libhal_bsp.a(alt_irq_handler.o)
                                        0x1c5 (size before relaxing)
 .debug_str     0x0000000000000639       0x1b c:/Users/leahy/Documents/TEC/II-SEM-2021/SistemasEmbebidos/Proyecto-2-Embebidos/cpu/software/alarm_bsp/\libhal_bsp.a(alt_irq_register.o)
                                        0x224 (size before relaxing)
 .debug_str     0x0000000000000654       0x29 c:/Users/leahy/Documents/TEC/II-SEM-2021/SistemasEmbebidos/Proyecto-2-Embebidos/cpu/software/alarm_bsp/\libhal_bsp.a(alt_irq_vars.o)
                                        0x171 (size before relaxing)
 .debug_str     0x000000000000067d      0x124 c:/Users/leahy/Documents/TEC/II-SEM-2021/SistemasEmbebidos/Proyecto-2-Embebidos/cpu/software/alarm_bsp/\libhal_bsp.a(alt_load.o)
                                        0x282 (size before relaxing)
 .debug_str     0x00000000000007a1       0x5e c:/Users/leahy/Documents/TEC/II-SEM-2021/SistemasEmbebidos/Proyecto-2-Embebidos/cpu/software/alarm_bsp/\libhal_bsp.a(alt_main.o)
                                        0x1b2 (size before relaxing)
 .debug_str     0x00000000000007ff       0x90 c:/Users/leahy/Documents/TEC/II-SEM-2021/SistemasEmbebidos/Proyecto-2-Embebidos/cpu/software/alarm_bsp/\libhal_bsp.a(alt_sys_init.o)
                                        0x1f9 (size before relaxing)
 .debug_str     0x000000000000088f       0x1f c:/Users/leahy/Documents/TEC/II-SEM-2021/SistemasEmbebidos/Proyecto-2-Embebidos/cpu/software/alarm_bsp/\libhal_bsp.a(alt_dcache_flush_all.o)
                                        0x183 (size before relaxing)
 .debug_str     0x00000000000008ae       0x1e c:/Users/leahy/Documents/TEC/II-SEM-2021/SistemasEmbebidos/Proyecto-2-Embebidos/cpu/software/alarm_bsp/\libhal_bsp.a(alt_exception_entry.o)
                                         0x94 (size before relaxing)
 .debug_str     0x00000000000008cc       0x1f c:/Users/leahy/Documents/TEC/II-SEM-2021/SistemasEmbebidos/Proyecto-2-Embebidos/cpu/software/alarm_bsp/\libhal_bsp.a(alt_icache_flush_all.o)
                                        0x183 (size before relaxing)
 .debug_str     0x00000000000008eb      0x48b c:/Users/leahy/Documents/TEC/II-SEM-2021/SistemasEmbebidos/Proyecto-2-Embebidos/cpu/software/alarm_bsp/\libhal_bsp.a(alt_instruction_exception_entry.o)
                                        0x5d7 (size before relaxing)
 .debug_str     0x0000000000000d76       0x20 c:/Users/leahy/Documents/TEC/II-SEM-2021/SistemasEmbebidos/Proyecto-2-Embebidos/cpu/software/alarm_bsp/\libhal_bsp.a(altera_nios2_gen2_irq.o)
                                        0x18a (size before relaxing)
 .debug_str     0x0000000000000d96      0x14e c:/intelfpga_lite/20.1/nios2eds/bin/gnu/h-x86_64-mingw32/bin/../lib/gcc/nios2-elf/10.1.1/../../../../../H-x86_64-mingw32/nios2-elf/lib/mno-hw-mul\libsmallc.a(lib_a-memcpy.o)
                                        0x1ea (size before relaxing)

.debug_loc      0x0000000000000000      0xde2
 *(.debug_loc)
 .debug_loc     0x0000000000000000       0x25 obj/default/hello_world_small.o
 .debug_loc     0x0000000000000025      0x5d0 c:/intelfpga_lite/20.1/nios2eds/bin/gnu/h-x86_64-mingw32/bin/../lib/gcc/nios2-elf/10.1.1/mno-hw-mul\libgcc.a(lib2-divmod.o)
 .debug_loc     0x00000000000005f5      0x205 c:/Users/leahy/Documents/TEC/II-SEM-2021/SistemasEmbebidos/Proyecto-2-Embebidos/cpu/software/alarm_bsp/\libhal_bsp.a(alt_iic.o)
 .debug_loc     0x00000000000007fa      0x23c c:/Users/leahy/Documents/TEC/II-SEM-2021/SistemasEmbebidos/Proyecto-2-Embebidos/cpu/software/alarm_bsp/\libhal_bsp.a(alt_iic_isr_register.o)
 .debug_loc     0x0000000000000a36       0xac c:/Users/leahy/Documents/TEC/II-SEM-2021/SistemasEmbebidos/Proyecto-2-Embebidos/cpu/software/alarm_bsp/\libhal_bsp.a(alt_irq_handler.o)
 .debug_loc     0x0000000000000ae2      0x13e c:/Users/leahy/Documents/TEC/II-SEM-2021/SistemasEmbebidos/Proyecto-2-Embebidos/cpu/software/alarm_bsp/\libhal_bsp.a(alt_irq_register.o)
 .debug_loc     0x0000000000000c20       0x25 c:/Users/leahy/Documents/TEC/II-SEM-2021/SistemasEmbebidos/Proyecto-2-Embebidos/cpu/software/alarm_bsp/\libhal_bsp.a(alt_sys_init.o)
 .debug_loc     0x0000000000000c45       0x73 c:/Users/leahy/Documents/TEC/II-SEM-2021/SistemasEmbebidos/Proyecto-2-Embebidos/cpu/software/alarm_bsp/\libhal_bsp.a(alt_instruction_exception_entry.o)
 .debug_loc     0x0000000000000cb8      0x12a c:/intelfpga_lite/20.1/nios2eds/bin/gnu/h-x86_64-mingw32/bin/../lib/gcc/nios2-elf/10.1.1/../../../../../H-x86_64-mingw32/nios2-elf/lib/mno-hw-mul\libsmallc.a(lib_a-memcpy.o)

.debug_macinfo
 *(.debug_macinfo)

.debug_weaknames
 *(.debug_weaknames)

.debug_funcnames
 *(.debug_funcnames)

.debug_typenames
 *(.debug_typenames)

.debug_varnames
 *(.debug_varnames)

.debug_alt_sim_info
                0x0000000000000000       0x10
 *(.debug_alt_sim_info)
 .debug_alt_sim_info
                0x0000000000000000       0x10 c:/Users/leahy/Documents/TEC/II-SEM-2021/SistemasEmbebidos/Proyecto-2-Embebidos/cpu/software/alarm_bsp//obj/HAL/src/crt0.o
                0x0000000000002000                __alt_data_end = 0x2000
                0x0000000000002000                PROVIDE (__alt_stack_pointer = __alt_data_end)
                [!provide]                        PROVIDE (__alt_stack_limit = __alt_stack_base)
                [!provide]                        PROVIDE (__alt_heap_start = end)
                [!provide]                        PROVIDE (__alt_heap_limit = 0x2000)
OUTPUT(alarm.elf elf32-littlenios2)
LOAD linker stubs

.debug_ranges   0x0000000000000000      0x1f8
 .debug_ranges  0x0000000000000000       0x20 c:/Users/leahy/Documents/TEC/II-SEM-2021/SistemasEmbebidos/Proyecto-2-Embebidos/cpu/software/alarm_bsp//obj/HAL/src/crt0.o
 .debug_ranges  0x0000000000000020       0x30 obj/default/hello_world_small.o
 .debug_ranges  0x0000000000000050       0x70 c:/intelfpga_lite/20.1/nios2eds/bin/gnu/h-x86_64-mingw32/bin/../lib/gcc/nios2-elf/10.1.1/mno-hw-mul\libgcc.a(lib2-divmod.o)
 .debug_ranges  0x00000000000000c0       0x18 c:/Users/leahy/Documents/TEC/II-SEM-2021/SistemasEmbebidos/Proyecto-2-Embebidos/cpu/software/alarm_bsp/\libhal_bsp.a(alt_iic_isr_register.o)
 .debug_ranges  0x00000000000000d8       0x28 c:/Users/leahy/Documents/TEC/II-SEM-2021/SistemasEmbebidos/Proyecto-2-Embebidos/cpu/software/alarm_bsp/\libhal_bsp.a(alt_irq_entry.o)
 .debug_ranges  0x0000000000000100       0x28 c:/Users/leahy/Documents/TEC/II-SEM-2021/SistemasEmbebidos/Proyecto-2-Embebidos/cpu/software/alarm_bsp/\libhal_bsp.a(alt_irq_handler.o)
 .debug_ranges  0x0000000000000128       0x48 c:/Users/leahy/Documents/TEC/II-SEM-2021/SistemasEmbebidos/Proyecto-2-Embebidos/cpu/software/alarm_bsp/\libhal_bsp.a(alt_irq_register.o)
 .debug_ranges  0x0000000000000170       0x30 c:/Users/leahy/Documents/TEC/II-SEM-2021/SistemasEmbebidos/Proyecto-2-Embebidos/cpu/software/alarm_bsp/\libhal_bsp.a(alt_load.o)
 .debug_ranges  0x00000000000001a0       0x30 c:/Users/leahy/Documents/TEC/II-SEM-2021/SistemasEmbebidos/Proyecto-2-Embebidos/cpu/software/alarm_bsp/\libhal_bsp.a(alt_exception_entry.o)
 .debug_ranges  0x00000000000001d0       0x18 c:/Users/leahy/Documents/TEC/II-SEM-2021/SistemasEmbebidos/Proyecto-2-Embebidos/cpu/software/alarm_bsp/\libhal_bsp.a(alt_instruction_exception_entry.o)
 .debug_ranges  0x00000000000001e8       0x10 c:/intelfpga_lite/20.1/nios2eds/bin/gnu/h-x86_64-mingw32/bin/../lib/gcc/nios2-elf/10.1.1/../../../../../H-x86_64-mingw32/nios2-elf/lib/mno-hw-mul\libsmallc.a(lib_a-memcpy.o)
