Archive member included to satisfy reference by file (symbol)

c:/intelfpga_lite/20.1/nios2eds/bin/gnu/h-x86_64-mingw32/bin/../lib/gcc/nios2-elf/10.1.1/mno-hw-mul\libgcc.a(lib2-divmod.o)
                              obj/default/hello_world_small.o (__udivsi3)
c:/Users/leahy/Documents/TEC/II-SEM-2021/SistemasEmbebidos/Proyecto-2-Embebidos/cpu/software/alarm_bsp/\libhal_bsp.a(alt_iic.o)
                              obj/default/hello_world_small.o (alt_ic_isr_register)
c:/Users/leahy/Documents/TEC/II-SEM-2021/SistemasEmbebidos/Proyecto-2-Embebidos/cpu/software/alarm_bsp/\libhal_bsp.a(alt_iic_isr_register.o)
                              c:/Users/leahy/Documents/TEC/II-SEM-2021/SistemasEmbebidos/Proyecto-2-Embebidos/cpu/software/alarm_bsp/\libhal_bsp.a(alt_iic.o) (alt_iic_isr_register)
c:/Users/leahy/Documents/TEC/II-SEM-2021/SistemasEmbebidos/Proyecto-2-Embebidos/cpu/software/alarm_bsp/\libhal_bsp.a(alt_irq_entry.o)
                              c:/Users/leahy/Documents/TEC/II-SEM-2021/SistemasEmbebidos/Proyecto-2-Embebidos/cpu/software/alarm_bsp/\libhal_bsp.a(alt_iic_isr_register.o) (alt_irq_entry)
c:/Users/leahy/Documents/TEC/II-SEM-2021/SistemasEmbebidos/Proyecto-2-Embebidos/cpu/software/alarm_bsp/\libhal_bsp.a(alt_irq_handler.o)
                              c:/Users/leahy/Documents/TEC/II-SEM-2021/SistemasEmbebidos/Proyecto-2-Embebidos/cpu/software/alarm_bsp/\libhal_bsp.a(alt_iic_isr_register.o) (alt_irq_handler)
c:/Users/leahy/Documents/TEC/II-SEM-2021/SistemasEmbebidos/Proyecto-2-Embebidos/cpu/software/alarm_bsp/\libhal_bsp.a(alt_irq_register.o)
                              obj/default/hello_world_small.o (alt_irq_register)
c:/Users/leahy/Documents/TEC/II-SEM-2021/SistemasEmbebidos/Proyecto-2-Embebidos/cpu/software/alarm_bsp/\libhal_bsp.a(alt_irq_vars.o)
                              c:/Users/leahy/Documents/TEC/II-SEM-2021/SistemasEmbebidos/Proyecto-2-Embebidos/cpu/software/alarm_bsp/\libhal_bsp.a(alt_iic.o) (alt_irq_active)
c:/Users/leahy/Documents/TEC/II-SEM-2021/SistemasEmbebidos/Proyecto-2-Embebidos/cpu/software/alarm_bsp/\libhal_bsp.a(alt_load.o)
                              c:/Users/leahy/Documents/TEC/II-SEM-2021/SistemasEmbebidos/Proyecto-2-Embebidos/cpu/software/alarm_bsp//obj/HAL/src/crt0.o (alt_load)
c:/Users/leahy/Documents/TEC/II-SEM-2021/SistemasEmbebidos/Proyecto-2-Embebidos/cpu/software/alarm_bsp/\libhal_bsp.a(alt_main.o)
                              c:/Users/leahy/Documents/TEC/II-SEM-2021/SistemasEmbebidos/Proyecto-2-Embebidos/cpu/software/alarm_bsp//obj/HAL/src/crt0.o (alt_main)
c:/Users/leahy/Documents/TEC/II-SEM-2021/SistemasEmbebidos/Proyecto-2-Embebidos/cpu/software/alarm_bsp/\libhal_bsp.a(alt_sys_init.o)
                              c:/Users/leahy/Documents/TEC/II-SEM-2021/SistemasEmbebidos/Proyecto-2-Embebidos/cpu/software/alarm_bsp/\libhal_bsp.a(alt_main.o) (alt_irq_init)
c:/Users/leahy/Documents/TEC/II-SEM-2021/SistemasEmbebidos/Proyecto-2-Embebidos/cpu/software/alarm_bsp/\libhal_bsp.a(alt_dcache_flush_all.o)
                              c:/Users/leahy/Documents/TEC/II-SEM-2021/SistemasEmbebidos/Proyecto-2-Embebidos/cpu/software/alarm_bsp/\libhal_bsp.a(alt_load.o) (alt_dcache_flush_all)
c:/Users/leahy/Documents/TEC/II-SEM-2021/SistemasEmbebidos/Proyecto-2-Embebidos/cpu/software/alarm_bsp/\libhal_bsp.a(alt_exception_entry.o)
                              c:/Users/leahy/Documents/TEC/II-SEM-2021/SistemasEmbebidos/Proyecto-2-Embebidos/cpu/software/alarm_bsp/\libhal_bsp.a(alt_irq_entry.o) (alt_exception)
c:/Users/leahy/Documents/TEC/II-SEM-2021/SistemasEmbebidos/Proyecto-2-Embebidos/cpu/software/alarm_bsp/\libhal_bsp.a(alt_icache_flush_all.o)
                              c:/Users/leahy/Documents/TEC/II-SEM-2021/SistemasEmbebidos/Proyecto-2-Embebidos/cpu/software/alarm_bsp/\libhal_bsp.a(alt_load.o) (alt_icache_flush_all)
c:/Users/leahy/Documents/TEC/II-SEM-2021/SistemasEmbebidos/Proyecto-2-Embebidos/cpu/software/alarm_bsp/\libhal_bsp.a(alt_instruction_exception_entry.o)
                              c:/Users/leahy/Documents/TEC/II-SEM-2021/SistemasEmbebidos/Proyecto-2-Embebidos/cpu/software/alarm_bsp/\libhal_bsp.a(alt_exception_entry.o) (alt_instruction_exception_entry)
c:/Users/leahy/Documents/TEC/II-SEM-2021/SistemasEmbebidos/Proyecto-2-Embebidos/cpu/software/alarm_bsp/\libhal_bsp.a(altera_nios2_gen2_irq.o)
                              c:/Users/leahy/Documents/TEC/II-SEM-2021/SistemasEmbebidos/Proyecto-2-Embebidos/cpu/software/alarm_bsp/\libhal_bsp.a(alt_sys_init.o) (altera_nios2_gen2_irq_init)
c:/intelfpga_lite/20.1/nios2eds/bin/gnu/h-x86_64-mingw32/bin/../lib/gcc/nios2-elf/10.1.1/../../../../../H-x86_64-mingw32/nios2-elf/lib/mno-hw-mul\libsmallc.a(lib_a-memcpy.o)
                              c:/Users/leahy/Documents/TEC/II-SEM-2021/SistemasEmbebidos/Proyecto-2-Embebidos/cpu/software/alarm_bsp/\libhal_bsp.a(alt_load.o) (memcpy)

Memory Configuration

Name             Origin             Length             Attributes
reset            0x0000000000002000 0x0000000000000020
RAM              0x0000000000002020 0x00000000000013e0
*default*        0x0000000000000000 0xffffffffffffffff

Linker script and memory map

LOAD c:/Users/leahy/Documents/TEC/II-SEM-2021/SistemasEmbebidos/Proyecto-2-Embebidos/cpu/software/alarm_bsp//obj/HAL/src/crt0.o
LOAD obj/default/hello_world_small.o
LOAD c:/intelfpga_lite/20.1/nios2eds/bin/gnu/h-x86_64-mingw32/bin/../lib/gcc/nios2-elf/10.1.1/../../../../../H-x86_64-mingw32/nios2-elf/lib/mno-hw-mul\libstdc++.a
LOAD c:/intelfpga_lite/20.1/nios2eds/bin/gnu/h-x86_64-mingw32/bin/../lib/gcc/nios2-elf/10.1.1/../../../../../H-x86_64-mingw32/nios2-elf/lib/mno-hw-mul\libm.a
LOAD c:/intelfpga_lite/20.1/nios2eds/bin/gnu/h-x86_64-mingw32/bin/../lib/gcc/nios2-elf/10.1.1/mno-hw-mul\libgcc.a
START GROUP
LOAD c:/intelfpga_lite/20.1/nios2eds/bin/gnu/h-x86_64-mingw32/bin/../lib/gcc/nios2-elf/10.1.1/../../../../../H-x86_64-mingw32/nios2-elf/lib/mno-hw-mul\libsmallc.a
LOAD c:/intelfpga_lite/20.1/nios2eds/bin/gnu/h-x86_64-mingw32/bin/../lib/gcc/nios2-elf/10.1.1/mno-hw-mul\libgcc.a
LOAD c:/Users/leahy/Documents/TEC/II-SEM-2021/SistemasEmbebidos/Proyecto-2-Embebidos/cpu/software/alarm_bsp/\libhal_bsp.a
LOAD c:/intelfpga_lite/20.1/nios2eds/bin/gnu/h-x86_64-mingw32/bin/../lib/gcc/nios2-elf/10.1.1/../../../../../H-x86_64-mingw32/nios2-elf/lib/mno-hw-mul\libm.a
END GROUP
LOAD c:/intelfpga_lite/20.1/nios2eds/bin/gnu/h-x86_64-mingw32/bin/../lib/gcc/nios2-elf/10.1.1/mno-hw-mul\libgcc.a
                0x0000000000002000                __alt_mem_RAM = 0x2000

.entry          0x0000000000002000       0x20
 *(.entry)
 .entry         0x0000000000002000       0x20 c:/Users/leahy/Documents/TEC/II-SEM-2021/SistemasEmbebidos/Proyecto-2-Embebidos/cpu/software/alarm_bsp//obj/HAL/src/crt0.o
                0x0000000000002000                __reset
                0x000000000000200c                _exit

.exceptions     0x0000000000002020      0x160
                0x0000000000002020                PROVIDE (__ram_exceptions_start = ABSOLUTE (.))
                0x0000000000002020                . = ALIGN (0x20)
 *(.irq)
 *(.exceptions.entry.label)
 .exceptions.entry.label
                0x0000000000002020        0x0 c:/Users/leahy/Documents/TEC/II-SEM-2021/SistemasEmbebidos/Proyecto-2-Embebidos/cpu/software/alarm_bsp/\libhal_bsp.a(alt_irq_entry.o)
                0x0000000000002020                alt_irq_entry
 .exceptions.entry.label
                0x0000000000002020        0x0 c:/Users/leahy/Documents/TEC/II-SEM-2021/SistemasEmbebidos/Proyecto-2-Embebidos/cpu/software/alarm_bsp/\libhal_bsp.a(alt_exception_entry.o)
                0x0000000000002020                alt_exception
 *(.exceptions.entry.user)
 *(.exceptions.entry.ecc_fatal)
 *(.exceptions.entry)
 .exceptions.entry
                0x0000000000002020       0x54 c:/Users/leahy/Documents/TEC/II-SEM-2021/SistemasEmbebidos/Proyecto-2-Embebidos/cpu/software/alarm_bsp/\libhal_bsp.a(alt_exception_entry.o)
 *(.exceptions.irqtest.user)
 *(.exceptions.irqtest)
 .exceptions.irqtest
                0x0000000000002074       0x10 c:/Users/leahy/Documents/TEC/II-SEM-2021/SistemasEmbebidos/Proyecto-2-Embebidos/cpu/software/alarm_bsp/\libhal_bsp.a(alt_irq_entry.o)
 *(.exceptions.irqhandler.user)
 *(.exceptions.irqhandler)
 .exceptions.irqhandler
                0x0000000000002084        0x4 c:/Users/leahy/Documents/TEC/II-SEM-2021/SistemasEmbebidos/Proyecto-2-Embebidos/cpu/software/alarm_bsp/\libhal_bsp.a(alt_irq_entry.o)
 *(.exceptions.irqreturn.user)
 *(.exceptions.irqreturn)
 .exceptions.irqreturn
                0x0000000000002088        0x4 c:/Users/leahy/Documents/TEC/II-SEM-2021/SistemasEmbebidos/Proyecto-2-Embebidos/cpu/software/alarm_bsp/\libhal_bsp.a(alt_irq_entry.o)
 *(.exceptions.notirq.label)
 .exceptions.notirq.label
                0x000000000000208c        0x0 c:/Users/leahy/Documents/TEC/II-SEM-2021/SistemasEmbebidos/Proyecto-2-Embebidos/cpu/software/alarm_bsp/\libhal_bsp.a(alt_irq_entry.o)
 *(.exceptions.notirq.user)
 *(.exceptions.notirq)
 .exceptions.notirq
                0x000000000000208c        0x8 c:/Users/leahy/Documents/TEC/II-SEM-2021/SistemasEmbebidos/Proyecto-2-Embebidos/cpu/software/alarm_bsp/\libhal_bsp.a(alt_exception_entry.o)
 *(.exceptions.soft.user)
 *(.exceptions.soft)
 *(.exceptions.unknown.user)
 *(.exceptions.unknown)
 .exceptions.unknown
                0x0000000000002094       0x14 c:/Users/leahy/Documents/TEC/II-SEM-2021/SistemasEmbebidos/Proyecto-2-Embebidos/cpu/software/alarm_bsp/\libhal_bsp.a(alt_exception_entry.o)
 *(.exceptions.exit.label)
 .exceptions.exit.label
                0x00000000000020a8        0x0 c:/Users/leahy/Documents/TEC/II-SEM-2021/SistemasEmbebidos/Proyecto-2-Embebidos/cpu/software/alarm_bsp/\libhal_bsp.a(alt_irq_entry.o)
 .exceptions.exit.label
                0x00000000000020a8        0x0 c:/Users/leahy/Documents/TEC/II-SEM-2021/SistemasEmbebidos/Proyecto-2-Embebidos/cpu/software/alarm_bsp/\libhal_bsp.a(alt_exception_entry.o)
 *(.exceptions.exit.user)
 *(.exceptions.exit)
 .exceptions.exit
                0x00000000000020a8       0x54 c:/Users/leahy/Documents/TEC/II-SEM-2021/SistemasEmbebidos/Proyecto-2-Embebidos/cpu/software/alarm_bsp/\libhal_bsp.a(alt_exception_entry.o)
 *(.exceptions)
 .exceptions    0x00000000000020fc       0x60 c:/Users/leahy/Documents/TEC/II-SEM-2021/SistemasEmbebidos/Proyecto-2-Embebidos/cpu/software/alarm_bsp/\libhal_bsp.a(alt_irq_handler.o)
                0x00000000000020fc                alt_irq_handler
 .exceptions    0x000000000000215c       0x24 c:/Users/leahy/Documents/TEC/II-SEM-2021/SistemasEmbebidos/Proyecto-2-Embebidos/cpu/software/alarm_bsp/\libhal_bsp.a(alt_instruction_exception_entry.o)
                0x000000000000215c                alt_instruction_exception_entry
                0x0000000000002180                PROVIDE (__ram_exceptions_end = ABSOLUTE (.))
                0x0000000000002020                PROVIDE (__flash_exceptions_start = LOADADDR (.exceptions))

.text           0x0000000000002180      0xf8c
                [!provide]                        PROVIDE (stext = ABSOLUTE (.))
 *(.interp)
 *(.hash)
 *(.dynsym)
 *(.dynstr)
 *(.gnu.version)
 *(.gnu.version_d)
 *(.gnu.version_r)
 *(.rel.init)
 *(.rela.init)
 *(.rel.text .rel.text.* .rel.gnu.linkonce.t.*)
 *(.rela.text .rela.text.* .rela.gnu.linkonce.t.*)
 *(.rel.fini)
 *(.rela.fini)
 *(.rel.rodata .rel.rodata.* .rel.gnu.linkonce.r.*)
 *(.rela.rodata .rela.rodata.* .rela.gnu.linkonce.r.*)
 *(.rel.data .rel.data.* .rel.gnu.linkonce.d.*)
 *(.rela.data .rela.data.* .rela.gnu.linkonce.d.*)
 *(.rel.tdata .rel.tdata.* .rel.gnu.linkonce.td.*)
 *(.rela.tdata .rela.tdata.* .rela.gnu.linkonce.td.*)
 *(.rel.tbss .rel.tbss.* .rel.gnu.linkonce.tb.*)
 *(.rela.tbss .rela.tbss.* .rela.gnu.linkonce.tb.*)
 *(.rel.ctors)
 *(.rela.ctors)
 *(.rel.dtors)
 *(.rela.dtors)
 *(.rel.got)
 *(.rela.got)
 *(.rel.sdata .rel.sdata.* .rel.gnu.linkonce.s.*)
 *(.rela.sdata .rela.sdata.* .rela.gnu.linkonce.s.*)
 *(.rel.sbss .rel.sbss.* .rel.gnu.linkonce.sb.*)
 *(.rela.sbss .rela.sbss.* .rela.gnu.linkonce.sb.*)
 *(.rel.sdata2 .rel.sdata2.* .rel.gnu.linkonce.s2.*)
 *(.rela.sdata2 .rela.sdata2.* .rela.gnu.linkonce.s2.*)
 *(.rel.sbss2 .rel.sbss2.* .rel.gnu.linkonce.sb2.*)
 *(.rela.sbss2 .rela.sbss2.* .rela.gnu.linkonce.sb2.*)
 *(.rel.bss .rel.bss.* .rel.gnu.linkonce.b.*)
 *(.rela.bss .rela.bss.* .rela.gnu.linkonce.b.*)
 *(.rel.plt)
 *(.rela.plt)
 *(.rel.dyn)
 *(.init)
 *(.plt)
 *(.text .stub .text.* .gnu.linkonce.t.*)
 .text          0x0000000000002180       0x3c c:/Users/leahy/Documents/TEC/II-SEM-2021/SistemasEmbebidos/Proyecto-2-Embebidos/cpu/software/alarm_bsp//obj/HAL/src/crt0.o
                0x0000000000002180                _start
 .text          0x00000000000021bc      0x938 obj/default/hello_world_small.o
                0x00000000000021bc                handleUart
                0x00000000000023d0                configureTimeMode
                0x00000000000024a8                initializeInterrupts
                0x0000000000002580                handleAlarm
                0x0000000000002638                countTime
                0x00000000000026cc                numberToSeg7
                0x0000000000002764                showTimeNumbers
                0x0000000000002834                handleTimer
                0x0000000000002888                showAlarmNumbers
                0x0000000000002958                changeMode
                0x00000000000029d4                changeTime
 .text.startup  0x0000000000002af4      0x164 obj/default/hello_world_small.o
                0x0000000000002af4                main
 .text          0x0000000000002c58      0x1b4 c:/intelfpga_lite/20.1/nios2eds/bin/gnu/h-x86_64-mingw32/bin/../lib/gcc/nios2-elf/10.1.1/mno-hw-mul\libgcc.a(lib2-divmod.o)
                0x0000000000002c58                __divsi3
                0x0000000000002cd8                __modsi3
                0x0000000000002d4c                __udivsi3
                0x0000000000002db0                __umodsi3
 .text          0x0000000000002e0c       0x8c c:/Users/leahy/Documents/TEC/II-SEM-2021/SistemasEmbebidos/Proyecto-2-Embebidos/cpu/software/alarm_bsp/\libhal_bsp.a(alt_iic.o)
                0x0000000000002e0c                alt_ic_isr_register
                0x0000000000002e10                alt_ic_irq_enable
                0x0000000000002e48                alt_ic_irq_disable
                0x0000000000002e80                alt_ic_irq_enabled
 .text          0x0000000000002e98       0x68 c:/Users/leahy/Documents/TEC/II-SEM-2021/SistemasEmbebidos/Proyecto-2-Embebidos/cpu/software/alarm_bsp/\libhal_bsp.a(alt_iic_isr_register.o)
                0x0000000000002e98                alt_iic_isr_register
 .text          0x0000000000002f00        0x0 c:/Users/leahy/Documents/TEC/II-SEM-2021/SistemasEmbebidos/Proyecto-2-Embebidos/cpu/software/alarm_bsp/\libhal_bsp.a(alt_irq_entry.o)
 .text          0x0000000000002f00        0x0 c:/Users/leahy/Documents/TEC/II-SEM-2021/SistemasEmbebidos/Proyecto-2-Embebidos/cpu/software/alarm_bsp/\libhal_bsp.a(alt_irq_handler.o)
 .text          0x0000000000002f00       0x90 c:/Users/leahy/Documents/TEC/II-SEM-2021/SistemasEmbebidos/Proyecto-2-Embebidos/cpu/software/alarm_bsp/\libhal_bsp.a(alt_irq_register.o)
                0x0000000000002f00                alt_irq_register
 .text          0x0000000000002f90        0x0 c:/Users/leahy/Documents/TEC/II-SEM-2021/SistemasEmbebidos/Proyecto-2-Embebidos/cpu/software/alarm_bsp/\libhal_bsp.a(alt_irq_vars.o)
 .text          0x0000000000002f90       0x84 c:/Users/leahy/Documents/TEC/II-SEM-2021/SistemasEmbebidos/Proyecto-2-Embebidos/cpu/software/alarm_bsp/\libhal_bsp.a(alt_load.o)
                0x0000000000002f90                alt_load
 .text          0x0000000000003014       0x2c c:/Users/leahy/Documents/TEC/II-SEM-2021/SistemasEmbebidos/Proyecto-2-Embebidos/cpu/software/alarm_bsp/\libhal_bsp.a(alt_main.o)
                0x0000000000003014                alt_main
 .text          0x0000000000003040       0x24 c:/Users/leahy/Documents/TEC/II-SEM-2021/SistemasEmbebidos/Proyecto-2-Embebidos/cpu/software/alarm_bsp/\libhal_bsp.a(alt_sys_init.o)
                0x0000000000003040                alt_irq_init
                0x0000000000003060                alt_sys_init
 .text          0x0000000000003064        0x4 c:/Users/leahy/Documents/TEC/II-SEM-2021/SistemasEmbebidos/Proyecto-2-Embebidos/cpu/software/alarm_bsp/\libhal_bsp.a(alt_dcache_flush_all.o)
                0x0000000000003064                alt_dcache_flush_all
 .text          0x0000000000003068        0x0 c:/Users/leahy/Documents/TEC/II-SEM-2021/SistemasEmbebidos/Proyecto-2-Embebidos/cpu/software/alarm_bsp/\libhal_bsp.a(alt_exception_entry.o)
 .text          0x0000000000003068        0x4 c:/Users/leahy/Documents/TEC/II-SEM-2021/SistemasEmbebidos/Proyecto-2-Embebidos/cpu/software/alarm_bsp/\libhal_bsp.a(alt_icache_flush_all.o)
                0x0000000000003068                alt_icache_flush_all
 .text          0x000000000000306c       0x70 c:/Users/leahy/Documents/TEC/II-SEM-2021/SistemasEmbebidos/Proyecto-2-Embebidos/cpu/software/alarm_bsp/\libhal_bsp.a(alt_instruction_exception_entry.o)
                0x000000000000306c                alt_exception_cause_generated_bad_addr
 .text          0x00000000000030dc        0x8 c:/Users/leahy/Documents/TEC/II-SEM-2021/SistemasEmbebidos/Proyecto-2-Embebidos/cpu/software/alarm_bsp/\libhal_bsp.a(altera_nios2_gen2_irq.o)
                0x00000000000030dc                altera_nios2_gen2_irq_init
 .text          0x00000000000030e4        0x0 c:/intelfpga_lite/20.1/nios2eds/bin/gnu/h-x86_64-mingw32/bin/../lib/gcc/nios2-elf/10.1.1/../../../../../H-x86_64-mingw32/nios2-elf/lib/mno-hw-mul\libsmallc.a(lib_a-memcpy.o)
 .text.memcpy   0x00000000000030e4       0x28 c:/intelfpga_lite/20.1/nios2eds/bin/gnu/h-x86_64-mingw32/bin/../lib/gcc/nios2-elf/10.1.1/../../../../../H-x86_64-mingw32/nios2-elf/lib/mno-hw-mul\libsmallc.a(lib_a-memcpy.o)
                0x00000000000030e4                memcpy
 *(.gnu.warning.*)
 *(.fini)
                [!provide]                        PROVIDE (__etext = ABSOLUTE (.))
                [!provide]                        PROVIDE (_etext = ABSOLUTE (.))
                [!provide]                        PROVIDE (etext = ABSOLUTE (.))
 *(.eh_frame_hdr)
                0x000000000000310c                . = ALIGN (0x4)
                [!provide]                        PROVIDE (__preinit_array_start = ABSOLUTE (.))
 *(.preinit_array)
                [!provide]                        PROVIDE (__preinit_array_end = ABSOLUTE (.))
                [!provide]                        PROVIDE (__init_array_start = ABSOLUTE (.))
 *(.init_array)
                [!provide]                        PROVIDE (__init_array_end = ABSOLUTE (.))
                [!provide]                        PROVIDE (__fini_array_start = ABSOLUTE (.))
 *(.fini_array)
                [!provide]                        PROVIDE (__fini_array_end = ABSOLUTE (.))
 *(.eh_frame)
 *(.gcc_except_table .gcc_except_table.*)
 *(.dynamic)
                [!provide]                        PROVIDE (__CTOR_LIST__ = ABSOLUTE (.))
 *(.ctors)
 *(SORT_BY_NAME(.ctors.*))
                [!provide]                        PROVIDE (__CTOR_END__ = ABSOLUTE (.))
                [!provide]                        PROVIDE (__DTOR_LIST__ = ABSOLUTE (.))
 *(.dtors)
 *(SORT_BY_NAME(.dtors.*))
                [!provide]                        PROVIDE (__DTOR_END__ = ABSOLUTE (.))
 *(.jcr)
                0x000000000000310c                . = ALIGN (0x4)

.rodata         0x000000000000310c        0x0
                0x000000000000310c                PROVIDE (__ram_rodata_start = ABSOLUTE (.))
                0x000000000000310c                . = ALIGN (0x4)
 *(.rodata .rodata.* .gnu.linkonce.r.*)
 *(.rodata1)
                0x000000000000310c                . = ALIGN (0x4)
                0x000000000000310c                PROVIDE (__ram_rodata_end = ABSOLUTE (.))
                0x000000000000310c                PROVIDE (__flash_rodata_start = LOADADDR (.rodata))

.rwdata         0x000000000000310c       0x28 load address 0x0000000000003134
                0x000000000000310c                PROVIDE (__ram_rwdata_start = ABSOLUTE (.))
                0x000000000000310c                . = ALIGN (0x4)
 *(.got.plt)
 *(.got)
 *(.data1)
 *(.data .data.* .gnu.linkonce.d.*)
 .data          0x000000000000310c        0x0 c:/Users/leahy/Documents/TEC/II-SEM-2021/SistemasEmbebidos/Proyecto-2-Embebidos/cpu/software/alarm_bsp//obj/HAL/src/crt0.o
 .data          0x000000000000310c        0x0 obj/default/hello_world_small.o
 .data          0x000000000000310c        0x0 c:/intelfpga_lite/20.1/nios2eds/bin/gnu/h-x86_64-mingw32/bin/../lib/gcc/nios2-elf/10.1.1/mno-hw-mul\libgcc.a(lib2-divmod.o)
 .data          0x000000000000310c        0x0 c:/Users/leahy/Documents/TEC/II-SEM-2021/SistemasEmbebidos/Proyecto-2-Embebidos/cpu/software/alarm_bsp/\libhal_bsp.a(alt_iic.o)
 .data          0x000000000000310c        0x0 c:/Users/leahy/Documents/TEC/II-SEM-2021/SistemasEmbebidos/Proyecto-2-Embebidos/cpu/software/alarm_bsp/\libhal_bsp.a(alt_iic_isr_register.o)
 .data          0x000000000000310c        0x0 c:/Users/leahy/Documents/TEC/II-SEM-2021/SistemasEmbebidos/Proyecto-2-Embebidos/cpu/software/alarm_bsp/\libhal_bsp.a(alt_irq_entry.o)
 .data          0x000000000000310c        0x0 c:/Users/leahy/Documents/TEC/II-SEM-2021/SistemasEmbebidos/Proyecto-2-Embebidos/cpu/software/alarm_bsp/\libhal_bsp.a(alt_irq_handler.o)
 .data          0x000000000000310c        0x0 c:/Users/leahy/Documents/TEC/II-SEM-2021/SistemasEmbebidos/Proyecto-2-Embebidos/cpu/software/alarm_bsp/\libhal_bsp.a(alt_irq_register.o)
 .data          0x000000000000310c        0x0 c:/Users/leahy/Documents/TEC/II-SEM-2021/SistemasEmbebidos/Proyecto-2-Embebidos/cpu/software/alarm_bsp/\libhal_bsp.a(alt_irq_vars.o)
 .data          0x000000000000310c        0x0 c:/Users/leahy/Documents/TEC/II-SEM-2021/SistemasEmbebidos/Proyecto-2-Embebidos/cpu/software/alarm_bsp/\libhal_bsp.a(alt_load.o)
 .data          0x000000000000310c        0x0 c:/Users/leahy/Documents/TEC/II-SEM-2021/SistemasEmbebidos/Proyecto-2-Embebidos/cpu/software/alarm_bsp/\libhal_bsp.a(alt_main.o)
 .data          0x000000000000310c        0x0 c:/Users/leahy/Documents/TEC/II-SEM-2021/SistemasEmbebidos/Proyecto-2-Embebidos/cpu/software/alarm_bsp/\libhal_bsp.a(alt_sys_init.o)
 .data          0x000000000000310c        0x0 c:/Users/leahy/Documents/TEC/II-SEM-2021/SistemasEmbebidos/Proyecto-2-Embebidos/cpu/software/alarm_bsp/\libhal_bsp.a(alt_dcache_flush_all.o)
 .data          0x000000000000310c        0x0 c:/Users/leahy/Documents/TEC/II-SEM-2021/SistemasEmbebidos/Proyecto-2-Embebidos/cpu/software/alarm_bsp/\libhal_bsp.a(alt_exception_entry.o)
 .data          0x000000000000310c        0x0 c:/Users/leahy/Documents/TEC/II-SEM-2021/SistemasEmbebidos/Proyecto-2-Embebidos/cpu/software/alarm_bsp/\libhal_bsp.a(alt_icache_flush_all.o)
 .data          0x000000000000310c        0x0 c:/Users/leahy/Documents/TEC/II-SEM-2021/SistemasEmbebidos/Proyecto-2-Embebidos/cpu/software/alarm_bsp/\libhal_bsp.a(alt_instruction_exception_entry.o)
 .data          0x000000000000310c        0x0 c:/Users/leahy/Documents/TEC/II-SEM-2021/SistemasEmbebidos/Proyecto-2-Embebidos/cpu/software/alarm_bsp/\libhal_bsp.a(altera_nios2_gen2_irq.o)
 .data          0x000000000000310c        0x0 c:/intelfpga_lite/20.1/nios2eds/bin/gnu/h-x86_64-mingw32/bin/../lib/gcc/nios2-elf/10.1.1/../../../../../H-x86_64-mingw32/nios2-elf/lib/mno-hw-mul\libsmallc.a(lib_a-memcpy.o)
                0x000000000000b10c                _gp = ABSOLUTE ((. + 0x8000))
                [!provide]                        PROVIDE (gp = _gp)
 *(.rwdata .rwdata.*)
 *(.sdata .sdata.* .gnu.linkonce.s.*)
 .sdata         0x000000000000310c       0x20 obj/default/hello_world_small.o
                0x000000000000310c                ledsPtr
                0x0000000000003110                segH1Ptr
                0x0000000000003114                segH0Ptr
                0x0000000000003118                segM1Ptr
                0x000000000000311c                segM0Ptr
                0x0000000000003120                segS1Ptr
                0x0000000000003124                segS0Ptr
                0x0000000000003128                ramPtr
 .sdata         0x000000000000312c        0x4 c:/Users/leahy/Documents/TEC/II-SEM-2021/SistemasEmbebidos/Proyecto-2-Embebidos/cpu/software/alarm_bsp/\libhal_bsp.a(alt_irq_vars.o)
                0x000000000000312c                alt_priority_mask
 .sdata         0x0000000000003130        0x4 c:/Users/leahy/Documents/TEC/II-SEM-2021/SistemasEmbebidos/Proyecto-2-Embebidos/cpu/software/alarm_bsp/\libhal_bsp.a(alt_sys_init.o)
                0x0000000000003130                UART
 *(.sdata2 .sdata2.* .gnu.linkonce.s2.*)
                0x0000000000003134                . = ALIGN (0x4)
                0x0000000000003134                _edata = ABSOLUTE (.)
                [!provide]                        PROVIDE (edata = ABSOLUTE (.))
                0x0000000000003134                PROVIDE (__ram_rwdata_end = ABSOLUTE (.))
                0x0000000000003134                PROVIDE (__flash_rwdata_start = LOADADDR (.rwdata))

.bss            0x000000000000315c      0x164
                0x000000000000315c                __bss_start = ABSOLUTE (.)
                [!provide]                        PROVIDE (__sbss_start = ABSOLUTE (.))
                [!provide]                        PROVIDE (___sbss_start = ABSOLUTE (.))
 *(.dynsbss)
 *(.sbss .sbss.* .gnu.linkonce.sb.*)
 .sbss          0x000000000000315c       0x50 obj/default/hello_world_small.o
                0x000000000000315c                uartValuePtr
                0x0000000000003160                uartCounterPtr
                0x0000000000003164                uartHour1Ptr
                0x0000000000003168                uartHour0Ptr
                0x000000000000316c                uartMin1Ptr
                0x0000000000003170                uartMin0Ptr
                0x0000000000003174                uartSeg1Ptr
                0x0000000000003178                uartSeg0Ptr
                0x000000000000317c                blinkPtr
                0x0000000000003180                alarmHourPtr
                0x0000000000003184                alarmMinPtr
                0x0000000000003188                alarmSegPtr
                0x000000000000318c                configPtr
                0x0000000000003190                hourPtr
                0x0000000000003194                minPtr
                0x0000000000003198                segPtr
                0x000000000000319c                modePtr
                0x00000000000031a0                btSelEdgeCapture
                0x00000000000031a4                btIncEdgeCapture
                0x00000000000031a8                btModeEdgeCapture
 .sbss          0x00000000000031ac        0x4 c:/Users/leahy/Documents/TEC/II-SEM-2021/SistemasEmbebidos/Proyecto-2-Embebidos/cpu/software/alarm_bsp/\libhal_bsp.a(alt_irq_vars.o)
                0x00000000000031ac                alt_irq_active
 .sbss          0x00000000000031b0        0xc c:/Users/leahy/Documents/TEC/II-SEM-2021/SistemasEmbebidos/Proyecto-2-Embebidos/cpu/software/alarm_bsp/\libhal_bsp.a(alt_main.o)
                0x00000000000031b0                alt_envp
                0x00000000000031b4                alt_argv
                0x00000000000031b8                alt_argc
 .sbss          0x00000000000031bc        0x4 c:/Users/leahy/Documents/TEC/II-SEM-2021/SistemasEmbebidos/Proyecto-2-Embebidos/cpu/software/alarm_bsp/\libhal_bsp.a(alt_instruction_exception_entry.o)
                0x00000000000031bc                alt_instruction_exception_handler
 *(.sbss2 .sbss2.* .gnu.linkonce.sb2.*)
 *(.scommon)
                [!provide]                        PROVIDE (__sbss_end = ABSOLUTE (.))
                [!provide]                        PROVIDE (___sbss_end = ABSOLUTE (.))
 *(.dynbss)
 *(.bss .bss.* .gnu.linkonce.b.*)
 .bss           0x00000000000031c0        0x0 c:/Users/leahy/Documents/TEC/II-SEM-2021/SistemasEmbebidos/Proyecto-2-Embebidos/cpu/software/alarm_bsp//obj/HAL/src/crt0.o
 .bss           0x00000000000031c0        0x0 obj/default/hello_world_small.o
 .bss           0x00000000000031c0        0x0 c:/intelfpga_lite/20.1/nios2eds/bin/gnu/h-x86_64-mingw32/bin/../lib/gcc/nios2-elf/10.1.1/mno-hw-mul\libgcc.a(lib2-divmod.o)
 .bss           0x00000000000031c0        0x0 c:/Users/leahy/Documents/TEC/II-SEM-2021/SistemasEmbebidos/Proyecto-2-Embebidos/cpu/software/alarm_bsp/\libhal_bsp.a(alt_iic.o)
 .bss           0x00000000000031c0        0x0 c:/Users/leahy/Documents/TEC/II-SEM-2021/SistemasEmbebidos/Proyecto-2-Embebidos/cpu/software/alarm_bsp/\libhal_bsp.a(alt_iic_isr_register.o)
 .bss           0x00000000000031c0        0x0 c:/Users/leahy/Documents/TEC/II-SEM-2021/SistemasEmbebidos/Proyecto-2-Embebidos/cpu/software/alarm_bsp/\libhal_bsp.a(alt_irq_entry.o)
 .bss           0x00000000000031c0      0x100 c:/Users/leahy/Documents/TEC/II-SEM-2021/SistemasEmbebidos/Proyecto-2-Embebidos/cpu/software/alarm_bsp/\libhal_bsp.a(alt_irq_handler.o)
                0x00000000000031c0                alt_irq
 .bss           0x00000000000032c0        0x0 c:/Users/leahy/Documents/TEC/II-SEM-2021/SistemasEmbebidos/Proyecto-2-Embebidos/cpu/software/alarm_bsp/\libhal_bsp.a(alt_irq_register.o)
 .bss           0x00000000000032c0        0x0 c:/Users/leahy/Documents/TEC/II-SEM-2021/SistemasEmbebidos/Proyecto-2-Embebidos/cpu/software/alarm_bsp/\libhal_bsp.a(alt_irq_vars.o)
 .bss           0x00000000000032c0        0x0 c:/Users/leahy/Documents/TEC/II-SEM-2021/SistemasEmbebidos/Proyecto-2-Embebidos/cpu/software/alarm_bsp/\libhal_bsp.a(alt_load.o)
 .bss           0x00000000000032c0        0x0 c:/Users/leahy/Documents/TEC/II-SEM-2021/SistemasEmbebidos/Proyecto-2-Embebidos/cpu/software/alarm_bsp/\libhal_bsp.a(alt_main.o)
 .bss           0x00000000000032c0        0x0 c:/Users/leahy/Documents/TEC/II-SEM-2021/SistemasEmbebidos/Proyecto-2-Embebidos/cpu/software/alarm_bsp/\libhal_bsp.a(alt_sys_init.o)
 .bss           0x00000000000032c0        0x0 c:/Users/leahy/Documents/TEC/II-SEM-2021/SistemasEmbebidos/Proyecto-2-Embebidos/cpu/software/alarm_bsp/\libhal_bsp.a(alt_dcache_flush_all.o)
 .bss           0x00000000000032c0        0x0 c:/Users/leahy/Documents/TEC/II-SEM-2021/SistemasEmbebidos/Proyecto-2-Embebidos/cpu/software/alarm_bsp/\libhal_bsp.a(alt_exception_entry.o)
 .bss           0x00000000000032c0        0x0 c:/Users/leahy/Documents/TEC/II-SEM-2021/SistemasEmbebidos/Proyecto-2-Embebidos/cpu/software/alarm_bsp/\libhal_bsp.a(alt_icache_flush_all.o)
 .bss           0x00000000000032c0        0x0 c:/Users/leahy/Documents/TEC/II-SEM-2021/SistemasEmbebidos/Proyecto-2-Embebidos/cpu/software/alarm_bsp/\libhal_bsp.a(alt_instruction_exception_entry.o)
 .bss           0x00000000000032c0        0x0 c:/Users/leahy/Documents/TEC/II-SEM-2021/SistemasEmbebidos/Proyecto-2-Embebidos/cpu/software/alarm_bsp/\libhal_bsp.a(altera_nios2_gen2_irq.o)
 .bss           0x00000000000032c0        0x0 c:/intelfpga_lite/20.1/nios2eds/bin/gnu/h-x86_64-mingw32/bin/../lib/gcc/nios2-elf/10.1.1/../../../../../H-x86_64-mingw32/nios2-elf/lib/mno-hw-mul\libsmallc.a(lib_a-memcpy.o)
 *(COMMON)
                0x00000000000032c0                . = ALIGN (0x4)
                0x00000000000032c0                __bss_end = ABSOLUTE (.)

.RAM            0x00000000000032c0        0x0
                [!provide]                        PROVIDE (_alt_partition_RAM_start = ABSOLUTE (.))
 *(.RAM .RAM. RAM.*)
                0x00000000000032c0                . = ALIGN (0x4)
                [!provide]                        PROVIDE (_alt_partition_RAM_end = ABSOLUTE (.))
                0x00000000000032c0                _end = ABSOLUTE (.)
                0x00000000000032c0                end = ABSOLUTE (.)
                0x00000000000032c0                __alt_stack_base = ABSOLUTE (.)
                [!provide]                        PROVIDE (_alt_partition_RAM_load_addr = LOADADDR (.RAM))

.stab
 *(.stab)

.stabstr
 *(.stabstr)

.stab.excl
 *(.stab.excl)

.stab.exclstr
 *(.stab.exclstr)

.stab.index
 *(.stab.index)

.stab.indexstr
 *(.stab.indexstr)

.comment        0x0000000000000000       0x2d
 *(.comment)
 .comment       0x0000000000000000       0x2d obj/default/hello_world_small.o
                                         0x2e (size before relaxing)
 .comment       0x000000000000002d       0x2e c:/intelfpga_lite/20.1/nios2eds/bin/gnu/h-x86_64-mingw32/bin/../lib/gcc/nios2-elf/10.1.1/mno-hw-mul\libgcc.a(lib2-divmod.o)
 .comment       0x000000000000002d       0x2e c:/Users/leahy/Documents/TEC/II-SEM-2021/SistemasEmbebidos/Proyecto-2-Embebidos/cpu/software/alarm_bsp/\libhal_bsp.a(alt_iic.o)
 .comment       0x000000000000002d       0x2e c:/Users/leahy/Documents/TEC/II-SEM-2021/SistemasEmbebidos/Proyecto-2-Embebidos/cpu/software/alarm_bsp/\libhal_bsp.a(alt_iic_isr_register.o)
 .comment       0x000000000000002d       0x2e c:/Users/leahy/Documents/TEC/II-SEM-2021/SistemasEmbebidos/Proyecto-2-Embebidos/cpu/software/alarm_bsp/\libhal_bsp.a(alt_irq_handler.o)
 .comment       0x000000000000002d       0x2e c:/Users/leahy/Documents/TEC/II-SEM-2021/SistemasEmbebidos/Proyecto-2-Embebidos/cpu/software/alarm_bsp/\libhal_bsp.a(alt_irq_register.o)
 .comment       0x000000000000002d       0x2e c:/Users/leahy/Documents/TEC/II-SEM-2021/SistemasEmbebidos/Proyecto-2-Embebidos/cpu/software/alarm_bsp/\libhal_bsp.a(alt_irq_vars.o)
 .comment       0x000000000000002d       0x2e c:/Users/leahy/Documents/TEC/II-SEM-2021/SistemasEmbebidos/Proyecto-2-Embebidos/cpu/software/alarm_bsp/\libhal_bsp.a(alt_load.o)
 .comment       0x000000000000002d       0x2e c:/Users/leahy/Documents/TEC/II-SEM-2021/SistemasEmbebidos/Proyecto-2-Embebidos/cpu/software/alarm_bsp/\libhal_bsp.a(alt_main.o)
 .comment       0x000000000000002d       0x2e c:/Users/leahy/Documents/TEC/II-SEM-2021/SistemasEmbebidos/Proyecto-2-Embebidos/cpu/software/alarm_bsp/\libhal_bsp.a(alt_sys_init.o)
 .comment       0x000000000000002d       0x2e c:/Users/leahy/Documents/TEC/II-SEM-2021/SistemasEmbebidos/Proyecto-2-Embebidos/cpu/software/alarm_bsp/\libhal_bsp.a(alt_dcache_flush_all.o)
 .comment       0x000000000000002d       0x2e c:/Users/leahy/Documents/TEC/II-SEM-2021/SistemasEmbebidos/Proyecto-2-Embebidos/cpu/software/alarm_bsp/\libhal_bsp.a(alt_icache_flush_all.o)
 .comment       0x000000000000002d       0x2e c:/Users/leahy/Documents/TEC/II-SEM-2021/SistemasEmbebidos/Proyecto-2-Embebidos/cpu/software/alarm_bsp/\libhal_bsp.a(alt_instruction_exception_entry.o)
 .comment       0x000000000000002d       0x2e c:/Users/leahy/Documents/TEC/II-SEM-2021/SistemasEmbebidos/Proyecto-2-Embebidos/cpu/software/alarm_bsp/\libhal_bsp.a(altera_nios2_gen2_irq.o)
 .comment       0x000000000000002d       0x2e c:/intelfpga_lite/20.1/nios2eds/bin/gnu/h-x86_64-mingw32/bin/../lib/gcc/nios2-elf/10.1.1/../../../../../H-x86_64-mingw32/nios2-elf/lib/mno-hw-mul\libsmallc.a(lib_a-memcpy.o)

.debug
 *(.debug)

.line
 *(.line)

.debug_srcinfo
 *(.debug_srcinfo)

.debug_sfnames
 *(.debug_sfnames)

.debug_aranges  0x0000000000000000      0x278
 *(.debug_aranges)
 .debug_aranges
                0x0000000000000000       0x28 c:/Users/leahy/Documents/TEC/II-SEM-2021/SistemasEmbebidos/Proyecto-2-Embebidos/cpu/software/alarm_bsp//obj/HAL/src/crt0.o
 .debug_aranges
                0x0000000000000028       0x28 obj/default/hello_world_small.o
 .debug_aranges
                0x0000000000000050       0x20 c:/intelfpga_lite/20.1/nios2eds/bin/gnu/h-x86_64-mingw32/bin/../lib/gcc/nios2-elf/10.1.1/mno-hw-mul\libgcc.a(lib2-divmod.o)
 .debug_aranges
                0x0000000000000070       0x20 c:/Users/leahy/Documents/TEC/II-SEM-2021/SistemasEmbebidos/Proyecto-2-Embebidos/cpu/software/alarm_bsp/\libhal_bsp.a(alt_iic.o)
 .debug_aranges
                0x0000000000000090       0x20 c:/Users/leahy/Documents/TEC/II-SEM-2021/SistemasEmbebidos/Proyecto-2-Embebidos/cpu/software/alarm_bsp/\libhal_bsp.a(alt_iic_isr_register.o)
 .debug_aranges
                0x00000000000000b0       0x30 c:/Users/leahy/Documents/TEC/II-SEM-2021/SistemasEmbebidos/Proyecto-2-Embebidos/cpu/software/alarm_bsp/\libhal_bsp.a(alt_irq_entry.o)
 .debug_aranges
                0x00000000000000e0       0x20 c:/Users/leahy/Documents/TEC/II-SEM-2021/SistemasEmbebidos/Proyecto-2-Embebidos/cpu/software/alarm_bsp/\libhal_bsp.a(alt_irq_handler.o)
 .debug_aranges
                0x0000000000000100       0x20 c:/Users/leahy/Documents/TEC/II-SEM-2021/SistemasEmbebidos/Proyecto-2-Embebidos/cpu/software/alarm_bsp/\libhal_bsp.a(alt_irq_register.o)
 .debug_aranges
                0x0000000000000120       0x18 c:/Users/leahy/Documents/TEC/II-SEM-2021/SistemasEmbebidos/Proyecto-2-Embebidos/cpu/software/alarm_bsp/\libhal_bsp.a(alt_irq_vars.o)
 .debug_aranges
                0x0000000000000138       0x20 c:/Users/leahy/Documents/TEC/II-SEM-2021/SistemasEmbebidos/Proyecto-2-Embebidos/cpu/software/alarm_bsp/\libhal_bsp.a(alt_load.o)
 .debug_aranges
                0x0000000000000158       0x20 c:/Users/leahy/Documents/TEC/II-SEM-2021/SistemasEmbebidos/Proyecto-2-Embebidos/cpu/software/alarm_bsp/\libhal_bsp.a(alt_main.o)
 .debug_aranges
                0x0000000000000178       0x20 c:/Users/leahy/Documents/TEC/II-SEM-2021/SistemasEmbebidos/Proyecto-2-Embebidos/cpu/software/alarm_bsp/\libhal_bsp.a(alt_sys_init.o)
 .debug_aranges
                0x0000000000000198       0x20 c:/Users/leahy/Documents/TEC/II-SEM-2021/SistemasEmbebidos/Proyecto-2-Embebidos/cpu/software/alarm_bsp/\libhal_bsp.a(alt_dcache_flush_all.o)
 .debug_aranges
                0x00000000000001b8       0x38 c:/Users/leahy/Documents/TEC/II-SEM-2021/SistemasEmbebidos/Proyecto-2-Embebidos/cpu/software/alarm_bsp/\libhal_bsp.a(alt_exception_entry.o)
 .debug_aranges
                0x00000000000001f0       0x20 c:/Users/leahy/Documents/TEC/II-SEM-2021/SistemasEmbebidos/Proyecto-2-Embebidos/cpu/software/alarm_bsp/\libhal_bsp.a(alt_icache_flush_all.o)
 .debug_aranges
                0x0000000000000210       0x28 c:/Users/leahy/Documents/TEC/II-SEM-2021/SistemasEmbebidos/Proyecto-2-Embebidos/cpu/software/alarm_bsp/\libhal_bsp.a(alt_instruction_exception_entry.o)
 .debug_aranges
                0x0000000000000238       0x20 c:/Users/leahy/Documents/TEC/II-SEM-2021/SistemasEmbebidos/Proyecto-2-Embebidos/cpu/software/alarm_bsp/\libhal_bsp.a(altera_nios2_gen2_irq.o)
 .debug_aranges
                0x0000000000000258       0x20 c:/intelfpga_lite/20.1/nios2eds/bin/gnu/h-x86_64-mingw32/bin/../lib/gcc/nios2-elf/10.1.1/../../../../../H-x86_64-mingw32/nios2-elf/lib/mno-hw-mul\libsmallc.a(lib_a-memcpy.o)

.debug_pubnames
 *(.debug_pubnames)

.debug_info     0x0000000000000000     0x1fa3
 *(.debug_info .gnu.linkonce.wi.*)
 .debug_info    0x0000000000000000       0x22 c:/Users/leahy/Documents/TEC/II-SEM-2021/SistemasEmbebidos/Proyecto-2-Embebidos/cpu/software/alarm_bsp//obj/HAL/src/crt0.o
 .debug_info    0x0000000000000022      0x69b obj/default/hello_world_small.o
 .debug_info    0x00000000000006bd      0x368 c:/intelfpga_lite/20.1/nios2eds/bin/gnu/h-x86_64-mingw32/bin/../lib/gcc/nios2-elf/10.1.1/mno-hw-mul\libgcc.a(lib2-divmod.o)
 .debug_info    0x0000000000000a25      0x3db c:/Users/leahy/Documents/TEC/II-SEM-2021/SistemasEmbebidos/Proyecto-2-Embebidos/cpu/software/alarm_bsp/\libhal_bsp.a(alt_iic.o)
 .debug_info    0x0000000000000e00      0x273 c:/Users/leahy/Documents/TEC/II-SEM-2021/SistemasEmbebidos/Proyecto-2-Embebidos/cpu/software/alarm_bsp/\libhal_bsp.a(alt_iic_isr_register.o)
 .debug_info    0x0000000000001073       0x22 c:/Users/leahy/Documents/TEC/II-SEM-2021/SistemasEmbebidos/Proyecto-2-Embebidos/cpu/software/alarm_bsp/\libhal_bsp.a(alt_irq_entry.o)
 .debug_info    0x0000000000001095      0x19a c:/Users/leahy/Documents/TEC/II-SEM-2021/SistemasEmbebidos/Proyecto-2-Embebidos/cpu/software/alarm_bsp/\libhal_bsp.a(alt_irq_handler.o)
 .debug_info    0x000000000000122f      0x332 c:/Users/leahy/Documents/TEC/II-SEM-2021/SistemasEmbebidos/Proyecto-2-Embebidos/cpu/software/alarm_bsp/\libhal_bsp.a(alt_irq_register.o)
 .debug_info    0x0000000000001561       0x8b c:/Users/leahy/Documents/TEC/II-SEM-2021/SistemasEmbebidos/Proyecto-2-Embebidos/cpu/software/alarm_bsp/\libhal_bsp.a(alt_irq_vars.o)
 .debug_info    0x00000000000015ec      0x267 c:/Users/leahy/Documents/TEC/II-SEM-2021/SistemasEmbebidos/Proyecto-2-Embebidos/cpu/software/alarm_bsp/\libhal_bsp.a(alt_load.o)
 .debug_info    0x0000000000001853      0x129 c:/Users/leahy/Documents/TEC/II-SEM-2021/SistemasEmbebidos/Proyecto-2-Embebidos/cpu/software/alarm_bsp/\libhal_bsp.a(alt_main.o)
 .debug_info    0x000000000000197c      0x12a c:/Users/leahy/Documents/TEC/II-SEM-2021/SistemasEmbebidos/Proyecto-2-Embebidos/cpu/software/alarm_bsp/\libhal_bsp.a(alt_sys_init.o)
 .debug_info    0x0000000000001aa6       0x8c c:/Users/leahy/Documents/TEC/II-SEM-2021/SistemasEmbebidos/Proyecto-2-Embebidos/cpu/software/alarm_bsp/\libhal_bsp.a(alt_dcache_flush_all.o)
 .debug_info    0x0000000000001b32       0x22 c:/Users/leahy/Documents/TEC/II-SEM-2021/SistemasEmbebidos/Proyecto-2-Embebidos/cpu/software/alarm_bsp/\libhal_bsp.a(alt_exception_entry.o)
 .debug_info    0x0000000000001b54       0x8c c:/Users/leahy/Documents/TEC/II-SEM-2021/SistemasEmbebidos/Proyecto-2-Embebidos/cpu/software/alarm_bsp/\libhal_bsp.a(alt_icache_flush_all.o)
 .debug_info    0x0000000000001be0      0x20f c:/Users/leahy/Documents/TEC/II-SEM-2021/SistemasEmbebidos/Proyecto-2-Embebidos/cpu/software/alarm_bsp/\libhal_bsp.a(alt_instruction_exception_entry.o)
 .debug_info    0x0000000000001def       0x8c c:/Users/leahy/Documents/TEC/II-SEM-2021/SistemasEmbebidos/Proyecto-2-Embebidos/cpu/software/alarm_bsp/\libhal_bsp.a(altera_nios2_gen2_irq.o)
 .debug_info    0x0000000000001e7b      0x128 c:/intelfpga_lite/20.1/nios2eds/bin/gnu/h-x86_64-mingw32/bin/../lib/gcc/nios2-elf/10.1.1/../../../../../H-x86_64-mingw32/nios2-elf/lib/mno-hw-mul\libsmallc.a(lib_a-memcpy.o)

.debug_abbrev   0x0000000000000000      0xfc1
 *(.debug_abbrev)
 .debug_abbrev  0x0000000000000000       0x12 c:/Users/leahy/Documents/TEC/II-SEM-2021/SistemasEmbebidos/Proyecto-2-Embebidos/cpu/software/alarm_bsp//obj/HAL/src/crt0.o
 .debug_abbrev  0x0000000000000012      0x1e3 obj/default/hello_world_small.o
 .debug_abbrev  0x00000000000001f5      0x103 c:/intelfpga_lite/20.1/nios2eds/bin/gnu/h-x86_64-mingw32/bin/../lib/gcc/nios2-elf/10.1.1/mno-hw-mul\libgcc.a(lib2-divmod.o)
 .debug_abbrev  0x00000000000002f8      0x1c0 c:/Users/leahy/Documents/TEC/II-SEM-2021/SistemasEmbebidos/Proyecto-2-Embebidos/cpu/software/alarm_bsp/\libhal_bsp.a(alt_iic.o)
 .debug_abbrev  0x00000000000004b8      0x1d8 c:/Users/leahy/Documents/TEC/II-SEM-2021/SistemasEmbebidos/Proyecto-2-Embebidos/cpu/software/alarm_bsp/\libhal_bsp.a(alt_iic_isr_register.o)
 .debug_abbrev  0x0000000000000690       0x12 c:/Users/leahy/Documents/TEC/II-SEM-2021/SistemasEmbebidos/Proyecto-2-Embebidos/cpu/software/alarm_bsp/\libhal_bsp.a(alt_irq_entry.o)
 .debug_abbrev  0x00000000000006a2      0x145 c:/Users/leahy/Documents/TEC/II-SEM-2021/SistemasEmbebidos/Proyecto-2-Embebidos/cpu/software/alarm_bsp/\libhal_bsp.a(alt_irq_handler.o)
 .debug_abbrev  0x00000000000007e7      0x1fa c:/Users/leahy/Documents/TEC/II-SEM-2021/SistemasEmbebidos/Proyecto-2-Embebidos/cpu/software/alarm_bsp/\libhal_bsp.a(alt_irq_register.o)
 .debug_abbrev  0x00000000000009e1       0x44 c:/Users/leahy/Documents/TEC/II-SEM-2021/SistemasEmbebidos/Proyecto-2-Embebidos/cpu/software/alarm_bsp/\libhal_bsp.a(alt_irq_vars.o)
 .debug_abbrev  0x0000000000000a25      0x125 c:/Users/leahy/Documents/TEC/II-SEM-2021/SistemasEmbebidos/Proyecto-2-Embebidos/cpu/software/alarm_bsp/\libhal_bsp.a(alt_load.o)
 .debug_abbrev  0x0000000000000b4a       0xba c:/Users/leahy/Documents/TEC/II-SEM-2021/SistemasEmbebidos/Proyecto-2-Embebidos/cpu/software/alarm_bsp/\libhal_bsp.a(alt_main.o)
 .debug_abbrev  0x0000000000000c04      0x10b c:/Users/leahy/Documents/TEC/II-SEM-2021/SistemasEmbebidos/Proyecto-2-Embebidos/cpu/software/alarm_bsp/\libhal_bsp.a(alt_sys_init.o)
 .debug_abbrev  0x0000000000000d0f       0x44 c:/Users/leahy/Documents/TEC/II-SEM-2021/SistemasEmbebidos/Proyecto-2-Embebidos/cpu/software/alarm_bsp/\libhal_bsp.a(alt_dcache_flush_all.o)
 .debug_abbrev  0x0000000000000d53       0x12 c:/Users/leahy/Documents/TEC/II-SEM-2021/SistemasEmbebidos/Proyecto-2-Embebidos/cpu/software/alarm_bsp/\libhal_bsp.a(alt_exception_entry.o)
 .debug_abbrev  0x0000000000000d65       0x44 c:/Users/leahy/Documents/TEC/II-SEM-2021/SistemasEmbebidos/Proyecto-2-Embebidos/cpu/software/alarm_bsp/\libhal_bsp.a(alt_icache_flush_all.o)
 .debug_abbrev  0x0000000000000da9      0x116 c:/Users/leahy/Documents/TEC/II-SEM-2021/SistemasEmbebidos/Proyecto-2-Embebidos/cpu/software/alarm_bsp/\libhal_bsp.a(alt_instruction_exception_entry.o)
 .debug_abbrev  0x0000000000000ebf       0x44 c:/Users/leahy/Documents/TEC/II-SEM-2021/SistemasEmbebidos/Proyecto-2-Embebidos/cpu/software/alarm_bsp/\libhal_bsp.a(altera_nios2_gen2_irq.o)
 .debug_abbrev  0x0000000000000f03       0xbe c:/intelfpga_lite/20.1/nios2eds/bin/gnu/h-x86_64-mingw32/bin/../lib/gcc/nios2-elf/10.1.1/../../../../../H-x86_64-mingw32/nios2-elf/lib/mno-hw-mul\libsmallc.a(lib_a-memcpy.o)

.debug_line     0x0000000000000000     0x1970
 *(.debug_line)
 .debug_line    0x0000000000000000       0x66 c:/Users/leahy/Documents/TEC/II-SEM-2021/SistemasEmbebidos/Proyecto-2-Embebidos/cpu/software/alarm_bsp//obj/HAL/src/crt0.o
 .debug_line    0x0000000000000066      0x89f obj/default/hello_world_small.o
 .debug_line    0x0000000000000905      0x306 c:/intelfpga_lite/20.1/nios2eds/bin/gnu/h-x86_64-mingw32/bin/../lib/gcc/nios2-elf/10.1.1/mno-hw-mul\libgcc.a(lib2-divmod.o)
 .debug_line    0x0000000000000c0b      0x19b c:/Users/leahy/Documents/TEC/II-SEM-2021/SistemasEmbebidos/Proyecto-2-Embebidos/cpu/software/alarm_bsp/\libhal_bsp.a(alt_iic.o)
 .debug_line    0x0000000000000da6      0x155 c:/Users/leahy/Documents/TEC/II-SEM-2021/SistemasEmbebidos/Proyecto-2-Embebidos/cpu/software/alarm_bsp/\libhal_bsp.a(alt_iic_isr_register.o)
 .debug_line    0x0000000000000efb       0x6b c:/Users/leahy/Documents/TEC/II-SEM-2021/SistemasEmbebidos/Proyecto-2-Embebidos/cpu/software/alarm_bsp/\libhal_bsp.a(alt_irq_entry.o)
 .debug_line    0x0000000000000f66      0x123 c:/Users/leahy/Documents/TEC/II-SEM-2021/SistemasEmbebidos/Proyecto-2-Embebidos/cpu/software/alarm_bsp/\libhal_bsp.a(alt_irq_handler.o)
 .debug_line    0x0000000000001089      0x1b1 c:/Users/leahy/Documents/TEC/II-SEM-2021/SistemasEmbebidos/Proyecto-2-Embebidos/cpu/software/alarm_bsp/\libhal_bsp.a(alt_irq_register.o)
 .debug_line    0x000000000000123a       0x50 c:/Users/leahy/Documents/TEC/II-SEM-2021/SistemasEmbebidos/Proyecto-2-Embebidos/cpu/software/alarm_bsp/\libhal_bsp.a(alt_irq_vars.o)
 .debug_line    0x000000000000128a      0x101 c:/Users/leahy/Documents/TEC/II-SEM-2021/SistemasEmbebidos/Proyecto-2-Embebidos/cpu/software/alarm_bsp/\libhal_bsp.a(alt_load.o)
 .debug_line    0x000000000000138b       0xe0 c:/Users/leahy/Documents/TEC/II-SEM-2021/SistemasEmbebidos/Proyecto-2-Embebidos/cpu/software/alarm_bsp/\libhal_bsp.a(alt_main.o)
 .debug_line    0x000000000000146b       0xd9 c:/Users/leahy/Documents/TEC/II-SEM-2021/SistemasEmbebidos/Proyecto-2-Embebidos/cpu/software/alarm_bsp/\libhal_bsp.a(alt_sys_init.o)
 .debug_line    0x0000000000001544       0x53 c:/Users/leahy/Documents/TEC/II-SEM-2021/SistemasEmbebidos/Proyecto-2-Embebidos/cpu/software/alarm_bsp/\libhal_bsp.a(alt_dcache_flush_all.o)
 .debug_line    0x0000000000001597       0xb3 c:/Users/leahy/Documents/TEC/II-SEM-2021/SistemasEmbebidos/Proyecto-2-Embebidos/cpu/software/alarm_bsp/\libhal_bsp.a(alt_exception_entry.o)
 .debug_line    0x000000000000164a       0x51 c:/Users/leahy/Documents/TEC/II-SEM-2021/SistemasEmbebidos/Proyecto-2-Embebidos/cpu/software/alarm_bsp/\libhal_bsp.a(alt_icache_flush_all.o)
 .debug_line    0x000000000000169b       0xee c:/Users/leahy/Documents/TEC/II-SEM-2021/SistemasEmbebidos/Proyecto-2-Embebidos/cpu/software/alarm_bsp/\libhal_bsp.a(alt_instruction_exception_entry.o)
 .debug_line    0x0000000000001789       0x5a c:/Users/leahy/Documents/TEC/II-SEM-2021/SistemasEmbebidos/Proyecto-2-Embebidos/cpu/software/alarm_bsp/\libhal_bsp.a(altera_nios2_gen2_irq.o)
 .debug_line    0x00000000000017e3      0x18d c:/intelfpga_lite/20.1/nios2eds/bin/gnu/h-x86_64-mingw32/bin/../lib/gcc/nios2-elf/10.1.1/../../../../../H-x86_64-mingw32/nios2-elf/lib/mno-hw-mul\libsmallc.a(lib_a-memcpy.o)

.debug_frame    0x0000000000000000      0x398
 *(.debug_frame)
 .debug_frame   0x0000000000000000      0x128 obj/default/hello_world_small.o
 .debug_frame   0x0000000000000128       0x50 c:/intelfpga_lite/20.1/nios2eds/bin/gnu/h-x86_64-mingw32/bin/../lib/gcc/nios2-elf/10.1.1/mno-hw-mul\libgcc.a(lib2-divmod.o)
 .debug_frame   0x0000000000000178       0x50 c:/Users/leahy/Documents/TEC/II-SEM-2021/SistemasEmbebidos/Proyecto-2-Embebidos/cpu/software/alarm_bsp/\libhal_bsp.a(alt_iic.o)
 .debug_frame   0x00000000000001c8       0x38 c:/Users/leahy/Documents/TEC/II-SEM-2021/SistemasEmbebidos/Proyecto-2-Embebidos/cpu/software/alarm_bsp/\libhal_bsp.a(alt_iic_isr_register.o)
 .debug_frame   0x0000000000000200       0x34 c:/Users/leahy/Documents/TEC/II-SEM-2021/SistemasEmbebidos/Proyecto-2-Embebidos/cpu/software/alarm_bsp/\libhal_bsp.a(alt_irq_handler.o)
 .debug_frame   0x0000000000000234       0x20 c:/Users/leahy/Documents/TEC/II-SEM-2021/SistemasEmbebidos/Proyecto-2-Embebidos/cpu/software/alarm_bsp/\libhal_bsp.a(alt_irq_register.o)
 .debug_frame   0x0000000000000254       0x2c c:/Users/leahy/Documents/TEC/II-SEM-2021/SistemasEmbebidos/Proyecto-2-Embebidos/cpu/software/alarm_bsp/\libhal_bsp.a(alt_load.o)
 .debug_frame   0x0000000000000280       0x2c c:/Users/leahy/Documents/TEC/II-SEM-2021/SistemasEmbebidos/Proyecto-2-Embebidos/cpu/software/alarm_bsp/\libhal_bsp.a(alt_main.o)
 .debug_frame   0x00000000000002ac       0x3c c:/Users/leahy/Documents/TEC/II-SEM-2021/SistemasEmbebidos/Proyecto-2-Embebidos/cpu/software/alarm_bsp/\libhal_bsp.a(alt_sys_init.o)
 .debug_frame   0x00000000000002e8       0x20 c:/Users/leahy/Documents/TEC/II-SEM-2021/SistemasEmbebidos/Proyecto-2-Embebidos/cpu/software/alarm_bsp/\libhal_bsp.a(alt_dcache_flush_all.o)
 .debug_frame   0x0000000000000308       0x20 c:/Users/leahy/Documents/TEC/II-SEM-2021/SistemasEmbebidos/Proyecto-2-Embebidos/cpu/software/alarm_bsp/\libhal_bsp.a(alt_icache_flush_all.o)
 .debug_frame   0x0000000000000328       0x30 c:/Users/leahy/Documents/TEC/II-SEM-2021/SistemasEmbebidos/Proyecto-2-Embebidos/cpu/software/alarm_bsp/\libhal_bsp.a(alt_instruction_exception_entry.o)
 .debug_frame   0x0000000000000358       0x20 c:/Users/leahy/Documents/TEC/II-SEM-2021/SistemasEmbebidos/Proyecto-2-Embebidos/cpu/software/alarm_bsp/\libhal_bsp.a(altera_nios2_gen2_irq.o)
 .debug_frame   0x0000000000000378       0x20 c:/intelfpga_lite/20.1/nios2eds/bin/gnu/h-x86_64-mingw32/bin/../lib/gcc/nios2-elf/10.1.1/../../../../../H-x86_64-mingw32/nios2-elf/lib/mno-hw-mul\libsmallc.a(lib_a-memcpy.o)

.debug_str      0x0000000000000000      0xf9d
 *(.debug_str)
 .debug_str     0x0000000000000000       0x85 c:/Users/leahy/Documents/TEC/II-SEM-2021/SistemasEmbebidos/Proyecto-2-Embebidos/cpu/software/alarm_bsp//obj/HAL/src/crt0.o
 .debug_str     0x0000000000000085      0x387 obj/default/hello_world_small.o
                                        0x3c5 (size before relaxing)
 .debug_str     0x000000000000040c      0x181 c:/intelfpga_lite/20.1/nios2eds/bin/gnu/h-x86_64-mingw32/bin/../lib/gcc/nios2-elf/10.1.1/mno-hw-mul\libgcc.a(lib2-divmod.o)
                                        0x1e0 (size before relaxing)
 .debug_str     0x000000000000058d       0xe6 c:/Users/leahy/Documents/TEC/II-SEM-2021/SistemasEmbebidos/Proyecto-2-Embebidos/cpu/software/alarm_bsp/\libhal_bsp.a(alt_iic.o)
                                        0x26f (size before relaxing)
 .debug_str     0x0000000000000673       0x37 c:/Users/leahy/Documents/TEC/II-SEM-2021/SistemasEmbebidos/Proyecto-2-Embebidos/cpu/software/alarm_bsp/\libhal_bsp.a(alt_iic_isr_register.o)
                                        0x23b (size before relaxing)
 .debug_str     0x00000000000006aa       0x18 c:/Users/leahy/Documents/TEC/II-SEM-2021/SistemasEmbebidos/Proyecto-2-Embebidos/cpu/software/alarm_bsp/\libhal_bsp.a(alt_irq_entry.o)
                                         0x8e (size before relaxing)
 .debug_str     0x00000000000006c2       0x3a c:/Users/leahy/Documents/TEC/II-SEM-2021/SistemasEmbebidos/Proyecto-2-Embebidos/cpu/software/alarm_bsp/\libhal_bsp.a(alt_irq_handler.o)
                                        0x1c5 (size before relaxing)
 .debug_str     0x00000000000006fc       0x1b c:/Users/leahy/Documents/TEC/II-SEM-2021/SistemasEmbebidos/Proyecto-2-Embebidos/cpu/software/alarm_bsp/\libhal_bsp.a(alt_irq_register.o)
                                        0x224 (size before relaxing)
 .debug_str     0x0000000000000717       0x29 c:/Users/leahy/Documents/TEC/II-SEM-2021/SistemasEmbebidos/Proyecto-2-Embebidos/cpu/software/alarm_bsp/\libhal_bsp.a(alt_irq_vars.o)
                                        0x171 (size before relaxing)
 .debug_str     0x0000000000000740      0x124 c:/Users/leahy/Documents/TEC/II-SEM-2021/SistemasEmbebidos/Proyecto-2-Embebidos/cpu/software/alarm_bsp/\libhal_bsp.a(alt_load.o)
                                        0x282 (size before relaxing)
 .debug_str     0x0000000000000864       0x5e c:/Users/leahy/Documents/TEC/II-SEM-2021/SistemasEmbebidos/Proyecto-2-Embebidos/cpu/software/alarm_bsp/\libhal_bsp.a(alt_main.o)
                                        0x1b2 (size before relaxing)
 .debug_str     0x00000000000008c2       0x86 c:/Users/leahy/Documents/TEC/II-SEM-2021/SistemasEmbebidos/Proyecto-2-Embebidos/cpu/software/alarm_bsp/\libhal_bsp.a(alt_sys_init.o)
                                        0x1ef (size before relaxing)
 .debug_str     0x0000000000000948       0x1f c:/Users/leahy/Documents/TEC/II-SEM-2021/SistemasEmbebidos/Proyecto-2-Embebidos/cpu/software/alarm_bsp/\libhal_bsp.a(alt_dcache_flush_all.o)
                                        0x183 (size before relaxing)
 .debug_str     0x0000000000000967       0x1e c:/Users/leahy/Documents/TEC/II-SEM-2021/SistemasEmbebidos/Proyecto-2-Embebidos/cpu/software/alarm_bsp/\libhal_bsp.a(alt_exception_entry.o)
                                         0x94 (size before relaxing)
 .debug_str     0x0000000000000985       0x1f c:/Users/leahy/Documents/TEC/II-SEM-2021/SistemasEmbebidos/Proyecto-2-Embebidos/cpu/software/alarm_bsp/\libhal_bsp.a(alt_icache_flush_all.o)
                                        0x183 (size before relaxing)
 .debug_str     0x00000000000009a4      0x48b c:/Users/leahy/Documents/TEC/II-SEM-2021/SistemasEmbebidos/Proyecto-2-Embebidos/cpu/software/alarm_bsp/\libhal_bsp.a(alt_instruction_exception_entry.o)
                                        0x5d7 (size before relaxing)
 .debug_str     0x0000000000000e2f       0x20 c:/Users/leahy/Documents/TEC/II-SEM-2021/SistemasEmbebidos/Proyecto-2-Embebidos/cpu/software/alarm_bsp/\libhal_bsp.a(altera_nios2_gen2_irq.o)
                                        0x18a (size before relaxing)
 .debug_str     0x0000000000000e4f      0x14e c:/intelfpga_lite/20.1/nios2eds/bin/gnu/h-x86_64-mingw32/bin/../lib/gcc/nios2-elf/10.1.1/../../../../../H-x86_64-mingw32/nios2-elf/lib/mno-hw-mul\libsmallc.a(lib_a-memcpy.o)
                                        0x1ea (size before relaxing)

.debug_loc      0x0000000000000000      0xde2
 *(.debug_loc)
 .debug_loc     0x0000000000000000       0x25 obj/default/hello_world_small.o
 .debug_loc     0x0000000000000025      0x5d0 c:/intelfpga_lite/20.1/nios2eds/bin/gnu/h-x86_64-mingw32/bin/../lib/gcc/nios2-elf/10.1.1/mno-hw-mul\libgcc.a(lib2-divmod.o)
 .debug_loc     0x00000000000005f5      0x205 c:/Users/leahy/Documents/TEC/II-SEM-2021/SistemasEmbebidos/Proyecto-2-Embebidos/cpu/software/alarm_bsp/\libhal_bsp.a(alt_iic.o)
 .debug_loc     0x00000000000007fa      0x23c c:/Users/leahy/Documents/TEC/II-SEM-2021/SistemasEmbebidos/Proyecto-2-Embebidos/cpu/software/alarm_bsp/\libhal_bsp.a(alt_iic_isr_register.o)
 .debug_loc     0x0000000000000a36       0xac c:/Users/leahy/Documents/TEC/II-SEM-2021/SistemasEmbebidos/Proyecto-2-Embebidos/cpu/software/alarm_bsp/\libhal_bsp.a(alt_irq_handler.o)
 .debug_loc     0x0000000000000ae2      0x13e c:/Users/leahy/Documents/TEC/II-SEM-2021/SistemasEmbebidos/Proyecto-2-Embebidos/cpu/software/alarm_bsp/\libhal_bsp.a(alt_irq_register.o)
 .debug_loc     0x0000000000000c20       0x25 c:/Users/leahy/Documents/TEC/II-SEM-2021/SistemasEmbebidos/Proyecto-2-Embebidos/cpu/software/alarm_bsp/\libhal_bsp.a(alt_sys_init.o)
 .debug_loc     0x0000000000000c45       0x73 c:/Users/leahy/Documents/TEC/II-SEM-2021/SistemasEmbebidos/Proyecto-2-Embebidos/cpu/software/alarm_bsp/\libhal_bsp.a(alt_instruction_exception_entry.o)
 .debug_loc     0x0000000000000cb8      0x12a c:/intelfpga_lite/20.1/nios2eds/bin/gnu/h-x86_64-mingw32/bin/../lib/gcc/nios2-elf/10.1.1/../../../../../H-x86_64-mingw32/nios2-elf/lib/mno-hw-mul\libsmallc.a(lib_a-memcpy.o)

.debug_macinfo
 *(.debug_macinfo)

.debug_weaknames
 *(.debug_weaknames)

.debug_funcnames
 *(.debug_funcnames)

.debug_typenames
 *(.debug_typenames)

.debug_varnames
 *(.debug_varnames)

.debug_alt_sim_info
                0x0000000000000000       0x10
 *(.debug_alt_sim_info)
 .debug_alt_sim_info
                0x0000000000000000       0x10 c:/Users/leahy/Documents/TEC/II-SEM-2021/SistemasEmbebidos/Proyecto-2-Embebidos/cpu/software/alarm_bsp//obj/HAL/src/crt0.o
                0x0000000000003400                __alt_data_end = 0x3400
                0x0000000000003400                PROVIDE (__alt_stack_pointer = __alt_data_end)
                [!provide]                        PROVIDE (__alt_stack_limit = __alt_stack_base)
                [!provide]                        PROVIDE (__alt_heap_start = end)
                [!provide]                        PROVIDE (__alt_heap_limit = 0x3400)
OUTPUT(alarm.elf elf32-littlenios2)
LOAD linker stubs

.debug_ranges   0x0000000000000000      0x1f8
 .debug_ranges  0x0000000000000000       0x20 c:/Users/leahy/Documents/TEC/II-SEM-2021/SistemasEmbebidos/Proyecto-2-Embebidos/cpu/software/alarm_bsp//obj/HAL/src/crt0.o
 .debug_ranges  0x0000000000000020       0x30 obj/default/hello_world_small.o
 .debug_ranges  0x0000000000000050       0x70 c:/intelfpga_lite/20.1/nios2eds/bin/gnu/h-x86_64-mingw32/bin/../lib/gcc/nios2-elf/10.1.1/mno-hw-mul\libgcc.a(lib2-divmod.o)
 .debug_ranges  0x00000000000000c0       0x18 c:/Users/leahy/Documents/TEC/II-SEM-2021/SistemasEmbebidos/Proyecto-2-Embebidos/cpu/software/alarm_bsp/\libhal_bsp.a(alt_iic_isr_register.o)
 .debug_ranges  0x00000000000000d8       0x28 c:/Users/leahy/Documents/TEC/II-SEM-2021/SistemasEmbebidos/Proyecto-2-Embebidos/cpu/software/alarm_bsp/\libhal_bsp.a(alt_irq_entry.o)
 .debug_ranges  0x0000000000000100       0x28 c:/Users/leahy/Documents/TEC/II-SEM-2021/SistemasEmbebidos/Proyecto-2-Embebidos/cpu/software/alarm_bsp/\libhal_bsp.a(alt_irq_handler.o)
 .debug_ranges  0x0000000000000128       0x48 c:/Users/leahy/Documents/TEC/II-SEM-2021/SistemasEmbebidos/Proyecto-2-Embebidos/cpu/software/alarm_bsp/\libhal_bsp.a(alt_irq_register.o)
 .debug_ranges  0x0000000000000170       0x30 c:/Users/leahy/Documents/TEC/II-SEM-2021/SistemasEmbebidos/Proyecto-2-Embebidos/cpu/software/alarm_bsp/\libhal_bsp.a(alt_load.o)
 .debug_ranges  0x00000000000001a0       0x30 c:/Users/leahy/Documents/TEC/II-SEM-2021/SistemasEmbebidos/Proyecto-2-Embebidos/cpu/software/alarm_bsp/\libhal_bsp.a(alt_exception_entry.o)
 .debug_ranges  0x00000000000001d0       0x18 c:/Users/leahy/Documents/TEC/II-SEM-2021/SistemasEmbebidos/Proyecto-2-Embebidos/cpu/software/alarm_bsp/\libhal_bsp.a(alt_instruction_exception_entry.o)
 .debug_ranges  0x00000000000001e8       0x10 c:/intelfpga_lite/20.1/nios2eds/bin/gnu/h-x86_64-mingw32/bin/../lib/gcc/nios2-elf/10.1.1/../../../../../H-x86_64-mingw32/nios2-elf/lib/mno-hw-mul\libsmallc.a(lib_a-memcpy.o)
